Archive member included to satisfy reference by file (symbol)

/opt/arm-gnu-toolchain-12.2.rel1-x86_64-arm-none-eabi/bin/../lib/gcc/arm-none-eabi/12.2.1/../../../../arm-none-eabi/lib/thumb/v7e-m+fp/hard/libc_nano.a(libc_a-exit.o)
                              /opt/arm-gnu-toolchain-12.2.rel1-x86_64-arm-none-eabi/bin/../lib/gcc/arm-none-eabi/12.2.1/../../../../arm-none-eabi/lib/thumb/v7e-m+fp/hard/crt0.o (exit)
/opt/arm-gnu-toolchain-12.2.rel1-x86_64-arm-none-eabi/bin/../lib/gcc/arm-none-eabi/12.2.1/../../../../arm-none-eabi/lib/thumb/v7e-m+fp/hard/libc_nano.a(libc_a-init.o)
                              /opt/arm-gnu-toolchain-12.2.rel1-x86_64-arm-none-eabi/bin/../lib/gcc/arm-none-eabi/12.2.1/../../../../arm-none-eabi/lib/thumb/v7e-m+fp/hard/crt0.o (__libc_init_array)
/opt/arm-gnu-toolchain-12.2.rel1-x86_64-arm-none-eabi/bin/../lib/gcc/arm-none-eabi/12.2.1/../../../../arm-none-eabi/lib/thumb/v7e-m+fp/hard/libc_nano.a(libc_a-findfp.o)
                              /opt/arm-gnu-toolchain-12.2.rel1-x86_64-arm-none-eabi/bin/../lib/gcc/arm-none-eabi/12.2.1/../../../../arm-none-eabi/lib/thumb/v7e-m+fp/hard/libc_nano.a(libc_a-exit.o) (__stdio_exit_handler)
/opt/arm-gnu-toolchain-12.2.rel1-x86_64-arm-none-eabi/bin/../lib/gcc/arm-none-eabi/12.2.1/../../../../arm-none-eabi/lib/thumb/v7e-m+fp/hard/libc_nano.a(libc_a-stdio.o)
                              /opt/arm-gnu-toolchain-12.2.rel1-x86_64-arm-none-eabi/bin/../lib/gcc/arm-none-eabi/12.2.1/../../../../arm-none-eabi/lib/thumb/v7e-m+fp/hard/libc_nano.a(libc_a-findfp.o) (__sread)
/opt/arm-gnu-toolchain-12.2.rel1-x86_64-arm-none-eabi/bin/../lib/gcc/arm-none-eabi/12.2.1/../../../../arm-none-eabi/lib/thumb/v7e-m+fp/hard/libc_nano.a(libc_a-writer.o)
                              /opt/arm-gnu-toolchain-12.2.rel1-x86_64-arm-none-eabi/bin/../lib/gcc/arm-none-eabi/12.2.1/../../../../arm-none-eabi/lib/thumb/v7e-m+fp/hard/libc_nano.a(libc_a-stdio.o) (_write_r)
/opt/arm-gnu-toolchain-12.2.rel1-x86_64-arm-none-eabi/bin/../lib/gcc/arm-none-eabi/12.2.1/../../../../arm-none-eabi/lib/thumb/v7e-m+fp/hard/libc_nano.a(libc_a-errno.o)
                              build/sysmem.o (__errno)
/opt/arm-gnu-toolchain-12.2.rel1-x86_64-arm-none-eabi/bin/../lib/gcc/arm-none-eabi/12.2.1/../../../../arm-none-eabi/lib/thumb/v7e-m+fp/hard/libc_nano.a(libc_a-fwalk.o)
                              /opt/arm-gnu-toolchain-12.2.rel1-x86_64-arm-none-eabi/bin/../lib/gcc/arm-none-eabi/12.2.1/../../../../arm-none-eabi/lib/thumb/v7e-m+fp/hard/libc_nano.a(libc_a-findfp.o) (_fwalk_sglue)
/opt/arm-gnu-toolchain-12.2.rel1-x86_64-arm-none-eabi/bin/../lib/gcc/arm-none-eabi/12.2.1/../../../../arm-none-eabi/lib/thumb/v7e-m+fp/hard/libc_nano.a(libc_a-memset.o)
                              /opt/arm-gnu-toolchain-12.2.rel1-x86_64-arm-none-eabi/bin/../lib/gcc/arm-none-eabi/12.2.1/../../../../arm-none-eabi/lib/thumb/v7e-m+fp/hard/crt0.o (memset)
/opt/arm-gnu-toolchain-12.2.rel1-x86_64-arm-none-eabi/bin/../lib/gcc/arm-none-eabi/12.2.1/../../../../arm-none-eabi/lib/thumb/v7e-m+fp/hard/libc_nano.a(libc_a-lock.o)
                              /opt/arm-gnu-toolchain-12.2.rel1-x86_64-arm-none-eabi/bin/../lib/gcc/arm-none-eabi/12.2.1/../../../../arm-none-eabi/lib/thumb/v7e-m+fp/hard/libc_nano.a(libc_a-findfp.o) (__retarget_lock_init_recursive)
/opt/arm-gnu-toolchain-12.2.rel1-x86_64-arm-none-eabi/bin/../lib/gcc/arm-none-eabi/12.2.1/../../../../arm-none-eabi/lib/thumb/v7e-m+fp/hard/libc_nano.a(libc_a-closer.o)
                              /opt/arm-gnu-toolchain-12.2.rel1-x86_64-arm-none-eabi/bin/../lib/gcc/arm-none-eabi/12.2.1/../../../../arm-none-eabi/lib/thumb/v7e-m+fp/hard/libc_nano.a(libc_a-stdio.o) (_close_r)
/opt/arm-gnu-toolchain-12.2.rel1-x86_64-arm-none-eabi/bin/../lib/gcc/arm-none-eabi/12.2.1/../../../../arm-none-eabi/lib/thumb/v7e-m+fp/hard/libc_nano.a(libc_a-reent.o)
                              /opt/arm-gnu-toolchain-12.2.rel1-x86_64-arm-none-eabi/bin/../lib/gcc/arm-none-eabi/12.2.1/../../../../arm-none-eabi/lib/thumb/v7e-m+fp/hard/libc_nano.a(libc_a-writer.o) (errno)
/opt/arm-gnu-toolchain-12.2.rel1-x86_64-arm-none-eabi/bin/../lib/gcc/arm-none-eabi/12.2.1/../../../../arm-none-eabi/lib/thumb/v7e-m+fp/hard/libc_nano.a(libc_a-impure.o)
                              /opt/arm-gnu-toolchain-12.2.rel1-x86_64-arm-none-eabi/bin/../lib/gcc/arm-none-eabi/12.2.1/../../../../arm-none-eabi/lib/thumb/v7e-m+fp/hard/libc_nano.a(libc_a-errno.o) (_impure_ptr)
/opt/arm-gnu-toolchain-12.2.rel1-x86_64-arm-none-eabi/bin/../lib/gcc/arm-none-eabi/12.2.1/../../../../arm-none-eabi/lib/thumb/v7e-m+fp/hard/libc_nano.a(libc_a-fflush.o)
                              /opt/arm-gnu-toolchain-12.2.rel1-x86_64-arm-none-eabi/bin/../lib/gcc/arm-none-eabi/12.2.1/../../../../arm-none-eabi/lib/thumb/v7e-m+fp/hard/libc_nano.a(libc_a-findfp.o) (_fflush_r)
/opt/arm-gnu-toolchain-12.2.rel1-x86_64-arm-none-eabi/bin/../lib/gcc/arm-none-eabi/12.2.1/../../../../arm-none-eabi/lib/thumb/v7e-m+fp/hard/libc_nano.a(libc_a-mallocr.o)
[...]
Memory Configuration

Name             Origin             Length             Attributes
RAM              0x0000000020000000 0x0000000000020000 xrw
FLASH            0x0000000008000000 0x0000000000080000 xr
*default*        0x0000000000000000 0xffffffffffffffff

Linker script and memory map

LOAD /opt/arm-gnu-toolchain-12.2.rel1-x86_64-arm-none-eabi/bin/../lib/gcc/arm-none-eabi/12.2.1/thumb/v7e-m+fp/hard/crti.o
LOAD /opt/arm-gnu-toolchain-12.2.rel1-x86_64-arm-none-eabi/bin/../lib/gcc/arm-none-eabi/12.2.1/thumb/v7e-m+fp/hard/crtbegin.o
LOAD /opt/arm-gnu-toolchain-12.2.rel1-x86_64-arm-none-eabi/bin/../lib/gcc/arm-none-eabi/12.2.1/../../../../arm-none-eabi/lib/thumb/v7e-m+fp/hard/crt0.o
LOAD build/main.o
LOAD build/stm32f4xx_it.o
LOAD build/stm32f4xx_hal_msp.o
LOAD build/stm32f4xx_hal_adc.o
LOAD build/stm32f4xx_hal_adc_ex.o
LOAD build/stm32f4xx_ll_adc.o
LOAD build/stm32f4xx_hal_rcc.o
LOAD build/stm32f4xx_hal_rcc_ex.o
LOAD build/stm32f4xx_hal_flash.o
LOAD build/stm32f4xx_hal_flash_ex.o
LOAD build/stm32f4xx_hal_flash_ramfunc.o
LOAD build/stm32f4xx_hal_gpio.o
LOAD build/stm32f4xx_hal_dma_ex.o
LOAD build/stm32f4xx_hal_dma.o
LOAD build/stm32f4xx_hal_pwr.o
LOAD build/stm32f4xx_hal_pwr_ex.o
LOAD build/stm32f4xx_hal_cortex.o
LOAD build/stm32f4xx_hal.o
LOAD build/stm32f4xx_hal_exti.o
LOAD build/stm32f4xx_hal_tim.o
LOAD build/stm32f4xx_hal_tim_ex.o
LOAD build/system_stm32f4xx.o
LOAD build/sysmem.o
LOAD build/syscalls.o
LOAD build/startup_stm32f411xe.o
LOAD /opt/arm-gnu-toolchain-12.2.rel1-x86_64-arm-none-eabi/bin/../lib/gcc/arm-none-eabi/12.2.1/../../../../arm-none-eabi/lib/thumb/v7e-m+fp/hard/libc_nano.a
LOAD /opt/arm-gnu-toolchain-12.2.rel1-x86_64-arm-none-eabi/bin/../lib/gcc/arm-none-eabi/12.2.1/../../../../arm-none-eabi/lib/thumb/v7e-m+fp/hard/libm.a
LOAD /opt/arm-gnu-toolchain-12.2.rel1-x86_64-arm-none-eabi/bin/../lib/gcc/arm-none-eabi/12.2.1/../../../../arm-none-eabi/lib/thumb/v7e-m+fp/hard/libnosys.a
START GROUP
LOAD /opt/arm-gnu-toolchain-12.2.rel1-x86_64-arm-none-eabi/bin/../lib/gcc/arm-none-eabi/12.2.1/thumb/v7e-m+fp/hard/libgcc.a
LOAD /opt/arm-gnu-toolchain-12.2.rel1-x86_64-arm-none-eabi/bin/../lib/gcc/arm-none-eabi/12.2.1/../../../../arm-none-eabi/lib/thumb/v7e-m+fp/hard/libc_nano.a
END GROUP
START GROUP
LOAD /opt/arm-gnu-toolchain-12.2.rel1-x86_64-arm-none-eabi/bin/../lib/gcc/arm-none-eabi/12.2.1/thumb/v7e-m+fp/hard/libgcc.a
LOAD /opt/arm-gnu-toolchain-12.2.rel1-x86_64-arm-none-eabi/bin/../lib/gcc/arm-none-eabi/12.2.1/../../../../arm-none-eabi/lib/thumb/v7e-m+fp/hard/libc_nano.a
END GROUP
LOAD /opt/arm-gnu-toolchain-12.2.rel1-x86_64-arm-none-eabi/bin/../lib/gcc/arm-none-eabi/12.2.1/thumb/v7e-m+fp/hard/crtend.o
LOAD /opt/arm-gnu-toolchain-12.2.rel1-x86_64-arm-none-eabi/bin/../lib/gcc/arm-none-eabi/12.2.1/thumb/v7e-m+fp/hard/crtn.o
                0x0000000020020000                _estack = (ORIGIN (RAM) + LENGTH (RAM))
                0x0000000000000200                _Min_Heap_Size = 0x200
                0x0000000000000400                _Min_Stack_Size = 0x400

.isr_vector     0x0000000008000000      0x198
                0x0000000008000000                . = ALIGN (0x4)
 *(.isr_vector)
 .isr_vector    0x0000000008000000      0x198 build/startup_stm32f411xe.o
                0x0000000008000000                g_pfnVectors
                0x0000000008000198                . = ALIGN (0x4)

.text           0x0000000008000198     0x19c4
                0x0000000008000198                . = ALIGN (0x4)
 *(.text)
 .text          0x0000000008000198       0x30 /opt/arm-gnu-toolchain-12.2.rel1-x86_64-arm-none-eabi/bin/../lib/gcc/arm-none-eabi/12.2.1/thumb/v7e-m+fp/hard/libgcc.a(_aeabi_uldivmod.o)
                0x0000000008000198                __aeabi_uldivmod
 .text          0x00000000080001c8        0x4 /opt/arm-gnu-toolchain-12.2.rel1-x86_64-arm-none-eabi/bin/../lib/gcc/arm-none-eabi/12.2.1/thumb/v7e-m+fp/hard/libgcc.a(_dvmd_tls.o)
                0x00000000080001c8                __aeabi_ldiv0
                0x00000000080001c8                __aeabi_idiv0
 *(.text*)
 .text.deregister_tm_clones
                0x00000000080001cc       0x1c /opt/arm-gnu-toolchain-12.2.rel1-x86_64-arm-none-eabi/bin/../lib/gcc/arm-none-eabi/12.2.1/thumb/v7e-m+fp/hard/crtbegin.o
 .text.register_tm_clones
                0x00000000080001e8       0x24 /opt/arm-gnu-toolchain-12.2.rel1-x86_64-arm-none-eabi/bin/../lib/gcc/arm-none-eabi/12.2.1/thumb/v7e-m+fp/hard/crtbegin.o
 .text.__do_global_dtors_aux
                0x000000000800020c       0x28 /opt/arm-gnu-toolchain-12.2.rel1-x86_64-arm-none-eabi/bin/../lib/gcc/arm-none-eabi/12.2.1/thumb/v7e-m+fp/hard/crtbegin.o
 .text.frame_dummy
                0x0000000008000234       0x24 /opt/arm-gnu-toolchain-12.2.rel1-x86_64-arm-none-eabi/bin/../lib/gcc/arm-none-eabi/12.2.1/thumb/v7e-m+fp/hard/crtbegin.o
 .text.MX_GPIO_Init
                0x0000000008000258       0xa0 build/main.o
 .text.Error_Handler
                0x00000000080002f8        0x4 build/main.o
                0x00000000080002f8                Error_Handler
 .text.MX_TIM4_Init
                0x00000000080002fc       0x68 build/main.o
 .text.MX_ADC1_Init
                0x0000000008000364       0x6c build/main.o
 .text.SystemClock_Config
                0x00000000080003d0       0xa0 build/main.o
                0x00000000080003d0                SystemClock_Config
 .text.main     0x0000000008000470       0xcc build/main.o
                0x0000000008000470                main
 .text.NMI_Handler
                0x000000000800053c        0x2 build/stm32f4xx_it.o
                0x000000000800053c                NMI_Handler
 .text.HardFault_Handler
                0x000000000800053e        0x2 build/stm32f4xx_it.o
                0x000000000800053e                HardFault_Handler
 .text.MemManage_Handler
                0x0000000008000540        0x2 build/stm32f4xx_it.o
                0x0000000008000540                MemManage_Handler
 .text.BusFault_Handler
                0x0000000008000542        0x2 build/stm32f4xx_it.o
                0x0000000008000542                BusFault_Handler
 .text.UsageFault_Handler
                0x0000000008000544        0x2 build/stm32f4xx_it.o
                0x0000000008000544                UsageFault_Handler
 .text.SVC_Handler
                0x0000000008000546        0x2 build/stm32f4xx_it.o
                0x0000000008000546                SVC_Handler
 .text.DebugMon_Handler
                0x0000000008000548        0x2 build/stm32f4xx_it.o
                0x0000000008000548                DebugMon_Handler
 .text.PendSV_Handler
                0x000000000800054a        0x2 build/stm32f4xx_it.o
                0x000000000800054a                PendSV_Handler
 .text.SysTick_Handler
                0x000000000800054c        0x8 build/stm32f4xx_it.o
                0x000000000800054c                SysTick_Handler
 .text.HAL_MspInit
                0x0000000008000554       0x38 build/stm32f4xx_hal_msp.o
                0x0000000008000554                HAL_MspInit
 .text.HAL_ADC_MspInit
                0x000000000800058c       0x68 build/stm32f4xx_hal_msp.o
                0x000000000800058c                HAL_ADC_MspInit
 .text.HAL_TIM_Base_MspInit
                0x00000000080005f4       0x30 build/stm32f4xx_hal_msp.o
                0x00000000080005f4                HAL_TIM_Base_MspInit
 .text.ADC_Init
                0x0000000008000624      0x134 build/stm32f4xx_hal_adc.o
 .text.HAL_ADC_Init
                0x0000000008000758       0x56 build/stm32f4xx_hal_adc.o
                0x0000000008000758                HAL_ADC_Init
 *fill*         0x00000000080007ae        0x2 
 .text.HAL_ADC_Start
                0x00000000080007b0      0x108 build/stm32f4xx_hal_adc.o
                0x00000000080007b0                HAL_ADC_Start
 .text.HAL_ADC_Stop
                0x00000000080008b8       0x40 build/stm32f4xx_hal_adc.o
                0x00000000080008b8                HAL_ADC_Stop
 .text.HAL_ADC_PollForConversion
                0x00000000080008f8       0xb8 build/stm32f4xx_hal_adc.o
                0x00000000080008f8                HAL_ADC_PollForConversion
 .text.HAL_ADC_GetValue
                0x00000000080009b0        0x6 build/stm32f4xx_hal_adc.o
                0x00000000080009b0                HAL_ADC_GetValue
 *fill*         0x00000000080009b6        0x2 
 .text.HAL_ADC_ConfigChannel
                0x00000000080009b8      0x1ac build/stm32f4xx_hal_adc.o
                0x00000000080009b8                HAL_ADC_ConfigChannel
 .text.HAL_RCC_OscConfig
                0x0000000008000b64      0x3f8 build/stm32f4xx_hal_rcc.o
                0x0000000008000b64                HAL_RCC_OscConfig
 .text.HAL_RCC_GetSysClockFreq
                0x0000000008000f5c       0xa8 build/stm32f4xx_hal_rcc.o
                0x0000000008000f5c                HAL_RCC_GetSysClockFreq
 .text.HAL_RCC_ClockConfig
                0x0000000008001004      0x160 build/stm32f4xx_hal_rcc.o
                0x0000000008001004                HAL_RCC_ClockConfig
 .text.HAL_GPIO_Init
                0x0000000008001164      0x1c8 build/stm32f4xx_hal_gpio.o
                0x0000000008001164                HAL_GPIO_Init
 .text.HAL_GPIO_WritePin
                0x000000000800132c        0xc build/stm32f4xx_hal_gpio.o
                0x000000000800132c                HAL_GPIO_WritePin
 .text.__NVIC_SetPriority
                0x0000000008001338       0x28 build/stm32f4xx_hal_cortex.o
 .text.NVIC_EncodePriority
                0x0000000008001360       0x3e build/stm32f4xx_hal_cortex.o
 *fill*         0x000000000800139e        0x2 
 .text.HAL_NVIC_SetPriorityGrouping
                0x00000000080013a0       0x24 build/stm32f4xx_hal_cortex.o
                0x00000000080013a0                HAL_NVIC_SetPriorityGrouping
 .text.HAL_NVIC_SetPriority
                0x00000000080013c4       0x20 build/stm32f4xx_hal_cortex.o
                0x00000000080013c4                HAL_NVIC_SetPriority
 .text.HAL_SYSTICK_Config
                0x00000000080013e4       0x28 build/stm32f4xx_hal_cortex.o
                0x00000000080013e4                HAL_SYSTICK_Config
 .text.HAL_InitTick
                0x000000000800140c       0x4c build/stm32f4xx_hal.o
                0x000000000800140c                HAL_InitTick
 .text.HAL_Init
                0x0000000008001458       0x34 build/stm32f4xx_hal.o
                0x0000000008001458                HAL_Init
 .text.HAL_IncTick
                0x000000000800148c       0x18 build/stm32f4xx_hal.o
                0x000000000800148c                HAL_IncTick
 .text.HAL_GetTick
                0x00000000080014a4        0xc build/stm32f4xx_hal.o
                0x00000000080014a4                HAL_GetTick
 .text.HAL_Delay
                0x00000000080014b0       0x28 build/stm32f4xx_hal.o
                0x00000000080014b0                HAL_Delay
 .text.TIM_TI1_ConfigInputStage
                0x00000000080014d8       0x26 build/stm32f4xx_hal_tim.o
 .text.TIM_TI2_ConfigInputStage
                0x00000000080014fe       0x28 build/stm32f4xx_hal_tim.o
 .text.TIM_ITRx_SetConfig
                0x0000000008001526       0x10 build/stm32f4xx_hal_tim.o
 *fill*         0x0000000008001536        0x2 
 .text.TIM_Base_SetConfig
                0x0000000008001538       0xa4 build/stm32f4xx_hal_tim.o
                0x0000000008001538                TIM_Base_SetConfig
 .text.HAL_TIM_Base_Init
                0x00000000080015dc       0x58 build/stm32f4xx_hal_tim.o
                0x00000000080015dc                HAL_TIM_Base_Init
 .text.TIM_ETR_SetConfig
                0x0000000008001634       0x1a build/stm32f4xx_hal_tim.o
                0x0000000008001634                TIM_ETR_SetConfig
 .text.HAL_TIM_ConfigClockSource
                0x000000000800164e       0xfe build/stm32f4xx_hal_tim.o
                0x000000000800164e                HAL_TIM_ConfigClockSource
 .text.HAL_TIMEx_MasterConfigSynchronization
                0x000000000800174c       0x7c build/stm32f4xx_hal_tim_ex.o
                0x000000000800174c                HAL_TIMEx_MasterConfigSynchronization
 .text.SystemInit
                0x00000000080017c8       0x14 build/system_stm32f4xx.o
                0x00000000080017c8                SystemInit
 .text.Reset_Handler
                0x00000000080017dc       0x50 build/startup_stm32f411xe.o
                0x00000000080017dc                Reset_Handler
 .text.Default_Handler
                0x000000000800182c        0x2 build/startup_stm32f411xe.o
                0x000000000800182c                RTC_Alarm_IRQHandler
                0x000000000800182c                EXTI2_IRQHandler
                0x000000000800182c                SPI4_IRQHandler
                0x000000000800182c                TIM1_CC_IRQHandler
                0x000000000800182c                DMA2_Stream5_IRQHandler
                0x000000000800182c                DMA1_Stream5_IRQHandler
                0x000000000800182c                PVD_IRQHandler
                0x000000000800182c                SDIO_IRQHandler
                0x000000000800182c                TAMP_STAMP_IRQHandler
                0x000000000800182c                EXTI3_IRQHandler
                0x000000000800182c                TIM1_UP_TIM10_IRQHandler
                0x000000000800182c                I2C3_ER_IRQHandler
                0x000000000800182c                EXTI0_IRQHandler
                0x000000000800182c                I2C2_EV_IRQHandler
                0x000000000800182c                DMA1_Stream2_IRQHandler
                0x000000000800182c                FPU_IRQHandler
                0x000000000800182c                DMA2_Stream2_IRQHandler
                0x000000000800182c                SPI1_IRQHandler
                0x000000000800182c                TIM1_BRK_TIM9_IRQHandler
                0x000000000800182c                DMA2_Stream3_IRQHandler
                0x000000000800182c                USART6_IRQHandler
                0x000000000800182c                DMA2_Stream0_IRQHandler
                0x000000000800182c                TIM4_IRQHandler
                0x000000000800182c                I2C1_EV_IRQHandler
                0x000000000800182c                DMA1_Stream6_IRQHandler
                0x000000000800182c                DMA1_Stream1_IRQHandler
                0x000000000800182c                TIM3_IRQHandler
                0x000000000800182c                RCC_IRQHandler
                0x000000000800182c                Default_Handler
                0x000000000800182c                EXTI15_10_IRQHandler
                0x000000000800182c                ADC_IRQHandler
                0x000000000800182c                DMA1_Stream7_IRQHandler
                0x000000000800182c                SPI5_IRQHandler
                0x000000000800182c                TIM5_IRQHandler
                0x000000000800182c                DMA2_Stream7_IRQHandler
                0x000000000800182c                I2C3_EV_IRQHandler
                0x000000000800182c                EXTI9_5_IRQHandler
                0x000000000800182c                RTC_WKUP_IRQHandler
                0x000000000800182c                SPI2_IRQHandler
                0x000000000800182c                DMA1_Stream0_IRQHandler
                0x000000000800182c                EXTI4_IRQHandler
                0x000000000800182c                WWDG_IRQHandler
                0x000000000800182c                TIM2_IRQHandler
                0x000000000800182c                OTG_FS_WKUP_IRQHandler
                0x000000000800182c                TIM1_TRG_COM_TIM11_IRQHandler
                0x000000000800182c                EXTI1_IRQHandler
                0x000000000800182c                USART2_IRQHandler
                0x000000000800182c                I2C2_ER_IRQHandler
                0x000000000800182c                DMA2_Stream1_IRQHandler
                0x000000000800182c                FLASH_IRQHandler
                0x000000000800182c                DMA2_Stream4_IRQHandler
                0x000000000800182c                USART1_IRQHandler
                0x000000000800182c                OTG_FS_IRQHandler
                0x000000000800182c                SPI3_IRQHandler
                0x000000000800182c                DMA1_Stream4_IRQHandler
                0x000000000800182c                I2C1_ER_IRQHandler
                0x000000000800182c                DMA2_Stream6_IRQHandler
                0x000000000800182c                DMA1_Stream3_IRQHandler
 *fill*         0x000000000800182e        0x2 
 .text.__libc_init_array
                0x0000000008001830       0x48 /opt/arm-gnu-toolchain-12.2.rel1-x86_64-arm-none-eabi/bin/../lib/gcc/arm-none-eabi/12.2.1/../../../../arm-none-eabi/lib/thumb/v7e-m+fp/hard/libc_nano.a(libc_a-init.o)
                0x0000000008001830                __libc_init_array
 .text.memset   0x0000000008001878       0x10 /opt/arm-gnu-toolchain-12.2.rel1-x86_64-arm-none-eabi/bin/../lib/gcc/arm-none-eabi/12.2.1/../../../../arm-none-eabi/lib/thumb/v7e-m+fp/hard/libc_nano.a(libc_a-memset.o)
                0x0000000008001878                memset
 .text.__udivmoddi4
                0x0000000008001888      0x2bc /opt/arm-gnu-toolchain-12.2.rel1-x86_64-arm-none-eabi/bin/../lib/gcc/arm-none-eabi/12.2.1/thumb/v7e-m+fp/hard/libgcc.a(_udivmoddi4.o)
                0x0000000008001888                __udivmoddi4
 *(.glue_7)
 .glue_7        0x0000000008001b44        0x0 linker stubs
 *(.glue_7t)
 .glue_7t       0x0000000008001b44        0x0 linker stubs
 *(.eh_frame)
 .eh_frame      0x0000000008001b44        0x0 /opt/arm-gnu-toolchain-12.2.rel1-x86_64-arm-none-eabi/bin/../lib/gcc/arm-none-eabi/12.2.1/thumb/v7e-m+fp/hard/crtbegin.o
 *(.init)
 .init          0x0000000008001b44        0x4 /opt/arm-gnu-toolchain-12.2.rel1-x86_64-arm-none-eabi/bin/../lib/gcc/arm-none-eabi/12.2.1/thumb/v7e-m+fp/hard/crti.o
                0x0000000008001b44                _init
 .init          0x0000000008001b48        0x8 /opt/arm-gnu-toolchain-12.2.rel1-x86_64-arm-none-eabi/bin/../lib/gcc/arm-none-eabi/12.2.1/thumb/v7e-m+fp/hard/crtn.o
 *(.fini)
 .fini          0x0000000008001b50        0x4 /opt/arm-gnu-toolchain-12.2.rel1-x86_64-arm-none-eabi/bin/../lib/gcc/arm-none-eabi/12.2.1/thumb/v7e-m+fp/hard/crti.o
                0x0000000008001b50                _fini
 .fini          0x0000000008001b54        0x8 /opt/arm-gnu-toolchain-12.2.rel1-x86_64-arm-none-eabi/bin/../lib/gcc/arm-none-eabi/12.2.1/thumb/v7e-m+fp/hard/crtn.o
                0x0000000008001b5c                . = ALIGN (0x4)
                0x0000000008001b5c                _etext = .

.vfp11_veneer   0x0000000008001b5c        0x0
 .vfp11_veneer  0x0000000008001b5c        0x0 linker stubs

.v4_bx          0x0000000008001b5c        0x0
 .v4_bx         0x0000000008001b5c        0x0 linker stubs

.iplt           0x0000000008001b5c        0x0
 .iplt          0x0000000008001b5c        0x0 /opt/arm-gnu-toolchain-12.2.rel1-x86_64-arm-none-eabi/bin/../lib/gcc/arm-none-eabi/12.2.1/thumb/v7e-m+fp/hard/crtbegin.o

.rodata         0x0000000008001b5c       0x10
                0x0000000008001b5c                . = ALIGN (0x4)
 *(.rodata)
 *(.rodata*)
 .rodata.AHBPrescTable
                0x0000000008001b5c       0x10 build/system_stm32f4xx.o
                0x0000000008001b5c                AHBPrescTable
                0x0000000008001b6c                . = ALIGN (0x4)

.ARM.extab      0x0000000008001b6c        0x0
                0x0000000008001b6c                . = ALIGN (0x4)
 *(.ARM.extab* .gnu.linkonce.armextab.*)
                0x0000000008001b6c                . = ALIGN (0x4)

.ARM            0x0000000008001b6c        0x8
                0x0000000008001b6c                . = ALIGN (0x4)
                0x0000000008001b6c                __exidx_start = .
 *(.ARM.exidx*)
 .ARM.exidx.text.__udivmoddi4
                0x0000000008001b6c        0x8 /opt/arm-gnu-toolchain-12.2.rel1-x86_64-arm-none-eabi/bin/../lib/gcc/arm-none-eabi/12.2.1/thumb/v7e-m+fp/hard/libgcc.a(_udivmoddi4.o)
                0x0000000008001b74                __exidx_end = .
                0x0000000008001b74                . = ALIGN (0x4)

.preinit_array  0x0000000008001b74        0x0
                0x0000000008001b74                . = ALIGN (0x4)
                0x0000000008001b74                PROVIDE (__preinit_array_start = .)
 *(.preinit_array*)
                0x0000000008001b74                PROVIDE (__preinit_array_end = .)
                0x0000000008001b74                . = ALIGN (0x4)

.init_array     0x0000000008001b74        0x4
                0x0000000008001b74                . = ALIGN (0x4)
                0x0000000008001b74                PROVIDE (__init_array_start = .)
 *(SORT_BY_NAME(.init_array.*))
 *(.init_array*)
 .init_array    0x0000000008001b74        0x4 /opt/arm-gnu-toolchain-12.2.rel1-x86_64-arm-none-eabi/bin/../lib/gcc/arm-none-eabi/12.2.1/thumb/v7e-m+fp/hard/crtbegin.o
                0x0000000008001b78                PROVIDE (__init_array_end = .)
                0x0000000008001b78                . = ALIGN (0x4)

.fini_array     0x0000000008001b78        0x4
                0x0000000008001b78                . = ALIGN (0x4)
                [!provide]                        PROVIDE (__fini_array_start = .)
 *(SORT_BY_NAME(.fini_array.*))
 *(.fini_array*)
 .fini_array    0x0000000008001b78        0x4 /opt/arm-gnu-toolchain-12.2.rel1-x86_64-arm-none-eabi/bin/../lib/gcc/arm-none-eabi/12.2.1/thumb/v7e-m+fp/hard/crtbegin.o
                [!provide]                        PROVIDE (__fini_array_end = .)
                0x0000000008001b7c                . = ALIGN (0x4)
                0x0000000008001b7c                _sidata = LOADADDR (.data)

.rel.dyn        0x0000000008001b7c        0x0
 .rel.iplt      0x0000000008001b7c        0x0 /opt/arm-gnu-toolchain-12.2.rel1-x86_64-arm-none-eabi/bin/../lib/gcc/arm-none-eabi/12.2.1/thumb/v7e-m+fp/hard/crtbegin.o

.data           0x0000000020000000       0x14 load address 0x0000000008001b7c
                0x0000000020000000                . = ALIGN (0x4)
                0x0000000020000000                _sdata = .
 *(.data)
 *(.data*)
 .data.adc_max  0x0000000020000000        0x4 build/main.o
                0x0000000020000000                adc_max
 .data.adc_min  0x0000000020000004        0x4 build/main.o
                0x0000000020000004                adc_min
 .data.uwTickFreq
                0x0000000020000008        0x1 build/stm32f4xx_hal.o
                0x0000000020000008                uwTickFreq
 *fill*         0x0000000020000009        0x3 
 .data.uwTickPrio
                0x000000002000000c        0x4 build/stm32f4xx_hal.o
                0x000000002000000c                uwTickPrio
 .data.SystemCoreClock
                0x0000000020000010        0x4 build/system_stm32f4xx.o
                0x0000000020000010                SystemCoreClock
 *(.RamFunc)
 *(.RamFunc*)
                0x0000000020000014                . = ALIGN (0x4)
                0x0000000020000014                _edata = .

.tm_clone_table
                0x0000000020000014        0x0 load address 0x0000000008001b90
 .tm_clone_table
                0x0000000020000014        0x0 /opt/arm-gnu-toolchain-12.2.rel1-x86_64-arm-none-eabi/bin/../lib/gcc/arm-none-eabi/12.2.1/thumb/v7e-m+fp/hard/crtbegin.o
 .tm_clone_table
                0x0000000020000014        0x0 /opt/arm-gnu-toolchain-12.2.rel1-x86_64-arm-none-eabi/bin/../lib/gcc/arm-none-eabi/12.2.1/thumb/v7e-m+fp/hard/crtend.o

.igot.plt       0x0000000020000014        0x0 load address 0x0000000008001b90
 .igot.plt      0x0000000020000014        0x0 /opt/arm-gnu-toolchain-12.2.rel1-x86_64-arm-none-eabi/bin/../lib/gcc/arm-none-eabi/12.2.1/thumb/v7e-m+fp/hard/crtbegin.o
                0x0000000020000014                . = ALIGN (0x4)

.bss            0x0000000020000014       0xb8 load address 0x0000000008001b90
                0x0000000020000014                _sbss = .
                0x0000000020000014                __bss_start__ = _sbss
 *(.bss)
 *(.bss*)
 .bss.completed.1
                0x0000000020000014        0x1 /opt/arm-gnu-toolchain-12.2.rel1-x86_64-arm-none-eabi/bin/../lib/gcc/arm-none-eabi/12.2.1/thumb/v7e-m+fp/hard/crtbegin.o
 *fill*         0x0000000020000015        0x3 
 .bss.object.0  0x0000000020000018       0x18 /opt/arm-gnu-toolchain-12.2.rel1-x86_64-arm-none-eabi/bin/../lib/gcc/arm-none-eabi/12.2.1/thumb/v7e-m+fp/hard/crtbegin.o
 .bss.nivelLed  0x0000000020000030        0x1 build/main.o
                0x0000000020000030                nivelLed
 *fill*         0x0000000020000031        0x3 
 .bss.valorADC  0x0000000020000034        0x4 build/main.o
                0x0000000020000034                valorADC
 .bss.htim4     0x0000000020000038       0x48 build/main.o
                0x0000000020000038                htim4
 .bss.hadc1     0x0000000020000080       0x48 build/main.o
                0x0000000020000080                hadc1
 .bss.uwTick    0x00000000200000c8        0x4 build/stm32f4xx_hal.o
                0x00000000200000c8                uwTick
 *(COMMON)
                0x00000000200000cc                . = ALIGN (0x4)
                0x00000000200000cc                _ebss = .
                0x00000000200000cc                __bss_end__ = _ebss

._user_heap_stack
                0x00000000200000cc      0x604 load address 0x0000000008001b90
                0x00000000200000d0                . = ALIGN (0x8)
 *fill*         0x00000000200000cc        0x4 
                [!provide]                        PROVIDE (end = .)
                0x00000000200000d0                PROVIDE (_end = .)
                0x00000000200002d0                . = (. + _Min_Heap_Size)
 *fill*         0x00000000200000d0      0x200 
                0x00000000200006d0                . = (. + _Min_Stack_Size)
 *fill*         0x00000000200002d0      0x400 
                0x00000000200006d0                . = ALIGN (0x8)

/DISCARD/
 libc.a(*)
 libm.a(*)
 libgcc.a(*)
OUTPUT(build/ADC_LDR.elf elf32-littlearm)
LOAD linker stubs
LOAD /opt/arm-gnu-toolchain-12.2.rel1-x86_64-arm-none-eabi/bin/../lib/gcc/arm-none-eabi/12.2.1/../../../../arm-none-eabi/lib/thumb/v7e-m+fp/hard/libc.a
LOAD /opt/arm-gnu-toolchain-12.2.rel1-x86_64-arm-none-eabi/bin/../lib/gcc/arm-none-eabi/12.2.1/../../../../arm-none-eabi/lib/thumb/v7e-m+fp/hard/libm.a
LOAD /opt/arm-gnu-toolchain-12.2.rel1-x86_64-arm-none-eabi/bin/../lib/gcc/arm-none-eabi/12.2.1/thumb/v7e-m+fp/hard/libgcc.a

.ARM.attributes
                0x0000000000000000       0x30
 .ARM.attributes
                0x0000000000000000       0x22 /opt/arm-gnu-toolchain-12.2.rel1-x86_64-arm-none-eabi/bin/../lib/gcc/arm-none-eabi/12.2.1/thumb/v7e-m+fp/hard/crti.o
 .ARM.attributes
                0x0000000000000022       0x34 /opt/arm-gnu-toolchain-12.2.rel1-x86_64-arm-none-eabi/bin/../lib/gcc/arm-none-eabi/12.2.1/thumb/v7e-m+fp/hard/crtbegin.o
 .ARM.attributes
                0x0000000000000056       0x34 build/main.o
 .ARM.attributes
                0x000000000000008a       0x34 build/stm32f4xx_it.o
 .ARM.attributes
                0x00000000000000be       0x34 build/stm32f4xx_hal_msp.o
 .ARM.attributes
                0x00000000000000f2       0x34 build/stm32f4xx_hal_adc.o
 .ARM.attributes
                0x0000000000000126       0x34 build/stm32f4xx_hal_rcc.o
 .ARM.attributes
                0x000000000000015a       0x34 build/stm32f4xx_hal_gpio.o
 .ARM.attributes
                0x000000000000018e       0x34 build/stm32f4xx_hal_cortex.o
 .ARM.attributes
                0x00000000000001c2       0x34 build/stm32f4xx_hal.o
 .ARM.attributes
                0x00000000000001f6       0x34 build/stm32f4xx_hal_tim.o
 .ARM.attributes
                0x000000000000022a       0x34 build/stm32f4xx_hal_tim_ex.o
 .ARM.attributes
                0x000000000000025e       0x34 build/system_stm32f4xx.o
 .ARM.attributes
                0x0000000000000292       0x21 build/startup_stm32f411xe.o
 .ARM.attributes
                0x00000000000002b3       0x34 /opt/arm-gnu-toolchain-12.2.rel1-x86_64-arm-none-eabi/bin/../lib/gcc/arm-none-eabi/12.2.1/../../../../arm-none-eabi/lib/thumb/v7e-m+fp/hard/libc_nano.a(libc_a-init.o)
 .ARM.attributes
                0x00000000000002e7       0x34 /opt/arm-gnu-toolchain-12.2.rel1-x86_64-arm-none-eabi/bin/../lib/gcc/arm-none-eabi/12.2.1/../../../../arm-none-eabi/lib/thumb/v7e-m+fp/hard/libc_nano.a(libc_a-memset.o)
 .ARM.attributes
                0x000000000000031b       0x22 /opt/arm-gnu-toolchain-12.2.rel1-x86_64-arm-none-eabi/bin/../lib/gcc/arm-none-eabi/12.2.1/thumb/v7e-m+fp/hard/libgcc.a(_aeabi_uldivmod.o)
 .ARM.attributes
                0x000000000000033d       0x34 /opt/arm-gnu-toolchain-12.2.rel1-x86_64-arm-none-eabi/bin/../lib/gcc/arm-none-eabi/12.2.1/thumb/v7e-m+fp/hard/libgcc.a(_udivmoddi4.o)
 .ARM.attributes
                0x0000000000000371       0x22 /opt/arm-gnu-toolchain-12.2.rel1-x86_64-arm-none-eabi/bin/../lib/gcc/arm-none-eabi/12.2.1/thumb/v7e-m+fp/hard/libgcc.a(_dvmd_tls.o)
 .ARM.attributes
                0x0000000000000393       0x34 /opt/arm-gnu-toolchain-12.2.rel1-x86_64-arm-none-eabi/bin/../lib/gcc/arm-none-eabi/12.2.1/thumb/v7e-m+fp/hard/crtend.o
 .ARM.attributes
                0x00000000000003c7       0x22 /opt/arm-gnu-toolchain-12.2.rel1-x86_64-arm-none-eabi/bin/../lib/gcc/arm-none-eabi/12.2.1/thumb/v7e-m+fp/hard/crtn.o

.comment        0x0000000000000000       0x8a
 .comment       0x0000000000000000       0x45 build/main.o
                                         0x46 (size before relaxing)
 .comment       0x0000000000000045       0x45 build/stm32f4xx_it.o
                                         0x46 (size before relaxing)
 .comment       0x000000000000008a       0x46 build/stm32f4xx_hal_msp.o
 .comment       0x000000000000008a       0x46 build/stm32f4xx_hal_adc.o
 .comment       0x000000000000008a       0x46 build/stm32f4xx_hal_rcc.o
 .comment       0x000000000000008a       0x46 build/stm32f4xx_hal_gpio.o
 .comment       0x000000000000008a       0x46 build/stm32f4xx_hal_cortex.o
 .comment       0x000000000000008a       0x46 build/stm32f4xx_hal.o
 .comment       0x000000000000008a       0x46 build/stm32f4xx_hal_tim.o
 .comment       0x000000000000008a       0x46 build/stm32f4xx_hal_tim_ex.o
 .comment       0x000000000000008a       0x46 build/system_stm32f4xx.o

.debug_info     0x0000000000000000     0xcc96
 .debug_info    0x0000000000000000     0x1634 build/main.o
 .debug_info    0x0000000000001634      0x157 build/stm32f4xx_it.o
 .debug_info    0x000000000000178b      0xedd build/stm32f4xx_hal_msp.o
 .debug_info    0x0000000000002668     0x1052 build/stm32f4xx_hal_adc.o
 .debug_info    0x00000000000036ba      0xc4d build/stm32f4xx_hal_rcc.o
 .debug_info    0x0000000000004307      0x872 build/stm32f4xx_hal_gpio.o
 .debug_info    0x0000000000004b79     0x1150 build/stm32f4xx_hal_cortex.o
 .debug_info    0x0000000000005cc9      0xa91 build/stm32f4xx_hal.o
 .debug_info    0x000000000000675a     0x4198 build/stm32f4xx_hal_tim.o
 .debug_info    0x000000000000a8f2     0x1d8f build/stm32f4xx_hal_tim_ex.o
 .debug_info    0x000000000000c681      0x5e5 build/system_stm32f4xx.o
 .debug_info    0x000000000000cc66       0x30 build/startup_stm32f411xe.o

.debug_abbrev   0x0000000000000000     0x198f
 .debug_abbrev  0x0000000000000000      0x285 build/main.o
 .debug_abbrev  0x0000000000000285       0x80 build/stm32f4xx_it.o
 .debug_abbrev  0x0000000000000305      0x1ed build/stm32f4xx_hal_msp.o
 .debug_abbrev  0x00000000000004f2      0x287 build/stm32f4xx_hal_adc.o
 .debug_abbrev  0x0000000000000779      0x2de build/stm32f4xx_hal_rcc.o
 .debug_abbrev  0x0000000000000a57      0x22b build/stm32f4xx_hal_gpio.o
 .debug_abbrev  0x0000000000000c82      0x3ca build/stm32f4xx_hal_cortex.o
 .debug_abbrev  0x000000000000104c      0x275 build/stm32f4xx_hal.o
 .debug_abbrev  0x00000000000012c1      0x2ce build/stm32f4xx_hal_tim.o
 .debug_abbrev  0x000000000000158f      0x2c8 build/stm32f4xx_hal_tim_ex.o
 .debug_abbrev  0x0000000000001857      0x11b build/system_stm32f4xx.o
 .debug_abbrev  0x0000000000001972       0x1d build/startup_stm32f411xe.o

.debug_loc      0x0000000000000000     0xaf26
 .debug_loc     0x0000000000000000      0x126 build/main.o
 .debug_loc     0x0000000000000126       0x20 build/stm32f4xx_it.o
 .debug_loc     0x0000000000000146      0x158 build/stm32f4xx_hal_msp.o
 .debug_loc     0x000000000000029e      0xf42 build/stm32f4xx_hal_adc.o
 .debug_loc     0x00000000000011e0      0x712 build/stm32f4xx_hal_rcc.o
 .debug_loc     0x00000000000018f2      0x60b build/stm32f4xx_hal_gpio.o
 .debug_loc     0x0000000000001efd      0x8ff build/stm32f4xx_hal_cortex.o
 .debug_loc     0x00000000000027fc      0x1f9 build/stm32f4xx_hal.o
 .debug_loc     0x00000000000029f5     0x6178 build/stm32f4xx_hal_tim.o
 .debug_loc     0x0000000000008b6d     0x2309 build/stm32f4xx_hal_tim_ex.o
 .debug_loc     0x000000000000ae76       0xb0 build/system_stm32f4xx.o

.debug_aranges  0x0000000000000000      0xa20
 .debug_aranges
                0x0000000000000000       0x48 build/main.o
 .debug_aranges
                0x0000000000000048       0x60 build/stm32f4xx_it.o
 .debug_aranges
                0x00000000000000a8       0x40 build/stm32f4xx_hal_msp.o
 .debug_aranges
                0x00000000000000e8       0xe8 build/stm32f4xx_hal_adc.o
 .debug_aranges
                0x00000000000001d0       0x88 build/stm32f4xx_hal_rcc.o
 .debug_aranges
                0x0000000000000258       0x58 build/stm32f4xx_hal_gpio.o
 .debug_aranges
                0x00000000000002b0       0xf8 build/stm32f4xx_hal_cortex.o
 .debug_aranges
                0x00000000000003a8       0xf0 build/stm32f4xx_hal.o
 .debug_aranges
                0x0000000000000498      0x3d0 build/stm32f4xx_hal_tim.o
 .debug_aranges
                0x0000000000000868      0x168 build/stm32f4xx_hal_tim_ex.o
 .debug_aranges
                0x00000000000009d0       0x28 build/system_stm32f4xx.o
 .debug_aranges
                0x00000000000009f8       0x28 build/startup_stm32f411xe.o

.debug_ranges   0x0000000000000000      0x980
 .debug_ranges  0x0000000000000000       0x38 build/main.o
 .debug_ranges  0x0000000000000038       0x50 build/stm32f4xx_it.o
 .debug_ranges  0x0000000000000088       0x30 build/stm32f4xx_hal_msp.o
 .debug_ranges  0x00000000000000b8       0xd8 build/stm32f4xx_hal_adc.o
 .debug_ranges  0x0000000000000190       0x90 build/stm32f4xx_hal_rcc.o
 .debug_ranges  0x0000000000000220       0x48 build/stm32f4xx_hal_gpio.o
 .debug_ranges  0x0000000000000268       0xe8 build/stm32f4xx_hal_cortex.o
 .debug_ranges  0x0000000000000350       0xe0 build/stm32f4xx_hal.o
 .debug_ranges  0x0000000000000430      0x3c0 build/stm32f4xx_hal_tim.o
 .debug_ranges  0x00000000000007f0      0x158 build/stm32f4xx_hal_tim_ex.o
 .debug_ranges  0x0000000000000948       0x18 build/system_stm32f4xx.o
 .debug_ranges  0x0000000000000960       0x20 build/startup_stm32f411xe.o

.debug_line     0x0000000000000000     0x9e0d
 .debug_line    0x0000000000000000      0x5c0 build/main.o
 .debug_line    0x00000000000005c0      0x13d build/stm32f4xx_it.o
 .debug_line    0x00000000000006fd      0x307 build/stm32f4xx_hal_msp.o
 .debug_line    0x0000000000000a04      0xff6 build/stm32f4xx_hal_adc.o
 .debug_line    0x00000000000019fa      0xbf7 build/stm32f4xx_hal_rcc.o
 .debug_line    0x00000000000025f1      0x6e7 build/stm32f4xx_hal_gpio.o
 .debug_line    0x0000000000002cd8      0x858 build/stm32f4xx_hal_cortex.o
 .debug_line    0x0000000000003530      0x595 build/stm32f4xx_hal.o
 .debug_line    0x0000000000003ac5     0x4646 build/stm32f4xx_hal_tim.o
 .debug_line    0x000000000000810b     0x1a11 build/stm32f4xx_hal_tim_ex.o
 .debug_line    0x0000000000009b1c      0x27b build/system_stm32f4xx.o
 .debug_line    0x0000000000009d97       0x76 build/startup_stm32f411xe.o

.debug_str      0x0000000000000000     0x3468
 .debug_str     0x0000000000000000      0xd08 build/main.o
                                        0xdd9 (size before relaxing)
 .debug_str     0x0000000000000d08      0x16c build/stm32f4xx_it.o
                                        0x1fc (size before relaxing)
 .debug_str     0x0000000000000e74       0x96 build/stm32f4xx_hal_msp.o
                                        0xa38 (size before relaxing)
 .debug_str     0x0000000000000f0a      0x2b0 build/stm32f4xx_hal_adc.o
                                        0x92f (size before relaxing)
 .debug_str     0x00000000000011ba      0x209 build/stm32f4xx_hal_rcc.o
                                        0x6e5 (size before relaxing)
 .debug_str     0x00000000000013c3      0x117 build/stm32f4xx_hal_gpio.o
                                        0x4bf (size before relaxing)
 .debug_str     0x00000000000014da      0x8ea build/stm32f4xx_hal_cortex.o
                                        0xaea (size before relaxing)
 .debug_str     0x0000000000001dc4      0x295 build/stm32f4xx_hal.o
                                        0x9eb (size before relaxing)
 .debug_str     0x0000000000002059      0xeab build/stm32f4xx_hal_tim.o
                                       0x16cc (size before relaxing)
 .debug_str     0x0000000000002f04      0x4eb build/stm32f4xx_hal_tim_ex.o
                                        0xed8 (size before relaxing)
 .debug_str     0x00000000000033ef       0x47 build/system_stm32f4xx.o
                                        0x354 (size before relaxing)
 .debug_str     0x0000000000003436       0x32 build/startup_stm32f411xe.o
                                         0x6f (size before relaxing)

.debug_frame    0x0000000000000000     0x1aac
 .debug_frame   0x0000000000000000       0xbc build/main.o
 .debug_frame   0x00000000000000bc       0xa8 build/stm32f4xx_it.o
 .debug_frame   0x0000000000000164       0x88 build/stm32f4xx_hal_msp.o
 .debug_frame   0x00000000000001ec      0x268 build/stm32f4xx_hal_adc.o
 .debug_frame   0x0000000000000454      0x16c build/stm32f4xx_hal_rcc.o
 .debug_frame   0x00000000000005c0       0xd8 build/stm32f4xx_hal_gpio.o
 .debug_frame   0x0000000000000698      0x214 build/stm32f4xx_hal_cortex.o
 .debug_frame   0x00000000000008ac      0x1ec build/stm32f4xx_hal.o
 .debug_frame   0x0000000000000a98      0xb20 build/stm32f4xx_hal_tim.o
 .debug_frame   0x00000000000015b8      0x418 build/stm32f4xx_hal_tim_ex.o
 .debug_frame   0x00000000000019d0       0x30 build/system_stm32f4xx.o
 .debug_frame   0x0000000000001a00       0x2c /opt/arm-gnu-toolchain-12.2.rel1-x86_64-arm-none-eabi/bin/../lib/gcc/arm-none-eabi/12.2.1/../../../../arm-none-eabi/lib/thumb/v7e-m+fp/hard/libc_nano.a(libc_a-init.o)
 .debug_frame   0x0000000000001a2c       0x20 /opt/arm-gnu-toolchain-12.2.rel1-x86_64-arm-none-eabi/bin/../lib/gcc/arm-none-eabi/12.2.1/../../../../arm-none-eabi/lib/thumb/v7e-m+fp/hard/libc_nano.a(libc_a-memset.o)
 .debug_frame   0x0000000000001a4c       0x2c /opt/arm-gnu-toolchain-12.2.rel1-x86_64-arm-none-eabi/bin/../lib/gcc/arm-none-eabi/12.2.1/thumb/v7e-m+fp/hard/libgcc.a(_aeabi_uldivmod.o)
 .debug_frame   0x0000000000001a78       0x34 /opt/arm-gnu-toolchain-12.2.rel1-x86_64-arm-none-eabi/bin/../lib/gcc/arm-none-eabi/12.2.1/thumb/v7e-m+fp/hard/libgcc.a(_udivmoddi4.o)

.debug_line_str
                0x0000000000000000       0xce
 .debug_line_str
                0x0000000000000000       0xc2 /opt/arm-gnu-toolchain-12.2.rel1-x86_64-arm-none-eabi/bin/../lib/gcc/arm-none-eabi/12.2.1/thumb/v7e-m+fp/hard/libgcc.a(_aeabi_uldivmod.o)
 .debug_line_str
                0x00000000000000c2        0xc /opt/arm-gnu-toolchain-12.2.rel1-x86_64-arm-none-eabi/bin/../lib/gcc/arm-none-eabi/12.2.1/thumb/v7e-m+fp/hard/libgcc.a(_dvmd_tls.o)
                                         0xc6 (size before relaxing)

Cross Reference Table

Symbol                                            File
ADC_IRQHandler                                    build/startup_stm32f411xe.o
AHBPrescTable                                     build/system_stm32f4xx.o
                                                  build/stm32f4xx_hal_rcc.o
APBPrescTable                                     build/system_stm32f4xx.o
                                                  build/stm32f4xx_hal_rcc.o
BusFault_Handler                                  build/stm32f4xx_it.o
DMA1_Stream0_IRQHandler                           build/startup_stm32f411xe.o
DMA1_Stream1_IRQHandler                           build/startup_stm32f411xe.o
DMA1_Stream2_IRQHandler                           build/startup_stm32f411xe.o
DMA1_Stream3_IRQHandler                           build/startup_stm32f411xe.o
DMA1_Stream4_IRQHandler                           build/startup_stm32f411xe.o
DMA1_Stream5_IRQHandler                           build/startup_stm32f411xe.o
DMA1_Stream6_IRQHandler                           build/startup_stm32f411xe.o
DMA1_Stream7_IRQHandler                           build/startup_stm32f411xe.o
DMA2_Stream0_IRQHandler                           build/startup_stm32f411xe.o
DMA2_Stream1_IRQHandler                           build/startup_stm32f411xe.o
DMA2_Stream2_IRQHandler                           build/startup_stm32f411xe.o
DMA2_Stream3_IRQHandler                           build/startup_stm32f411xe.o
DMA2_Stream4_IRQHandler                           build/startup_stm32f411xe.o
DMA2_Stream5_IRQHandler                           build/startup_stm32f411xe.o
DMA2_Stream6_IRQHandler                           build/startup_stm32f411xe.o
DMA2_Stream7_IRQHandler                           build/startup_stm32f411xe.o
DebugMon_Handler                                  build/stm32f4xx_it.o
Default_Handler                                   build/startup_stm32f411xe.o
EXTI0_IRQHandler                                  build/startup_stm32f411xe.o
EXTI15_10_IRQHandler                              build/startup_stm32f411xe.o
EXTI1_IRQHandler                                  build/startup_stm32f411xe.o
EXTI2_IRQHandler                                  build/startup_stm32f411xe.o
EXTI3_IRQHandler                                  build/startup_stm32f411xe.o
EXTI4_IRQHandler                                  build/startup_stm32f411xe.o
EXTI9_5_IRQHandler                                build/startup_stm32f411xe.o
Error_Handler                                     build/main.o
FLASH_Erase_Sector                                build/stm32f4xx_hal_flash_ex.o
                                                  build/stm32f4xx_hal_flash.o
FLASH_FlushCaches                                 build/stm32f4xx_hal_flash_ex.o
                                                  build/stm32f4xx_hal_flash.o
FLASH_IRQHandler                                  build/startup_stm32f411xe.o
FLASH_WaitForLastOperation                        build/stm32f4xx_hal_flash.o
                                                  build/stm32f4xx_hal_flash_ex.o
FPU_IRQHandler                                    build/startup_stm32f411xe.o
HAL_ADCEx_InjectedConfigChannel                   build/stm32f4xx_hal_adc_ex.o
HAL_ADCEx_InjectedConvCpltCallback                build/stm32f4xx_hal_adc_ex.o
                                                  build/stm32f4xx_hal_adc.o
HAL_ADCEx_InjectedGetValue                        build/stm32f4xx_hal_adc_ex.o
HAL_ADCEx_InjectedPollForConversion               build/stm32f4xx_hal_adc_ex.o
HAL_ADCEx_InjectedStart                           build/stm32f4xx_hal_adc_ex.o
HAL_ADCEx_InjectedStart_IT                        build/stm32f4xx_hal_adc_ex.o
HAL_ADCEx_InjectedStop                            build/stm32f4xx_hal_adc_ex.o
HAL_ADCEx_InjectedStop_IT                         build/stm32f4xx_hal_adc_ex.o
HAL_ADCEx_MultiModeConfigChannel                  build/stm32f4xx_hal_adc_ex.o
HAL_ADCEx_MultiModeGetValue                       build/stm32f4xx_hal_adc_ex.o
HAL_ADCEx_MultiModeStart_DMA                      build/stm32f4xx_hal_adc_ex.o
HAL_ADCEx_MultiModeStop_DMA                       build/stm32f4xx_hal_adc_ex.o
HAL_ADC_AnalogWDGConfig                           build/stm32f4xx_hal_adc.o
HAL_ADC_ConfigChannel                             build/stm32f4xx_hal_adc.o
                                                  build/main.o
HAL_ADC_ConvCpltCallback                          build/stm32f4xx_hal_adc.o
                                                  build/stm32f4xx_hal_adc_ex.o
HAL_ADC_ConvHalfCpltCallback                      build/stm32f4xx_hal_adc.o
                                                  build/stm32f4xx_hal_adc_ex.o
HAL_ADC_DeInit                                    build/stm32f4xx_hal_adc.o
HAL_ADC_ErrorCallback                             build/stm32f4xx_hal_adc.o
                                                  build/stm32f4xx_hal_adc_ex.o
HAL_ADC_GetError                                  build/stm32f4xx_hal_adc.o
HAL_ADC_GetState                                  build/stm32f4xx_hal_adc.o
HAL_ADC_GetValue                                  build/stm32f4xx_hal_adc.o
                                                  build/main.o
HAL_ADC_IRQHandler                                build/stm32f4xx_hal_adc.o
HAL_ADC_Init                                      build/stm32f4xx_hal_adc.o
                                                  build/main.o
HAL_ADC_LevelOutOfWindowCallback                  build/stm32f4xx_hal_adc.o
HAL_ADC_MspDeInit                                 build/stm32f4xx_hal_msp.o
HAL_ADC_MspInit                                   build/stm32f4xx_hal_msp.o
HAL_ADC_PollForConversion                         build/stm32f4xx_hal_adc.o
                                                  build/main.o
HAL_ADC_PollForEvent                              build/stm32f4xx_hal_adc.o
HAL_ADC_Start                                     build/stm32f4xx_hal_adc.o
                                                  build/main.o
HAL_ADC_Start_DMA                                 build/stm32f4xx_hal_adc.o
HAL_ADC_Start_IT                                  build/stm32f4xx_hal_adc.o
HAL_ADC_Stop                                      build/stm32f4xx_hal_adc.o
                                                  build/main.o
HAL_ADC_Stop_DMA                                  build/stm32f4xx_hal_adc.o
HAL_ADC_Stop_IT                                   build/stm32f4xx_hal_adc.o
HAL_CORTEX_ClearEvent                             build/stm32f4xx_hal_cortex.o
HAL_DBGMCU_DisableDBGSleepMode                    build/stm32f4xx_hal.o
HAL_DBGMCU_DisableDBGStandbyMode                  build/stm32f4xx_hal.o
HAL_DBGMCU_DisableDBGStopMode                     build/stm32f4xx_hal.o
HAL_DBGMCU_EnableDBGSleepMode                     build/stm32f4xx_hal.o
HAL_DBGMCU_EnableDBGStandbyMode                   build/stm32f4xx_hal.o
HAL_DBGMCU_EnableDBGStopMode                      build/stm32f4xx_hal.o
HAL_DMAEx_ChangeMemory                            build/stm32f4xx_hal_dma_ex.o
HAL_DMAEx_MultiBufferStart                        build/stm32f4xx_hal_dma_ex.o
HAL_DMAEx_MultiBufferStart_IT                     build/stm32f4xx_hal_dma_ex.o
HAL_DMA_Abort                                     build/stm32f4xx_hal_dma.o
                                                  build/stm32f4xx_hal_adc_ex.o
                                                  build/stm32f4xx_hal_adc.o
HAL_DMA_Abort_IT                                  build/stm32f4xx_hal_dma.o
                                                  build/stm32f4xx_hal_tim_ex.o
                                                  build/stm32f4xx_hal_tim.o
HAL_DMA_DeInit                                    build/stm32f4xx_hal_dma.o
HAL_DMA_GetError                                  build/stm32f4xx_hal_dma.o
HAL_DMA_GetState                                  build/stm32f4xx_hal_dma.o
HAL_DMA_IRQHandler                                build/stm32f4xx_hal_dma.o
HAL_DMA_Init                                      build/stm32f4xx_hal_dma.o
HAL_DMA_PollForTransfer                           build/stm32f4xx_hal_dma.o
HAL_DMA_RegisterCallback                          build/stm32f4xx_hal_dma.o
HAL_DMA_Start                                     build/stm32f4xx_hal_dma.o
HAL_DMA_Start_IT                                  build/stm32f4xx_hal_dma.o
                                                  build/stm32f4xx_hal_tim_ex.o
                                                  build/stm32f4xx_hal_tim.o
                                                  build/stm32f4xx_hal_adc_ex.o
                                                  build/stm32f4xx_hal_adc.o
HAL_DMA_UnRegisterCallback                        build/stm32f4xx_hal_dma.o
HAL_DeInit                                        build/stm32f4xx_hal.o
HAL_Delay                                         build/stm32f4xx_hal.o
                                                  build/main.o
HAL_DisableCompensationCell                       build/stm32f4xx_hal.o
HAL_EXTI_ClearConfigLine                          build/stm32f4xx_hal_exti.o
HAL_EXTI_ClearPending                             build/stm32f4xx_hal_exti.o
HAL_EXTI_GenerateSWI                              build/stm32f4xx_hal_exti.o
HAL_EXTI_GetConfigLine                            build/stm32f4xx_hal_exti.o
HAL_EXTI_GetHandle                                build/stm32f4xx_hal_exti.o
HAL_EXTI_GetPending                               build/stm32f4xx_hal_exti.o
HAL_EXTI_IRQHandler                               build/stm32f4xx_hal_exti.o
HAL_EXTI_RegisterCallback                         build/stm32f4xx_hal_exti.o
HAL_EXTI_SetConfigLine                            build/stm32f4xx_hal_exti.o
HAL_EnableCompensationCell                        build/stm32f4xx_hal.o
HAL_FLASHEx_AdvOBGetConfig                        build/stm32f4xx_hal_flash_ex.o
HAL_FLASHEx_AdvOBProgram                          build/stm32f4xx_hal_flash_ex.o
HAL_FLASHEx_DisableFlashSleepMode                 build/stm32f4xx_hal_flash_ramfunc.o
HAL_FLASHEx_EnableFlashSleepMode                  build/stm32f4xx_hal_flash_ramfunc.o
HAL_FLASHEx_Erase                                 build/stm32f4xx_hal_flash_ex.o
HAL_FLASHEx_Erase_IT                              build/stm32f4xx_hal_flash_ex.o
HAL_FLASHEx_OBGetConfig                           build/stm32f4xx_hal_flash_ex.o
HAL_FLASHEx_OBProgram                             build/stm32f4xx_hal_flash_ex.o
HAL_FLASHEx_OB_DeSelectPCROP                      build/stm32f4xx_hal_flash_ex.o
HAL_FLASHEx_OB_SelectPCROP                        build/stm32f4xx_hal_flash_ex.o
HAL_FLASHEx_StartFlashInterfaceClk                build/stm32f4xx_hal_flash_ramfunc.o
HAL_FLASHEx_StopFlashInterfaceClk                 build/stm32f4xx_hal_flash_ramfunc.o
HAL_FLASH_EndOfOperationCallback                  build/stm32f4xx_hal_flash.o
HAL_FLASH_GetError                                build/stm32f4xx_hal_flash.o
HAL_FLASH_IRQHandler                              build/stm32f4xx_hal_flash.o
HAL_FLASH_Lock                                    build/stm32f4xx_hal_flash.o
HAL_FLASH_OB_Launch                               build/stm32f4xx_hal_flash.o
HAL_FLASH_OB_Lock                                 build/stm32f4xx_hal_flash.o
HAL_FLASH_OB_Unlock                               build/stm32f4xx_hal_flash.o
HAL_FLASH_OperationErrorCallback                  build/stm32f4xx_hal_flash.o
HAL_FLASH_Program                                 build/stm32f4xx_hal_flash.o
HAL_FLASH_Program_IT                              build/stm32f4xx_hal_flash.o
HAL_FLASH_Unlock                                  build/stm32f4xx_hal_flash.o
HAL_GPIO_DeInit                                   build/stm32f4xx_hal_gpio.o
                                                  build/stm32f4xx_hal_msp.o
HAL_GPIO_EXTI_Callback                            build/stm32f4xx_hal_gpio.o
HAL_GPIO_EXTI_IRQHandler                          build/stm32f4xx_hal_gpio.o
HAL_GPIO_Init                                     build/stm32f4xx_hal_gpio.o
                                                  build/stm32f4xx_hal_rcc.o
                                                  build/stm32f4xx_hal_msp.o
                                                  build/main.o
HAL_GPIO_LockPin                                  build/stm32f4xx_hal_gpio.o
HAL_GPIO_ReadPin                                  build/stm32f4xx_hal_gpio.o
HAL_GPIO_TogglePin                                build/stm32f4xx_hal_gpio.o
HAL_GPIO_WritePin                                 build/stm32f4xx_hal_gpio.o
                                                  build/main.o
HAL_GetDEVID                                      build/stm32f4xx_hal.o
HAL_GetHalVersion                                 build/stm32f4xx_hal.o
HAL_GetREVID                                      build/stm32f4xx_hal.o
HAL_GetTick                                       build/stm32f4xx_hal.o
                                                  build/stm32f4xx_hal_pwr_ex.o
                                                  build/stm32f4xx_hal_dma.o
                                                  build/stm32f4xx_hal_flash.o
                                                  build/stm32f4xx_hal_rcc_ex.o
                                                  build/stm32f4xx_hal_rcc.o
                                                  build/stm32f4xx_hal_adc_ex.o
                                                  build/stm32f4xx_hal_adc.o
HAL_GetTickFreq                                   build/stm32f4xx_hal.o
HAL_GetTickPrio                                   build/stm32f4xx_hal.o
HAL_GetUIDw0                                      build/stm32f4xx_hal.o
HAL_GetUIDw1                                      build/stm32f4xx_hal.o
HAL_GetUIDw2                                      build/stm32f4xx_hal.o
HAL_IncTick                                       build/stm32f4xx_hal.o
                                                  build/stm32f4xx_it.o
HAL_Init                                          build/stm32f4xx_hal.o
                                                  build/main.o
HAL_InitTick                                      build/stm32f4xx_hal.o
                                                  build/stm32f4xx_hal_rcc_ex.o
                                                  build/stm32f4xx_hal_rcc.o
HAL_MPU_ConfigRegion                              build/stm32f4xx_hal_cortex.o
HAL_MPU_Disable                                   build/stm32f4xx_hal_cortex.o
HAL_MPU_DisableRegion                             build/stm32f4xx_hal_cortex.o
HAL_MPU_Enable                                    build/stm32f4xx_hal_cortex.o
HAL_MPU_EnableRegion                              build/stm32f4xx_hal_cortex.o
HAL_MspDeInit                                     build/stm32f4xx_hal.o
HAL_MspInit                                       build/stm32f4xx_hal_msp.o
HAL_NVIC_ClearPendingIRQ                          build/stm32f4xx_hal_cortex.o
HAL_NVIC_DisableIRQ                               build/stm32f4xx_hal_cortex.o
HAL_NVIC_EnableIRQ                                build/stm32f4xx_hal_cortex.o
HAL_NVIC_GetActive                                build/stm32f4xx_hal_cortex.o
HAL_NVIC_GetPendingIRQ                            build/stm32f4xx_hal_cortex.o
HAL_NVIC_GetPriority                              build/stm32f4xx_hal_cortex.o
HAL_NVIC_GetPriorityGrouping                      build/stm32f4xx_hal_cortex.o
HAL_NVIC_SetPendingIRQ                            build/stm32f4xx_hal_cortex.o
HAL_NVIC_SetPriority                              build/stm32f4xx_hal_cortex.o
                                                  build/stm32f4xx_hal.o
HAL_NVIC_SetPriorityGrouping                      build/stm32f4xx_hal_cortex.o
                                                  build/stm32f4xx_hal.o
HAL_NVIC_SystemReset                              build/stm32f4xx_hal_cortex.o
HAL_PWREx_ControlVoltageScaling                   build/stm32f4xx_hal_pwr_ex.o
HAL_PWREx_DisableBkUpReg                          build/stm32f4xx_hal_pwr_ex.o
HAL_PWREx_DisableFlashPowerDown                   build/stm32f4xx_hal_pwr_ex.o
HAL_PWREx_DisableLowRegulatorLowVoltage           build/stm32f4xx_hal_pwr_ex.o
HAL_PWREx_DisableMainRegulatorLowVoltage          build/stm32f4xx_hal_pwr_ex.o
HAL_PWREx_EnableBkUpReg                           build/stm32f4xx_hal_pwr_ex.o
HAL_PWREx_EnableFlashPowerDown                    build/stm32f4xx_hal_pwr_ex.o
HAL_PWREx_EnableLowRegulatorLowVoltage            build/stm32f4xx_hal_pwr_ex.o
HAL_PWREx_EnableMainRegulatorLowVoltage           build/stm32f4xx_hal_pwr_ex.o
HAL_PWREx_GetVoltageRange                         build/stm32f4xx_hal_pwr_ex.o
HAL_PWR_ConfigPVD                                 build/stm32f4xx_hal_pwr.o
HAL_PWR_DeInit                                    build/stm32f4xx_hal_pwr.o
HAL_PWR_DisableBkUpAccess                         build/stm32f4xx_hal_pwr.o
HAL_PWR_DisablePVD                                build/stm32f4xx_hal_pwr.o
HAL_PWR_DisableSEVOnPend                          build/stm32f4xx_hal_pwr.o
HAL_PWR_DisableSleepOnExit                        build/stm32f4xx_hal_pwr.o
HAL_PWR_DisableWakeUpPin                          build/stm32f4xx_hal_pwr.o
HAL_PWR_EnableBkUpAccess                          build/stm32f4xx_hal_pwr.o
HAL_PWR_EnablePVD                                 build/stm32f4xx_hal_pwr.o
HAL_PWR_EnableSEVOnPend                           build/stm32f4xx_hal_pwr.o
HAL_PWR_EnableSleepOnExit                         build/stm32f4xx_hal_pwr.o
HAL_PWR_EnableWakeUpPin                           build/stm32f4xx_hal_pwr.o
HAL_PWR_EnterSLEEPMode                            build/stm32f4xx_hal_pwr.o
HAL_PWR_EnterSTANDBYMode                          build/stm32f4xx_hal_pwr.o
HAL_PWR_EnterSTOPMode                             build/stm32f4xx_hal_pwr.o
HAL_PWR_PVDCallback                               build/stm32f4xx_hal_pwr.o
HAL_PWR_PVD_IRQHandler                            build/stm32f4xx_hal_pwr.o
HAL_RCCEx_DisablePLLI2S                           build/stm32f4xx_hal_rcc_ex.o
HAL_RCCEx_EnablePLLI2S                            build/stm32f4xx_hal_rcc_ex.o
HAL_RCCEx_GetPeriphCLKConfig                      build/stm32f4xx_hal_rcc_ex.o
HAL_RCCEx_GetPeriphCLKFreq                        build/stm32f4xx_hal_rcc_ex.o
HAL_RCCEx_PeriphCLKConfig                         build/stm32f4xx_hal_rcc_ex.o
HAL_RCCEx_SelectLSEMode                           build/stm32f4xx_hal_rcc_ex.o
HAL_RCC_CSSCallback                               build/stm32f4xx_hal_rcc.o
HAL_RCC_ClockConfig                               build/stm32f4xx_hal_rcc.o
                                                  build/main.o
HAL_RCC_DeInit                                    build/stm32f4xx_hal_rcc_ex.o
                                                  build/stm32f4xx_hal_rcc.o
HAL_RCC_DisableCSS                                build/stm32f4xx_hal_rcc.o
HAL_RCC_EnableCSS                                 build/stm32f4xx_hal_rcc.o
HAL_RCC_GetClockConfig                            build/stm32f4xx_hal_rcc.o
HAL_RCC_GetHCLKFreq                               build/stm32f4xx_hal_rcc.o
HAL_RCC_GetOscConfig                              build/stm32f4xx_hal_rcc.o
HAL_RCC_GetPCLK1Freq                              build/stm32f4xx_hal_rcc.o
HAL_RCC_GetPCLK2Freq                              build/stm32f4xx_hal_rcc.o
HAL_RCC_GetSysClockFreq                           build/stm32f4xx_hal_rcc.o
HAL_RCC_MCOConfig                                 build/stm32f4xx_hal_rcc.o
HAL_RCC_NMI_IRQHandler                            build/stm32f4xx_hal_rcc.o
HAL_RCC_OscConfig                                 build/stm32f4xx_hal_rcc.o
                                                  build/main.o
HAL_ResumeTick                                    build/stm32f4xx_hal.o
HAL_SYSTICK_CLKSourceConfig                       build/stm32f4xx_hal_cortex.o
HAL_SYSTICK_Callback                              build/stm32f4xx_hal_cortex.o
HAL_SYSTICK_Config                                build/stm32f4xx_hal_cortex.o
                                                  build/stm32f4xx_hal.o
HAL_SYSTICK_IRQHandler                            build/stm32f4xx_hal_cortex.o
HAL_SetTickFreq                                   build/stm32f4xx_hal.o
HAL_SuspendTick                                   build/stm32f4xx_hal.o
HAL_TIMEx_BreakCallback                           build/stm32f4xx_hal_tim_ex.o
                                                  build/stm32f4xx_hal_tim.o
HAL_TIMEx_CommutCallback                          build/stm32f4xx_hal_tim_ex.o
                                                  build/stm32f4xx_hal_tim.o
HAL_TIMEx_CommutHalfCpltCallback                  build/stm32f4xx_hal_tim_ex.o
HAL_TIMEx_ConfigBreakDeadTime                     build/stm32f4xx_hal_tim_ex.o
HAL_TIMEx_ConfigCommutEvent                       build/stm32f4xx_hal_tim_ex.o
HAL_TIMEx_ConfigCommutEvent_DMA                   build/stm32f4xx_hal_tim_ex.o
HAL_TIMEx_ConfigCommutEvent_IT                    build/stm32f4xx_hal_tim_ex.o
HAL_TIMEx_GetChannelNState                        build/stm32f4xx_hal_tim_ex.o
HAL_TIMEx_HallSensor_DeInit                       build/stm32f4xx_hal_tim_ex.o
HAL_TIMEx_HallSensor_GetState                     build/stm32f4xx_hal_tim_ex.o
HAL_TIMEx_HallSensor_Init                         build/stm32f4xx_hal_tim_ex.o
HAL_TIMEx_HallSensor_MspDeInit                    build/stm32f4xx_hal_tim_ex.o
HAL_TIMEx_HallSensor_MspInit                      build/stm32f4xx_hal_tim_ex.o
HAL_TIMEx_HallSensor_Start                        build/stm32f4xx_hal_tim_ex.o
HAL_TIMEx_HallSensor_Start_DMA                    build/stm32f4xx_hal_tim_ex.o
HAL_TIMEx_HallSensor_Start_IT                     build/stm32f4xx_hal_tim_ex.o
HAL_TIMEx_HallSensor_Stop                         build/stm32f4xx_hal_tim_ex.o
HAL_TIMEx_HallSensor_Stop_DMA                     build/stm32f4xx_hal_tim_ex.o
HAL_TIMEx_HallSensor_Stop_IT                      build/stm32f4xx_hal_tim_ex.o
HAL_TIMEx_MasterConfigSynchronization             build/stm32f4xx_hal_tim_ex.o
                                                  build/main.o
HAL_TIMEx_OCN_Start                               build/stm32f4xx_hal_tim_ex.o
HAL_TIMEx_OCN_Start_DMA                           build/stm32f4xx_hal_tim_ex.o
HAL_TIMEx_OCN_Start_IT                            build/stm32f4xx_hal_tim_ex.o
HAL_TIMEx_OCN_Stop                                build/stm32f4xx_hal_tim_ex.o
HAL_TIMEx_OCN_Stop_DMA                            build/stm32f4xx_hal_tim_ex.o
HAL_TIMEx_OCN_Stop_IT                             build/stm32f4xx_hal_tim_ex.o
HAL_TIMEx_OnePulseN_Start                         build/stm32f4xx_hal_tim_ex.o
HAL_TIMEx_OnePulseN_Start_IT                      build/stm32f4xx_hal_tim_ex.o
HAL_TIMEx_OnePulseN_Stop                          build/stm32f4xx_hal_tim_ex.o
HAL_TIMEx_OnePulseN_Stop_IT                       build/stm32f4xx_hal_tim_ex.o
HAL_TIMEx_PWMN_Start                              build/stm32f4xx_hal_tim_ex.o
HAL_TIMEx_PWMN_Start_DMA                          build/stm32f4xx_hal_tim_ex.o
HAL_TIMEx_PWMN_Start_IT                           build/stm32f4xx_hal_tim_ex.o
HAL_TIMEx_PWMN_Stop                               build/stm32f4xx_hal_tim_ex.o
HAL_TIMEx_PWMN_Stop_DMA                           build/stm32f4xx_hal_tim_ex.o
HAL_TIMEx_PWMN_Stop_IT                            build/stm32f4xx_hal_tim_ex.o
HAL_TIMEx_RemapConfig                             build/stm32f4xx_hal_tim_ex.o
HAL_TIM_Base_DeInit                               build/stm32f4xx_hal_tim.o
HAL_TIM_Base_GetState                             build/stm32f4xx_hal_tim.o
HAL_TIM_Base_Init                                 build/stm32f4xx_hal_tim.o
                                                  build/main.o
HAL_TIM_Base_MspDeInit                            build/stm32f4xx_hal_msp.o
HAL_TIM_Base_MspInit                              build/stm32f4xx_hal_msp.o
HAL_TIM_Base_Start                                build/stm32f4xx_hal_tim.o
HAL_TIM_Base_Start_DMA                            build/stm32f4xx_hal_tim.o
HAL_TIM_Base_Start_IT                             build/stm32f4xx_hal_tim.o
HAL_TIM_Base_Stop                                 build/stm32f4xx_hal_tim.o
HAL_TIM_Base_Stop_DMA                             build/stm32f4xx_hal_tim.o
HAL_TIM_Base_Stop_IT                              build/stm32f4xx_hal_tim.o
HAL_TIM_ConfigClockSource                         build/stm32f4xx_hal_tim.o
                                                  build/main.o
HAL_TIM_ConfigOCrefClear                          build/stm32f4xx_hal_tim.o
HAL_TIM_ConfigTI1Input                            build/stm32f4xx_hal_tim.o
HAL_TIM_DMABurstState                             build/stm32f4xx_hal_tim.o
HAL_TIM_DMABurst_MultiReadStart                   build/stm32f4xx_hal_tim.o
HAL_TIM_DMABurst_MultiWriteStart                  build/stm32f4xx_hal_tim.o
HAL_TIM_DMABurst_ReadStart                        build/stm32f4xx_hal_tim.o
HAL_TIM_DMABurst_ReadStop                         build/stm32f4xx_hal_tim.o
HAL_TIM_DMABurst_WriteStart                       build/stm32f4xx_hal_tim.o
HAL_TIM_DMABurst_WriteStop                        build/stm32f4xx_hal_tim.o
HAL_TIM_Encoder_DeInit                            build/stm32f4xx_hal_tim.o
HAL_TIM_Encoder_GetState                          build/stm32f4xx_hal_tim.o
HAL_TIM_Encoder_Init                              build/stm32f4xx_hal_tim.o
HAL_TIM_Encoder_MspDeInit                         build/stm32f4xx_hal_tim.o
HAL_TIM_Encoder_MspInit                           build/stm32f4xx_hal_tim.o
HAL_TIM_Encoder_Start                             build/stm32f4xx_hal_tim.o
HAL_TIM_Encoder_Start_DMA                         build/stm32f4xx_hal_tim.o
HAL_TIM_Encoder_Start_IT                          build/stm32f4xx_hal_tim.o
HAL_TIM_Encoder_Stop                              build/stm32f4xx_hal_tim.o
HAL_TIM_Encoder_Stop_DMA                          build/stm32f4xx_hal_tim.o
HAL_TIM_Encoder_Stop_IT                           build/stm32f4xx_hal_tim.o
HAL_TIM_ErrorCallback                             build/stm32f4xx_hal_tim.o
                                                  build/stm32f4xx_hal_tim_ex.o
HAL_TIM_GenerateEvent                             build/stm32f4xx_hal_tim.o
HAL_TIM_GetActiveChannel                          build/stm32f4xx_hal_tim.o
HAL_TIM_GetChannelState                           build/stm32f4xx_hal_tim.o
HAL_TIM_IC_CaptureCallback                        build/stm32f4xx_hal_tim.o
HAL_TIM_IC_CaptureHalfCpltCallback                build/stm32f4xx_hal_tim.o
HAL_TIM_IC_ConfigChannel                          build/stm32f4xx_hal_tim.o
HAL_TIM_IC_DeInit                                 build/stm32f4xx_hal_tim.o
HAL_TIM_IC_GetState                               build/stm32f4xx_hal_tim.o
HAL_TIM_IC_Init                                   build/stm32f4xx_hal_tim.o
HAL_TIM_IC_MspDeInit                              build/stm32f4xx_hal_tim.o
HAL_TIM_IC_MspInit                                build/stm32f4xx_hal_tim.o
HAL_TIM_IC_Start                                  build/stm32f4xx_hal_tim.o
HAL_TIM_IC_Start_DMA                              build/stm32f4xx_hal_tim.o
HAL_TIM_IC_Start_IT                               build/stm32f4xx_hal_tim.o
HAL_TIM_IC_Stop                                   build/stm32f4xx_hal_tim.o
HAL_TIM_IC_Stop_DMA                               build/stm32f4xx_hal_tim.o
HAL_TIM_IC_Stop_IT                                build/stm32f4xx_hal_tim.o
HAL_TIM_IRQHandler                                build/stm32f4xx_hal_tim.o
HAL_TIM_OC_ConfigChannel                          build/stm32f4xx_hal_tim.o
HAL_TIM_OC_DeInit                                 build/stm32f4xx_hal_tim.o
HAL_TIM_OC_DelayElapsedCallback                   build/stm32f4xx_hal_tim.o
HAL_TIM_OC_GetState                               build/stm32f4xx_hal_tim.o
HAL_TIM_OC_Init                                   build/stm32f4xx_hal_tim.o
HAL_TIM_OC_MspDeInit                              build/stm32f4xx_hal_tim.o
HAL_TIM_OC_MspInit                                build/stm32f4xx_hal_tim.o
HAL_TIM_OC_Start                                  build/stm32f4xx_hal_tim.o
HAL_TIM_OC_Start_DMA                              build/stm32f4xx_hal_tim.o
HAL_TIM_OC_Start_IT                               build/stm32f4xx_hal_tim.o
HAL_TIM_OC_Stop                                   build/stm32f4xx_hal_tim.o
HAL_TIM_OC_Stop_DMA                               build/stm32f4xx_hal_tim.o
HAL_TIM_OC_Stop_IT                                build/stm32f4xx_hal_tim.o
HAL_TIM_OnePulse_ConfigChannel                    build/stm32f4xx_hal_tim.o
HAL_TIM_OnePulse_DeInit                           build/stm32f4xx_hal_tim.o
HAL_TIM_OnePulse_GetState                         build/stm32f4xx_hal_tim.o
HAL_TIM_OnePulse_Init                             build/stm32f4xx_hal_tim.o
HAL_TIM_OnePulse_MspDeInit                        build/stm32f4xx_hal_tim.o
HAL_TIM_OnePulse_MspInit                          build/stm32f4xx_hal_tim.o
HAL_TIM_OnePulse_Start                            build/stm32f4xx_hal_tim.o
HAL_TIM_OnePulse_Start_IT                         build/stm32f4xx_hal_tim.o
HAL_TIM_OnePulse_Stop                             build/stm32f4xx_hal_tim.o
HAL_TIM_OnePulse_Stop_IT                          build/stm32f4xx_hal_tim.o
HAL_TIM_PWM_ConfigChannel                         build/stm32f4xx_hal_tim.o
HAL_TIM_PWM_DeInit                                build/stm32f4xx_hal_tim.o
HAL_TIM_PWM_GetState                              build/stm32f4xx_hal_tim.o
HAL_TIM_PWM_Init                                  build/stm32f4xx_hal_tim.o
HAL_TIM_PWM_MspDeInit                             build/stm32f4xx_hal_tim.o
HAL_TIM_PWM_MspInit                               build/stm32f4xx_hal_tim.o
HAL_TIM_PWM_PulseFinishedCallback                 build/stm32f4xx_hal_tim.o
                                                  build/stm32f4xx_hal_tim_ex.o
HAL_TIM_PWM_PulseFinishedHalfCpltCallback         build/stm32f4xx_hal_tim.o
HAL_TIM_PWM_Start                                 build/stm32f4xx_hal_tim.o
HAL_TIM_PWM_Start_DMA                             build/stm32f4xx_hal_tim.o
HAL_TIM_PWM_Start_IT                              build/stm32f4xx_hal_tim.o
HAL_TIM_PWM_Stop                                  build/stm32f4xx_hal_tim.o
HAL_TIM_PWM_Stop_DMA                              build/stm32f4xx_hal_tim.o
HAL_TIM_PWM_Stop_IT                               build/stm32f4xx_hal_tim.o
HAL_TIM_PeriodElapsedCallback                     build/stm32f4xx_hal_tim.o
HAL_TIM_PeriodElapsedHalfCpltCallback             build/stm32f4xx_hal_tim.o
HAL_TIM_ReadCapturedValue                         build/stm32f4xx_hal_tim.o
HAL_TIM_SlaveConfigSynchro                        build/stm32f4xx_hal_tim.o
HAL_TIM_SlaveConfigSynchro_IT                     build/stm32f4xx_hal_tim.o
HAL_TIM_TriggerCallback                           build/stm32f4xx_hal_tim.o
HAL_TIM_TriggerHalfCpltCallback                   build/stm32f4xx_hal_tim.o
HardFault_Handler                                 build/stm32f4xx_it.o
I2C1_ER_IRQHandler                                build/startup_stm32f411xe.o
I2C1_EV_IRQHandler                                build/startup_stm32f411xe.o
I2C2_ER_IRQHandler                                build/startup_stm32f411xe.o
I2C2_EV_IRQHandler                                build/startup_stm32f411xe.o
I2C3_ER_IRQHandler                                build/startup_stm32f411xe.o
I2C3_EV_IRQHandler                                build/startup_stm32f411xe.o
MemManage_Handler                                 build/stm32f4xx_it.o
NMI_Handler                                       build/stm32f4xx_it.o
OTG_FS_IRQHandler                                 build/startup_stm32f411xe.o
OTG_FS_WKUP_IRQHandler                            build/startup_stm32f411xe.o
PVD_IRQHandler                                    build/startup_stm32f411xe.o
PendSV_Handler                                    build/stm32f4xx_it.o
RCC_IRQHandler                                    build/startup_stm32f411xe.o
RTC_Alarm_IRQHandler                              build/startup_stm32f411xe.o
RTC_WKUP_IRQHandler                               build/startup_stm32f411xe.o
Reset_Handler                                     build/startup_stm32f411xe.o
SDIO_IRQHandler                                   build/startup_stm32f411xe.o
SPI1_IRQHandler                                   build/startup_stm32f411xe.o
SPI2_IRQHandler                                   build/startup_stm32f411xe.o
SPI3_IRQHandler                                   build/startup_stm32f411xe.o
SPI4_IRQHandler                                   build/startup_stm32f411xe.o
SPI5_IRQHandler                                   build/startup_stm32f411xe.o
SVC_Handler                                       build/stm32f4xx_it.o
SysTick_Handler                                   build/stm32f4xx_it.o
SystemClock_Config                                build/main.o
SystemCoreClock                                   build/system_stm32f4xx.o
                                                  build/stm32f4xx_hal.o
                                                  build/stm32f4xx_hal_dma.o
                                                  build/stm32f4xx_hal_rcc_ex.o
                                                  build/stm32f4xx_hal_rcc.o
                                                  build/stm32f4xx_hal_adc_ex.o
                                                  build/stm32f4xx_hal_adc.o
SystemCoreClockUpdate                             build/system_stm32f4xx.o
SystemInit                                        build/system_stm32f4xx.o
                                                  build/startup_stm32f411xe.o
TAMP_STAMP_IRQHandler                             build/startup_stm32f411xe.o
TIM1_BRK_TIM9_IRQHandler                          build/startup_stm32f411xe.o
TIM1_CC_IRQHandler                                build/startup_stm32f411xe.o
TIM1_TRG_COM_TIM11_IRQHandler                     build/startup_stm32f411xe.o
TIM1_UP_TIM10_IRQHandler                          build/startup_stm32f411xe.o
TIM2_IRQHandler                                   build/startup_stm32f411xe.o
TIM3_IRQHandler                                   build/startup_stm32f411xe.o
TIM4_IRQHandler                                   build/startup_stm32f411xe.o
TIM5_IRQHandler                                   build/startup_stm32f411xe.o
TIMEx_DMACommutationCplt                          build/stm32f4xx_hal_tim_ex.o
                                                  build/stm32f4xx_hal_tim.o
TIMEx_DMACommutationHalfCplt                      build/stm32f4xx_hal_tim_ex.o
                                                  build/stm32f4xx_hal_tim.o
TIM_Base_SetConfig                                build/stm32f4xx_hal_tim.o
                                                  build/stm32f4xx_hal_tim_ex.o
TIM_CCxChannelCmd                                 build/stm32f4xx_hal_tim.o
                                                  build/stm32f4xx_hal_tim_ex.o
TIM_DMACaptureCplt                                build/stm32f4xx_hal_tim.o
                                                  build/stm32f4xx_hal_tim_ex.o
TIM_DMACaptureHalfCplt                            build/stm32f4xx_hal_tim.o
                                                  build/stm32f4xx_hal_tim_ex.o
TIM_DMADelayPulseHalfCplt                         build/stm32f4xx_hal_tim.o
                                                  build/stm32f4xx_hal_tim_ex.o
TIM_DMAError                                      build/stm32f4xx_hal_tim.o
                                                  build/stm32f4xx_hal_tim_ex.o
TIM_ETR_SetConfig                                 build/stm32f4xx_hal_tim.o
TIM_OC2_SetConfig                                 build/stm32f4xx_hal_tim.o
                                                  build/stm32f4xx_hal_tim_ex.o
TIM_TI1_SetConfig                                 build/stm32f4xx_hal_tim.o
                                                  build/stm32f4xx_hal_tim_ex.o
USART1_IRQHandler                                 build/startup_stm32f411xe.o
USART2_IRQHandler                                 build/startup_stm32f411xe.o
USART6_IRQHandler                                 build/startup_stm32f411xe.o
UsageFault_Handler                                build/stm32f4xx_it.o
WWDG_IRQHandler                                   build/startup_stm32f411xe.o
_ITM_deregisterTMCloneTable                       /opt/arm-gnu-toolchain-12.2.rel1-x86_64-arm-none-eabi/bin/../lib/gcc/arm-none-eabi/12.2.1/thumb/v7e-m+fp/hard/crtbegin.o
_ITM_registerTMCloneTable                         /opt/arm-gnu-toolchain-12.2.rel1-x86_64-arm-none-eabi/bin/../lib/gcc/arm-none-eabi/12.2.1/thumb/v7e-m+fp/hard/crtbegin.o
_Min_Stack_Size                                   build/sysmem.o
__TMC_END__                                       /opt/arm-gnu-toolchain-12.2.rel1-x86_64-arm-none-eabi/bin/../lib/gcc/arm-none-eabi/12.2.1/thumb/v7e-m+fp/hard/crtend.o
                                                  /opt/arm-gnu-toolchain-12.2.rel1-x86_64-arm-none-eabi/bin/../lib/gcc/arm-none-eabi/12.2.1/thumb/v7e-m+fp/hard/crtbegin.o
__aeabi_idiv0                                     /opt/arm-gnu-toolchain-12.2.rel1-x86_64-arm-none-eabi/bin/../lib/gcc/arm-none-eabi/12.2.1/thumb/v7e-m+fp/hard/libgcc.a(_dvmd_tls.o)
__aeabi_ldiv0                                     /opt/arm-gnu-toolchain-12.2.rel1-x86_64-arm-none-eabi/bin/../lib/gcc/arm-none-eabi/12.2.1/thumb/v7e-m+fp/hard/libgcc.a(_dvmd_tls.o)
                                                  /opt/arm-gnu-toolchain-12.2.rel1-x86_64-arm-none-eabi/bin/../lib/gcc/arm-none-eabi/12.2.1/thumb/v7e-m+fp/hard/libgcc.a(_aeabi_uldivmod.o)
__aeabi_uldivmod                                  /opt/arm-gnu-toolchain-12.2.rel1-x86_64-arm-none-eabi/bin/../lib/gcc/arm-none-eabi/12.2.1/thumb/v7e-m+fp/hard/libgcc.a(_aeabi_uldivmod.o)
                                                  build/stm32f4xx_hal_rcc.o
__bss_end__                                       /opt/arm-gnu-toolchain-12.2.rel1-x86_64-arm-none-eabi/bin/../lib/gcc/arm-none-eabi/12.2.1/../../../../arm-none-eabi/lib/thumb/v7e-m+fp/hard/crt0.o
__bss_start__                                     /opt/arm-gnu-toolchain-12.2.rel1-x86_64-arm-none-eabi/bin/../lib/gcc/arm-none-eabi/12.2.1/../../../../arm-none-eabi/lib/thumb/v7e-m+fp/hard/crt0.o
__call_exitprocs                                  /opt/arm-gnu-toolchain-12.2.rel1-x86_64-arm-none-eabi/bin/../lib/gcc/arm-none-eabi/12.2.1/../../../../arm-none-eabi/lib/thumb/v7e-m+fp/hard/libc_nano.a(libc_a-exit.o)
__deregister_frame_info                           /opt/arm-gnu-toolchain-12.2.rel1-x86_64-arm-none-eabi/bin/../lib/gcc/arm-none-eabi/12.2.1/thumb/v7e-m+fp/hard/crtbegin.o
__dso_handle                                      /opt/arm-gnu-toolchain-12.2.rel1-x86_64-arm-none-eabi/bin/../lib/gcc/arm-none-eabi/12.2.1/thumb/v7e-m+fp/hard/crtbegin.o
__env                                             build/syscalls.o
__errno                                           /opt/arm-gnu-toolchain-12.2.rel1-x86_64-arm-none-eabi/bin/../lib/gcc/arm-none-eabi/12.2.1/../../../../arm-none-eabi/lib/thumb/v7e-m+fp/hard/libc_nano.a(libc_a-errno.o)
                                                  build/syscalls.o
                                                  build/sysmem.o
__fp_lock_all                                     /opt/arm-gnu-toolchain-12.2.rel1-x86_64-arm-none-eabi/bin/../lib/gcc/arm-none-eabi/12.2.1/../../../../arm-none-eabi/lib/thumb/v7e-m+fp/hard/libc_nano.a(libc_a-findfp.o)
__fp_unlock_all                                   /opt/arm-gnu-toolchain-12.2.rel1-x86_64-arm-none-eabi/bin/../lib/gcc/arm-none-eabi/12.2.1/../../../../arm-none-eabi/lib/thumb/v7e-m+fp/hard/libc_nano.a(libc_a-findfp.o)
__init_array_end                                  /opt/arm-gnu-toolchain-12.2.rel1-x86_64-arm-none-eabi/bin/../lib/gcc/arm-none-eabi/12.2.1/../../../../arm-none-eabi/lib/thumb/v7e-m+fp/hard/libc_nano.a(libc_a-init.o)
__init_array_start                                /opt/arm-gnu-toolchain-12.2.rel1-x86_64-arm-none-eabi/bin/../lib/gcc/arm-none-eabi/12.2.1/../../../../arm-none-eabi/lib/thumb/v7e-m+fp/hard/libc_nano.a(libc_a-init.o)
__io_getchar                                      build/syscalls.o
__io_putchar                                      build/syscalls.o
__libc_fini_array                                 /opt/arm-gnu-toolchain-12.2.rel1-x86_64-arm-none-eabi/bin/../lib/gcc/arm-none-eabi/12.2.1/../../../../arm-none-eabi/lib/thumb/v7e-m+fp/hard/crt0.o
__libc_init_array                                 /opt/arm-gnu-toolchain-12.2.rel1-x86_64-arm-none-eabi/bin/../lib/gcc/arm-none-eabi/12.2.1/../../../../arm-none-eabi/lib/thumb/v7e-m+fp/hard/libc_nano.a(libc_a-init.o)
                                                  build/startup_stm32f411xe.o
                                                  /opt/arm-gnu-toolchain-12.2.rel1-x86_64-arm-none-eabi/bin/../lib/gcc/arm-none-eabi/12.2.1/../../../../arm-none-eabi/lib/thumb/v7e-m+fp/hard/crt0.o
__lock___arc4random_mutex                         /opt/arm-gnu-toolchain-12.2.rel1-x86_64-arm-none-eabi/bin/../lib/gcc/arm-none-eabi/12.2.1/../../../../arm-none-eabi/lib/thumb/v7e-m+fp/hard/libc_nano.a(libc_a-lock.o)
__lock___at_quick_exit_mutex                      /opt/arm-gnu-toolchain-12.2.rel1-x86_64-arm-none-eabi/bin/../lib/gcc/arm-none-eabi/12.2.1/../../../../arm-none-eabi/lib/thumb/v7e-m+fp/hard/libc_nano.a(libc_a-lock.o)
__lock___atexit_recursive_mutex                   /opt/arm-gnu-toolchain-12.2.rel1-x86_64-arm-none-eabi/bin/../lib/gcc/arm-none-eabi/12.2.1/../../../../arm-none-eabi/lib/thumb/v7e-m+fp/hard/libc_nano.a(libc_a-lock.o)
__lock___dd_hash_mutex                            /opt/arm-gnu-toolchain-12.2.rel1-x86_64-arm-none-eabi/bin/../lib/gcc/arm-none-eabi/12.2.1/../../../../arm-none-eabi/lib/thumb/v7e-m+fp/hard/libc_nano.a(libc_a-lock.o)
__lock___env_recursive_mutex                      /opt/arm-gnu-toolchain-12.2.rel1-x86_64-arm-none-eabi/bin/../lib/gcc/arm-none-eabi/12.2.1/../../../../arm-none-eabi/lib/thumb/v7e-m+fp/hard/libc_nano.a(libc_a-lock.o)
__lock___malloc_recursive_mutex                   /opt/arm-gnu-toolchain-12.2.rel1-x86_64-arm-none-eabi/bin/../lib/gcc/arm-none-eabi/12.2.1/../../../../arm-none-eabi/lib/thumb/v7e-m+fp/hard/libc_nano.a(libc_a-lock.o)
                                                  /opt/arm-gnu-toolchain-12.2.rel1-x86_64-arm-none-eabi/bin/../lib/gcc/arm-none-eabi/12.2.1/../../../../arm-none-eabi/lib/thumb/v7e-m+fp/hard/libc_nano.a(libc_a-mlock.o)
__lock___sfp_recursive_mutex                      /opt/arm-gnu-toolchain-12.2.rel1-x86_64-arm-none-eabi/bin/../lib/gcc/arm-none-eabi/12.2.1/../../../../arm-none-eabi/lib/thumb/v7e-m+fp/hard/libc_nano.a(libc_a-lock.o)
                                                  /opt/arm-gnu-toolchain-12.2.rel1-x86_64-arm-none-eabi/bin/../lib/gcc/arm-none-eabi/12.2.1/../../../../arm-none-eabi/lib/thumb/v7e-m+fp/hard/libc_nano.a(libc_a-findfp.o)
__lock___tz_mutex                                 /opt/arm-gnu-toolchain-12.2.rel1-x86_64-arm-none-eabi/bin/../lib/gcc/arm-none-eabi/12.2.1/../../../../arm-none-eabi/lib/thumb/v7e-m+fp/hard/libc_nano.a(libc_a-lock.o)
__malloc_free_list                                /opt/arm-gnu-toolchain-12.2.rel1-x86_64-arm-none-eabi/bin/../lib/gcc/arm-none-eabi/12.2.1/../../../../arm-none-eabi/lib/thumb/v7e-m+fp/hard/libc_nano.a(libc_a-mallocr.o)
                                                  /opt/arm-gnu-toolchain-12.2.rel1-x86_64-arm-none-eabi/bin/../lib/gcc/arm-none-eabi/12.2.1/../../../../arm-none-eabi/lib/thumb/v7e-m+fp/hard/libc_nano.a(libc_a-freer.o)
__malloc_lock                                     /opt/arm-gnu-toolchain-12.2.rel1-x86_64-arm-none-eabi/bin/../lib/gcc/arm-none-eabi/12.2.1/../../../../arm-none-eabi/lib/thumb/v7e-m+fp/hard/libc_nano.a(libc_a-mlock.o)
                                                  /opt/arm-gnu-toolchain-12.2.rel1-x86_64-arm-none-eabi/bin/../lib/gcc/arm-none-eabi/12.2.1/../../../../arm-none-eabi/lib/thumb/v7e-m+fp/hard/libc_nano.a(libc_a-freer.o)
                                                  /opt/arm-gnu-toolchain-12.2.rel1-x86_64-arm-none-eabi/bin/../lib/gcc/arm-none-eabi/12.2.1/../../../../arm-none-eabi/lib/thumb/v7e-m+fp/hard/libc_nano.a(libc_a-mallocr.o)
__malloc_sbrk_start                               /opt/arm-gnu-toolchain-12.2.rel1-x86_64-arm-none-eabi/bin/../lib/gcc/arm-none-eabi/12.2.1/../../../../arm-none-eabi/lib/thumb/v7e-m+fp/hard/libc_nano.a(libc_a-mallocr.o)
__malloc_unlock                                   /opt/arm-gnu-toolchain-12.2.rel1-x86_64-arm-none-eabi/bin/../lib/gcc/arm-none-eabi/12.2.1/../../../../arm-none-eabi/lib/thumb/v7e-m+fp/hard/libc_nano.a(libc_a-mlock.o)
                                                  /opt/arm-gnu-toolchain-12.2.rel1-x86_64-arm-none-eabi/bin/../lib/gcc/arm-none-eabi/12.2.1/../../../../arm-none-eabi/lib/thumb/v7e-m+fp/hard/libc_nano.a(libc_a-freer.o)
                                                  /opt/arm-gnu-toolchain-12.2.rel1-x86_64-arm-none-eabi/bin/../lib/gcc/arm-none-eabi/12.2.1/../../../../arm-none-eabi/lib/thumb/v7e-m+fp/hard/libc_nano.a(libc_a-mallocr.o)
__preinit_array_end                               /opt/arm-gnu-toolchain-12.2.rel1-x86_64-arm-none-eabi/bin/../lib/gcc/arm-none-eabi/12.2.1/../../../../arm-none-eabi/lib/thumb/v7e-m+fp/hard/libc_nano.a(libc_a-init.o)
__preinit_array_start                             /opt/arm-gnu-toolchain-12.2.rel1-x86_64-arm-none-eabi/bin/../lib/gcc/arm-none-eabi/12.2.1/../../../../arm-none-eabi/lib/thumb/v7e-m+fp/hard/libc_nano.a(libc_a-init.o)
__register_frame_info                             /opt/arm-gnu-toolchain-12.2.rel1-x86_64-arm-none-eabi/bin/../lib/gcc/arm-none-eabi/12.2.1/thumb/v7e-m+fp/hard/crtbegin.o
__retarget_lock_acquire                           /opt/arm-gnu-toolchain-12.2.rel1-x86_64-arm-none-eabi/bin/../lib/gcc/arm-none-eabi/12.2.1/../../../../arm-none-eabi/lib/thumb/v7e-m+fp/hard/libc_nano.a(libc_a-lock.o)
__retarget_lock_acquire_recursive                 /opt/arm-gnu-toolchain-12.2.rel1-x86_64-arm-none-eabi/bin/../lib/gcc/arm-none-eabi/12.2.1/../../../../arm-none-eabi/lib/thumb/v7e-m+fp/hard/libc_nano.a(libc_a-lock.o)
                                                  /opt/arm-gnu-toolchain-12.2.rel1-x86_64-arm-none-eabi/bin/../lib/gcc/arm-none-eabi/12.2.1/../../../../arm-none-eabi/lib/thumb/v7e-m+fp/hard/libc_nano.a(libc_a-mlock.o)
                                                  /opt/arm-gnu-toolchain-12.2.rel1-x86_64-arm-none-eabi/bin/../lib/gcc/arm-none-eabi/12.2.1/../../../../arm-none-eabi/lib/thumb/v7e-m+fp/hard/libc_nano.a(libc_a-fflush.o)
                                                  /opt/arm-gnu-toolchain-12.2.rel1-x86_64-arm-none-eabi/bin/../lib/gcc/arm-none-eabi/12.2.1/../../../../arm-none-eabi/lib/thumb/v7e-m+fp/hard/libc_nano.a(libc_a-findfp.o)
__retarget_lock_close                             /opt/arm-gnu-toolchain-12.2.rel1-x86_64-arm-none-eabi/bin/../lib/gcc/arm-none-eabi/12.2.1/../../../../arm-none-eabi/lib/thumb/v7e-m+fp/hard/libc_nano.a(libc_a-lock.o)
__retarget_lock_close_recursive                   /opt/arm-gnu-toolchain-12.2.rel1-x86_64-arm-none-eabi/bin/../lib/gcc/arm-none-eabi/12.2.1/../../../../arm-none-eabi/lib/thumb/v7e-m+fp/hard/libc_nano.a(libc_a-lock.o)
__retarget_lock_init                              /opt/arm-gnu-toolchain-12.2.rel1-x86_64-arm-none-eabi/bin/../lib/gcc/arm-none-eabi/12.2.1/../../../../arm-none-eabi/lib/thumb/v7e-m+fp/hard/libc_nano.a(libc_a-lock.o)
__retarget_lock_init_recursive                    /opt/arm-gnu-toolchain-12.2.rel1-x86_64-arm-none-eabi/bin/../lib/gcc/arm-none-eabi/12.2.1/../../../../arm-none-eabi/lib/thumb/v7e-m+fp/hard/libc_nano.a(libc_a-lock.o)
                                                  /opt/arm-gnu-toolchain-12.2.rel1-x86_64-arm-none-eabi/bin/../lib/gcc/arm-none-eabi/12.2.1/../../../../arm-none-eabi/lib/thumb/v7e-m+fp/hard/libc_nano.a(libc_a-findfp.o)
__retarget_lock_release                           /opt/arm-gnu-toolchain-12.2.rel1-x86_64-arm-none-eabi/bin/../lib/gcc/arm-none-eabi/12.2.1/../../../../arm-none-eabi/lib/thumb/v7e-m+fp/hard/libc_nano.a(libc_a-lock.o)
__retarget_lock_release_recursive                 /opt/arm-gnu-toolchain-12.2.rel1-x86_64-arm-none-eabi/bin/../lib/gcc/arm-none-eabi/12.2.1/../../../../arm-none-eabi/lib/thumb/v7e-m+fp/hard/libc_nano.a(libc_a-lock.o)
                                                  /opt/arm-gnu-toolchain-12.2.rel1-x86_64-arm-none-eabi/bin/../lib/gcc/arm-none-eabi/12.2.1/../../../../arm-none-eabi/lib/thumb/v7e-m+fp/hard/libc_nano.a(libc_a-mlock.o)
                                                  /opt/arm-gnu-toolchain-12.2.rel1-x86_64-arm-none-eabi/bin/../lib/gcc/arm-none-eabi/12.2.1/../../../../arm-none-eabi/lib/thumb/v7e-m+fp/hard/libc_nano.a(libc_a-fflush.o)
                                                  /opt/arm-gnu-toolchain-12.2.rel1-x86_64-arm-none-eabi/bin/../lib/gcc/arm-none-eabi/12.2.1/../../../../arm-none-eabi/lib/thumb/v7e-m+fp/hard/libc_nano.a(libc_a-findfp.o)
__retarget_lock_try_acquire                       /opt/arm-gnu-toolchain-12.2.rel1-x86_64-arm-none-eabi/bin/../lib/gcc/arm-none-eabi/12.2.1/../../../../arm-none-eabi/lib/thumb/v7e-m+fp/hard/libc_nano.a(libc_a-lock.o)
__retarget_lock_try_acquire_recursive             /opt/arm-gnu-toolchain-12.2.rel1-x86_64-arm-none-eabi/bin/../lib/gcc/arm-none-eabi/12.2.1/../../../../arm-none-eabi/lib/thumb/v7e-m+fp/hard/libc_nano.a(libc_a-lock.o)
__sclose                                          /opt/arm-gnu-toolchain-12.2.rel1-x86_64-arm-none-eabi/bin/../lib/gcc/arm-none-eabi/12.2.1/../../../../arm-none-eabi/lib/thumb/v7e-m+fp/hard/libc_nano.a(libc_a-stdio.o)
                                                  /opt/arm-gnu-toolchain-12.2.rel1-x86_64-arm-none-eabi/bin/../lib/gcc/arm-none-eabi/12.2.1/../../../../arm-none-eabi/lib/thumb/v7e-m+fp/hard/libc_nano.a(libc_a-findfp.o)
__seofread                                        /opt/arm-gnu-toolchain-12.2.rel1-x86_64-arm-none-eabi/bin/../lib/gcc/arm-none-eabi/12.2.1/../../../../arm-none-eabi/lib/thumb/v7e-m+fp/hard/libc_nano.a(libc_a-stdio.o)
__sf                                              /opt/arm-gnu-toolchain-12.2.rel1-x86_64-arm-none-eabi/bin/../lib/gcc/arm-none-eabi/12.2.1/../../../../arm-none-eabi/lib/thumb/v7e-m+fp/hard/libc_nano.a(libc_a-findfp.o)
                                                  /opt/arm-gnu-toolchain-12.2.rel1-x86_64-arm-none-eabi/bin/../lib/gcc/arm-none-eabi/12.2.1/../../../../arm-none-eabi/lib/thumb/v7e-m+fp/hard/libc_nano.a(libc_a-impure.o)
__sflush_r                                        /opt/arm-gnu-toolchain-12.2.rel1-x86_64-arm-none-eabi/bin/../lib/gcc/arm-none-eabi/12.2.1/../../../../arm-none-eabi/lib/thumb/v7e-m+fp/hard/libc_nano.a(libc_a-fflush.o)
__sfp                                             /opt/arm-gnu-toolchain-12.2.rel1-x86_64-arm-none-eabi/bin/../lib/gcc/arm-none-eabi/12.2.1/../../../../arm-none-eabi/lib/thumb/v7e-m+fp/hard/libc_nano.a(libc_a-findfp.o)
__sfp_lock_acquire                                /opt/arm-gnu-toolchain-12.2.rel1-x86_64-arm-none-eabi/bin/../lib/gcc/arm-none-eabi/12.2.1/../../../../arm-none-eabi/lib/thumb/v7e-m+fp/hard/libc_nano.a(libc_a-findfp.o)
__sfp_lock_release                                /opt/arm-gnu-toolchain-12.2.rel1-x86_64-arm-none-eabi/bin/../lib/gcc/arm-none-eabi/12.2.1/../../../../arm-none-eabi/lib/thumb/v7e-m+fp/hard/libc_nano.a(libc_a-findfp.o)
__sglue                                           /opt/arm-gnu-toolchain-12.2.rel1-x86_64-arm-none-eabi/bin/../lib/gcc/arm-none-eabi/12.2.1/../../../../arm-none-eabi/lib/thumb/v7e-m+fp/hard/libc_nano.a(libc_a-findfp.o)
                                                  /opt/arm-gnu-toolchain-12.2.rel1-x86_64-arm-none-eabi/bin/../lib/gcc/arm-none-eabi/12.2.1/../../../../arm-none-eabi/lib/thumb/v7e-m+fp/hard/libc_nano.a(libc_a-fflush.o)
__sinit                                           /opt/arm-gnu-toolchain-12.2.rel1-x86_64-arm-none-eabi/bin/../lib/gcc/arm-none-eabi/12.2.1/../../../../arm-none-eabi/lib/thumb/v7e-m+fp/hard/libc_nano.a(libc_a-findfp.o)
                                                  /opt/arm-gnu-toolchain-12.2.rel1-x86_64-arm-none-eabi/bin/../lib/gcc/arm-none-eabi/12.2.1/../../../../arm-none-eabi/lib/thumb/v7e-m+fp/hard/libc_nano.a(libc_a-fflush.o)
__sread                                           /opt/arm-gnu-toolchain-12.2.rel1-x86_64-arm-none-eabi/bin/../lib/gcc/arm-none-eabi/12.2.1/../../../../arm-none-eabi/lib/thumb/v7e-m+fp/hard/libc_nano.a(libc_a-stdio.o)
                                                  /opt/arm-gnu-toolchain-12.2.rel1-x86_64-arm-none-eabi/bin/../lib/gcc/arm-none-eabi/12.2.1/../../../../arm-none-eabi/lib/thumb/v7e-m+fp/hard/libc_nano.a(libc_a-findfp.o)
__sseek                                           /opt/arm-gnu-toolchain-12.2.rel1-x86_64-arm-none-eabi/bin/../lib/gcc/arm-none-eabi/12.2.1/../../../../arm-none-eabi/lib/thumb/v7e-m+fp/hard/libc_nano.a(libc_a-stdio.o)
                                                  /opt/arm-gnu-toolchain-12.2.rel1-x86_64-arm-none-eabi/bin/../lib/gcc/arm-none-eabi/12.2.1/../../../../arm-none-eabi/lib/thumb/v7e-m+fp/hard/libc_nano.a(libc_a-findfp.o)
__stack                                           /opt/arm-gnu-toolchain-12.2.rel1-x86_64-arm-none-eabi/bin/../lib/gcc/arm-none-eabi/12.2.1/../../../../arm-none-eabi/lib/thumb/v7e-m+fp/hard/crt0.o
__stdio_exit_handler                              /opt/arm-gnu-toolchain-12.2.rel1-x86_64-arm-none-eabi/bin/../lib/gcc/arm-none-eabi/12.2.1/../../../../arm-none-eabi/lib/thumb/v7e-m+fp/hard/libc_nano.a(libc_a-findfp.o)
                                                  /opt/arm-gnu-toolchain-12.2.rel1-x86_64-arm-none-eabi/bin/../lib/gcc/arm-none-eabi/12.2.1/../../../../arm-none-eabi/lib/thumb/v7e-m+fp/hard/libc_nano.a(libc_a-exit.o)
__swrite                                          /opt/arm-gnu-toolchain-12.2.rel1-x86_64-arm-none-eabi/bin/../lib/gcc/arm-none-eabi/12.2.1/../../../../arm-none-eabi/lib/thumb/v7e-m+fp/hard/libc_nano.a(libc_a-stdio.o)
                                                  /opt/arm-gnu-toolchain-12.2.rel1-x86_64-arm-none-eabi/bin/../lib/gcc/arm-none-eabi/12.2.1/../../../../arm-none-eabi/lib/thumb/v7e-m+fp/hard/libc_nano.a(libc_a-findfp.o)
__udivmoddi4                                      /opt/arm-gnu-toolchain-12.2.rel1-x86_64-arm-none-eabi/bin/../lib/gcc/arm-none-eabi/12.2.1/thumb/v7e-m+fp/hard/libgcc.a(_udivmoddi4.o)
                                                  /opt/arm-gnu-toolchain-12.2.rel1-x86_64-arm-none-eabi/bin/../lib/gcc/arm-none-eabi/12.2.1/thumb/v7e-m+fp/hard/libgcc.a(_aeabi_uldivmod.o)
_close                                            build/syscalls.o
                                                  /opt/arm-gnu-toolchain-12.2.rel1-x86_64-arm-none-eabi/bin/../lib/gcc/arm-none-eabi/12.2.1/../../../../arm-none-eabi/lib/thumb/v7e-m+fp/hard/libc_nano.a(libc_a-closer.o)
_close_r                                          /opt/arm-gnu-toolchain-12.2.rel1-x86_64-arm-none-eabi/bin/../lib/gcc/arm-none-eabi/12.2.1/../../../../arm-none-eabi/lib/thumb/v7e-m+fp/hard/libc_nano.a(libc_a-closer.o)