Archive member included to satisfy reference by file (symbol)

C:/arm-tools/arm-gnu-toolchain-14.2.rel1-mingw-w64-x86_64-arm-none-eabi/bin/../lib/gcc/arm-none-eabi/14.2.1/thumb/v7e-m+fp/hard\libc_nano.a(libc_a-exit.o)
                              C:/arm-tools/arm-gnu-toolchain-14.2.rel1-mingw-w64-x86_64-arm-none-eabi/bin/../lib/gcc/arm-none-eabi/14.2.1/thumb/v7e-m+fp/hard/crt0.o (exit)
C:/arm-tools/arm-gnu-toolchain-14.2.rel1-mingw-w64-x86_64-arm-none-eabi/bin/../lib/gcc/arm-none-eabi/14.2.1/thumb/v7e-m+fp/hard\libc_nano.a(libc_a-findfp.o)
                              C:/arm-tools/arm-gnu-toolchain-14.2.rel1-mingw-w64-x86_64-arm-none-eabi/bin/../lib/gcc/arm-none-eabi/14.2.1/thumb/v7e-m+fp/hard\libc_nano.a(libc_a-exit.o) (__stdio_exit_handler)
C:/arm-tools/arm-gnu-toolchain-14.2.rel1-mingw-w64-x86_64-arm-none-eabi/bin/../lib/gcc/arm-none-eabi/14.2.1/thumb/v7e-m+fp/hard\libc_nano.a(libc_a-fwalk.o)
                              C:/arm-tools/arm-gnu-toolchain-14.2.rel1-mingw-w64-x86_64-arm-none-eabi/bin/../lib/gcc/arm-none-eabi/14.2.1/thumb/v7e-m+fp/hard\libc_nano.a(libc_a-findfp.o) (_fwalk_sglue)
C:/arm-tools/arm-gnu-toolchain-14.2.rel1-mingw-w64-x86_64-arm-none-eabi/bin/../lib/gcc/arm-none-eabi/14.2.1/thumb/v7e-m+fp/hard\libc_nano.a(libc_a-sprintf.o)
                              build/main.o (sprintf)
C:/arm-tools/arm-gnu-toolchain-14.2.rel1-mingw-w64-x86_64-arm-none-eabi/bin/../lib/gcc/arm-none-eabi/14.2.1/thumb/v7e-m+fp/hard\libc_nano.a(libc_a-stdio.o)
                              C:/arm-tools/arm-gnu-toolchain-14.2.rel1-mingw-w64-x86_64-arm-none-eabi/bin/../lib/gcc/arm-none-eabi/14.2.1/thumb/v7e-m+fp/hard\libc_nano.a(libc_a-findfp.o) (__sread)
C:/arm-tools/arm-gnu-toolchain-14.2.rel1-mingw-w64-x86_64-arm-none-eabi/bin/../lib/gcc/arm-none-eabi/14.2.1/thumb/v7e-m+fp/hard\libc_nano.a(libc_a-memset.o)
                              C:/arm-tools/arm-gnu-toolchain-14.2.rel1-mingw-w64-x86_64-arm-none-eabi/bin/../lib/gcc/arm-none-eabi/14.2.1/thumb/v7e-m+fp/hard/crt0.o (memset)
C:/arm-tools/arm-gnu-toolchain-14.2.rel1-mingw-w64-x86_64-arm-none-eabi/bin/../lib/gcc/arm-none-eabi/14.2.1/thumb/v7e-m+fp/hard\libc_nano.a(libc_a-closer.o)
                              C:/arm-tools/arm-gnu-toolchain-14.2.rel1-mingw-w64-x86_64-arm-none-eabi/bin/../lib/gcc/arm-none-eabi/14.2.1/thumb/v7e-m+fp/hard\libc_nano.a(libc_a-stdio.o) (_close_r)
C:/arm-tools/arm-gnu-toolchain-14.2.rel1-mingw-w64-x86_64-arm-none-eabi/bin/../lib/gcc/arm-none-eabi/14.2.1/thumb/v7e-m+fp/hard\libc_nano.a(libc_a-reent.o)
                              C:/arm-tools/arm-gnu-toolchain-14.2.rel1-mingw-w64-x86_64-arm-none-eabi/bin/../lib/gcc/arm-none-eabi/14.2.1/thumb/v7e-m+fp/hard\libc_nano.a(libc_a-closer.o) (errno)
C:/arm-tools/arm-gnu-toolchain-14.2.rel1-mingw-w64-x86_64-arm-none-eabi/bin/../lib/gcc/arm-none-eabi/14.2.1/thumb/v7e-m+fp/hard\libc_nano.a(libc_a-impure.o)
                              C:/arm-tools/arm-gnu-toolchain-14.2.rel1-mingw-w64-x86_64-arm-none-eabi/bin/../lib/gcc/arm-none-eabi/14.2.1/thumb/v7e-m+fp/hard\libc_nano.a(libc_a-sprintf.o) (_impure_ptr)
C:/arm-tools/arm-gnu-toolchain-14.2.rel1-mingw-w64-x86_64-arm-none-eabi/bin/../lib/gcc/arm-none-eabi/14.2.1/thumb/v7e-m+fp/hard\libc_nano.a(libc_a-lseekr.o)
                              C:/arm-tools/arm-gnu-toolchain-14.2.rel1-mingw-w64-x86_64-arm-none-eabi/bin/../lib/gcc/arm-none-eabi/14.2.1/thumb/v7e-m+fp/hard\libc_nano.a(libc_a-stdio.o) (_lseek_r)
C:/arm-tools/arm-gnu-toolchain-14.2.rel1-mingw-w64-x86_64-arm-none-eabi/bin/../lib/gcc/arm-none-eabi/14.2.1/thumb/v7e-m+fp/hard\libc_nano.a(libc_a-readr.o)
                              C:/arm-tools/arm-gnu-toolchain-14.2.rel1-mingw-w64-x86_64-arm-none-eabi/bin/../lib/gcc/arm-none-eabi/14.2.1/thumb/v7e-m+fp/hard\libc_nano.a(libc_a-stdio.o) (_read_r)
C:/arm-tools/arm-gnu-toolchain-14.2.rel1-mingw-w64-x86_64-arm-none-eabi/bin/../lib/gcc/arm-none-eabi/14.2.1/thumb/v7e-m+fp/hard\libc_nano.a(libc_a-writer.o)
                              C:/arm-tools/arm-gnu-toolchain-14.2.rel1-mingw-w64-x86_64-arm-none-eabi/bin/../lib/gcc/arm-none-eabi/14.2.1/thumb/v7e-m+fp/hard\libc_nano.a(libc_a-stdio.o) (_write_r)
C:/arm-tools/arm-gnu-toolchain-14.2.rel1-mingw-w64-x86_64-arm-none-eabi/bin/../lib/gcc/arm-none-eabi/14.2.1/thumb/v7e-m+fp/hard\libc_nano.a(libc_a-errno.o)
                              build/sysmem.o (__errno)
C:/arm-tools/arm-gnu-toolchain-14.2.rel1-mingw-w64-x86_64-arm-none-eabi/bin/../lib/gcc/arm-none-eabi/14.2.1/thumb/v7e-m+fp/hard\libc_nano.a(libc_a-init.o)
                              C:/arm-tools/arm-gnu-toolchain-14.2.rel1-mingw-w64-x86_64-arm-none-eabi/bin/../lib/gcc/arm-none-eabi/14.2.1/thumb/v7e-m+fp/hard/crt0.o (__libc_init_array)
C:/arm-tools/arm-gnu-toolchain-14.2.rel1-mingw-w64-x86_64-arm-none-eabi/bin/../lib/gcc/arm-none-eabi/14.2.1/thumb/v7e-m+fp/hard\libc_nano.a(libc_a-lock.o)
[...]
Memory Configuration

Name             Origin             Length             Attributes
RAM              0x20000000         0x00020000         xrw
FLASH            0x08000000         0x00080000         xr
*default*        0x00000000         0xffffffff

Linker script and memory map

LOAD C:/arm-tools/arm-gnu-toolchain-14.2.rel1-mingw-w64-x86_64-arm-none-eabi/bin/../lib/gcc/arm-none-eabi/14.2.1/thumb/v7e-m+fp/hard/crti.o
LOAD C:/arm-tools/arm-gnu-toolchain-14.2.rel1-mingw-w64-x86_64-arm-none-eabi/bin/../lib/gcc/arm-none-eabi/14.2.1/thumb/v7e-m+fp/hard/crtbegin.o
LOAD C:/arm-tools/arm-gnu-toolchain-14.2.rel1-mingw-w64-x86_64-arm-none-eabi/bin/../lib/gcc/arm-none-eabi/14.2.1/thumb/v7e-m+fp/hard/crt0.o
LOAD build/main.o
LOAD build/stm32f4xx_it.o
LOAD build/stm32f4xx_hal_msp.o
LOAD build/sysmem.o
LOAD build/syscalls.o
LOAD build/usb_device.o
LOAD build/usbd_desc.o
LOAD build/usbd_cdc_if.o
LOAD build/usbd_conf.o
LOAD build/stm32f4xx_hal_tim.o
LOAD build/stm32f4xx_hal_tim_ex.o
LOAD build/stm32f4xx_hal_pcd.o
LOAD build/stm32f4xx_hal_pcd_ex.o
LOAD build/stm32f4xx_ll_usb.o
LOAD build/stm32f4xx_hal_rcc.o
LOAD build/stm32f4xx_hal_rcc_ex.o
LOAD build/stm32f4xx_hal_flash.o
LOAD build/stm32f4xx_hal_flash_ex.o
LOAD build/stm32f4xx_hal_flash_ramfunc.o
LOAD build/stm32f4xx_hal_gpio.o
LOAD build/stm32f4xx_hal_dma_ex.o
LOAD build/stm32f4xx_hal_dma.o
LOAD build/stm32f4xx_hal_pwr.o
LOAD build/stm32f4xx_hal_pwr_ex.o
LOAD build/stm32f4xx_hal_cortex.o
LOAD build/stm32f4xx_hal.o
LOAD build/stm32f4xx_hal_exti.o
LOAD build/stm32f4xx_hal_adc.o
LOAD build/stm32f4xx_hal_adc_ex.o
LOAD build/stm32f4xx_ll_adc.o
LOAD build/system_stm32f4xx.o
LOAD build/usbd_core.o
LOAD build/usbd_ctlreq.o
LOAD build/usbd_ioreq.o
LOAD build/usbd_cdc.o
LOAD build/startup_stm32f411xe.o
LOAD C:/arm-tools/arm-gnu-toolchain-14.2.rel1-mingw-w64-x86_64-arm-none-eabi/bin/../lib/gcc/arm-none-eabi/14.2.1/thumb/v7e-m+fp/hard\libc_nano.a
LOAD C:/arm-tools/arm-gnu-toolchain-14.2.rel1-mingw-w64-x86_64-arm-none-eabi/bin/../lib/gcc/arm-none-eabi/14.2.1/thumb/v7e-m+fp/hard\libm.a
LOAD C:/arm-tools/arm-gnu-toolchain-14.2.rel1-mingw-w64-x86_64-arm-none-eabi/bin/../lib/gcc/arm-none-eabi/14.2.1/thumb/v7e-m+fp/hard\libnosys.a
START GROUP
LOAD C:/arm-tools/arm-gnu-toolchain-14.2.rel1-mingw-w64-x86_64-arm-none-eabi/bin/../lib/gcc/arm-none-eabi/14.2.1/thumb/v7e-m+fp/hard\libgcc.a
LOAD C:/arm-tools/arm-gnu-toolchain-14.2.rel1-mingw-w64-x86_64-arm-none-eabi/bin/../lib/gcc/arm-none-eabi/14.2.1/thumb/v7e-m+fp/hard\libc_nano.a
END GROUP
START GROUP
LOAD C:/arm-tools/arm-gnu-toolchain-14.2.rel1-mingw-w64-x86_64-arm-none-eabi/bin/../lib/gcc/arm-none-eabi/14.2.1/thumb/v7e-m+fp/hard\libgcc.a
LOAD C:/arm-tools/arm-gnu-toolchain-14.2.rel1-mingw-w64-x86_64-arm-none-eabi/bin/../lib/gcc/arm-none-eabi/14.2.1/thumb/v7e-m+fp/hard\libc_nano.a
END GROUP
LOAD C:/arm-tools/arm-gnu-toolchain-14.2.rel1-mingw-w64-x86_64-arm-none-eabi/bin/../lib/gcc/arm-none-eabi/14.2.1/thumb/v7e-m+fp/hard/crtend.o
LOAD C:/arm-tools/arm-gnu-toolchain-14.2.rel1-mingw-w64-x86_64-arm-none-eabi/bin/../lib/gcc/arm-none-eabi/14.2.1/thumb/v7e-m+fp/hard/crtn.o
                0x20020000                        _estack = (ORIGIN (RAM) + LENGTH (RAM))
                0x00000200                        _Min_Heap_Size = 0x200
                0x00000400                        _Min_Stack_Size = 0x400

.isr_vector     0x08000000      0x198
                0x08000000                        . = ALIGN (0x4)
 *(.isr_vector)
 .isr_vector    0x08000000      0x198 build/startup_stm32f411xe.o
                0x08000000                g_pfnVectors
                0x08000198                        . = ALIGN (0x4)

.text           0x080001a0     0x5780
                0x080001a0                        . = ALIGN (0x4)
 *(.text)
 .text          0x080001a0       0x10 C:/arm-tools/arm-gnu-toolchain-14.2.rel1-mingw-w64-x86_64-arm-none-eabi/bin/../lib/gcc/arm-none-eabi/14.2.1/thumb/v7e-m+fp/hard\libc_nano.a(libc_a-strlen.o)
                0x080001a0                strlen
 .text          0x080001b0       0xa0 C:/arm-tools/arm-gnu-toolchain-14.2.rel1-mingw-w64-x86_64-arm-none-eabi/bin/../lib/gcc/arm-none-eabi/14.2.1/thumb/v7e-m+fp/hard\libc_nano.a(libc_a-memchr.o)
                0x080001b0                memchr
 .text          0x08000250       0x30 C:/arm-tools/arm-gnu-toolchain-14.2.rel1-mingw-w64-x86_64-arm-none-eabi/bin/../lib/gcc/arm-none-eabi/14.2.1/thumb/v7e-m+fp/hard\libgcc.a(_aeabi_uldivmod.o)
                0x08000250                __aeabi_uldivmod
 .text          0x08000280        0x4 C:/arm-tools/arm-gnu-toolchain-14.2.rel1-mingw-w64-x86_64-arm-none-eabi/bin/../lib/gcc/arm-none-eabi/14.2.1/thumb/v7e-m+fp/hard\libgcc.a(_dvmd_tls.o)
                0x08000280                __aeabi_idiv0
                0x08000280                __aeabi_ldiv0
 *(.text*)
 .text.deregister_tm_clones
                0x08000284       0x1c C:/arm-tools/arm-gnu-toolchain-14.2.rel1-mingw-w64-x86_64-arm-none-eabi/bin/../lib/gcc/arm-none-eabi/14.2.1/thumb/v7e-m+fp/hard/crtbegin.o
 .text.register_tm_clones
                0x080002a0       0x24 C:/arm-tools/arm-gnu-toolchain-14.2.rel1-mingw-w64-x86_64-arm-none-eabi/bin/../lib/gcc/arm-none-eabi/14.2.1/thumb/v7e-m+fp/hard/crtbegin.o
 .text.__do_global_dtors_aux
                0x080002c4       0x28 C:/arm-tools/arm-gnu-toolchain-14.2.rel1-mingw-w64-x86_64-arm-none-eabi/bin/../lib/gcc/arm-none-eabi/14.2.1/thumb/v7e-m+fp/hard/crtbegin.o
 .text.frame_dummy
                0x080002ec       0x24 C:/arm-tools/arm-gnu-toolchain-14.2.rel1-mingw-w64-x86_64-arm-none-eabi/bin/../lib/gcc/arm-none-eabi/14.2.1/thumb/v7e-m+fp/hard/crtbegin.o
 .text.MX_GPIO_Init
                0x08000310       0xa8 build/main.o
 .text.Error_Handler
                0x080003b8        0x4 build/main.o
                0x080003b8                Error_Handler
 .text.MX_ADC1_Init
                0x080003bc       0x6c build/main.o
 .text.MX_TIM3_Init
                0x08000428       0xa4 build/main.o
 .text.SystemClock_Config
                0x080004cc       0xa8 build/main.o
                0x080004cc                SystemClock_Config
 .text.main     0x08000574      0x25c build/main.o
                0x08000574                main
 .text.NMI_Handler
                0x080007d0        0x2 build/stm32f4xx_it.o
                0x080007d0                NMI_Handler
 .text.HardFault_Handler
                0x080007d2        0x2 build/stm32f4xx_it.o
                0x080007d2                HardFault_Handler
 .text.MemManage_Handler
                0x080007d4        0x2 build/stm32f4xx_it.o
                0x080007d4                MemManage_Handler
 .text.BusFault_Handler
                0x080007d6        0x2 build/stm32f4xx_it.o
                0x080007d6                BusFault_Handler
 .text.UsageFault_Handler
                0x080007d8        0x2 build/stm32f4xx_it.o
                0x080007d8                UsageFault_Handler
 .text.SVC_Handler
                0x080007da        0x2 build/stm32f4xx_it.o
                0x080007da                SVC_Handler
 .text.DebugMon_Handler
                0x080007dc        0x2 build/stm32f4xx_it.o
                0x080007dc                DebugMon_Handler
 .text.PendSV_Handler
                0x080007de        0x2 build/stm32f4xx_it.o
                0x080007de                PendSV_Handler
 .text.SysTick_Handler
                0x080007e0        0x8 build/stm32f4xx_it.o
                0x080007e0                SysTick_Handler
 .text.OTG_FS_IRQHandler
                0x080007e8       0x10 build/stm32f4xx_it.o
                0x080007e8                OTG_FS_IRQHandler
 .text.HAL_MspInit
                0x080007f8       0x38 build/stm32f4xx_hal_msp.o
                0x080007f8                HAL_MspInit
 .text.HAL_ADC_MspInit
                0x08000830       0x68 build/stm32f4xx_hal_msp.o
                0x08000830                HAL_ADC_MspInit
 .text.HAL_TIM_Base_MspInit
                0x08000898       0x30 build/stm32f4xx_hal_msp.o
                0x08000898                HAL_TIM_Base_MspInit
 .text.HAL_TIM_MspPostInit
                0x080008c8       0x58 build/stm32f4xx_hal_msp.o
                0x080008c8                HAL_TIM_MspPostInit
 .text._sbrk    0x08000920       0x48 build/sysmem.o
                0x08000920                _sbrk
 .text.MX_USB_DEVICE_Init
                0x08000968       0x54 build/usb_device.o
                0x08000968                MX_USB_DEVICE_Init
 .text.USBD_FS_DeviceDescriptor
                0x080009bc        0xc build/usbd_desc.o
                0x080009bc                USBD_FS_DeviceDescriptor
 .text.USBD_FS_LangIDStrDescriptor
                0x080009c8        0xc build/usbd_desc.o
                0x080009c8                USBD_FS_LangIDStrDescriptor
 .text.IntToUnicode
                0x080009d4       0x46 build/usbd_desc.o
 *fill*         0x08000a1a        0x2 
 .text.Get_SerialNum
                0x08000a1c       0x38 build/usbd_desc.o
 .text.USBD_FS_SerialStrDescriptor
                0x08000a54       0x14 build/usbd_desc.o
                0x08000a54                USBD_FS_SerialStrDescriptor
 .text.USBD_FS_ProductStrDescriptor
                0x08000a68       0x24 build/usbd_desc.o
                0x08000a68                USBD_FS_ProductStrDescriptor
 .text.USBD_FS_ManufacturerStrDescriptor
                0x08000a8c       0x1c build/usbd_desc.o
                0x08000a8c                USBD_FS_ManufacturerStrDescriptor
 .text.USBD_FS_ConfigStrDescriptor
                0x08000aa8       0x24 build/usbd_desc.o
                0x08000aa8                USBD_FS_ConfigStrDescriptor
 .text.USBD_FS_InterfaceStrDescriptor
                0x08000acc       0x24 build/usbd_desc.o
                0x08000acc                USBD_FS_InterfaceStrDescriptor
 .text.CDC_DeInit_FS
                0x08000af0        0x4 build/usbd_cdc_if.o
 .text.CDC_Control_FS
                0x08000af4        0x4 build/usbd_cdc_if.o
 .text.CDC_TransmitCplt_FS
                0x08000af8        0x4 build/usbd_cdc_if.o
 .text.CDC_Receive_FS
                0x08000afc       0x38 build/usbd_cdc_if.o
 .text.CDC_Init_FS
                0x08000b34       0x28 build/usbd_cdc_if.o
 .text.CDC_Transmit_FS
                0x08000b5c       0x2c build/usbd_cdc_if.o
                0x08000b5c                CDC_Transmit_FS
 .text.HAL_PCD_MspInit
                0x08000b88       0x88 build/usbd_conf.o
                0x08000b88                HAL_PCD_MspInit
 .text.HAL_PCD_SetupStageCallback
                0x08000c10       0x10 build/usbd_conf.o
                0x08000c10                HAL_PCD_SetupStageCallback
 .text.HAL_PCD_DataOutStageCallback
                0x08000c20       0x18 build/usbd_conf.o
                0x08000c20                HAL_PCD_DataOutStageCallback
 .text.HAL_PCD_DataInStageCallback
                0x08000c38       0x16 build/usbd_conf.o
                0x08000c38                HAL_PCD_DataInStageCallback
 .text.HAL_PCD_SOFCallback
                0x08000c4e        0xc build/usbd_conf.o
                0x08000c4e                HAL_PCD_SOFCallback
 .text.HAL_PCD_ResetCallback
                0x08000c5a       0x24 build/usbd_conf.o
                0x08000c5a                HAL_PCD_ResetCallback
 *fill*         0x08000c7e        0x2 
 .text.HAL_PCD_SuspendCallback
                0x08000c80       0x30 build/usbd_conf.o
                0x08000c80                HAL_PCD_SuspendCallback
 .text.HAL_PCD_ResumeCallback
                0x08000cb0        0xc build/usbd_conf.o
                0x08000cb0                HAL_PCD_ResumeCallback
 .text.HAL_PCD_ISOOUTIncompleteCallback
                0x08000cbc        0xc build/usbd_conf.o
                0x08000cbc                HAL_PCD_ISOOUTIncompleteCallback
 .text.HAL_PCD_ISOINIncompleteCallback
                0x08000cc8        0xc build/usbd_conf.o
                0x08000cc8                HAL_PCD_ISOINIncompleteCallback
 .text.HAL_PCD_ConnectCallback
                0x08000cd4        0xc build/usbd_conf.o
                0x08000cd4                HAL_PCD_ConnectCallback
 .text.HAL_PCD_DisconnectCallback
                0x08000ce0        0xc build/usbd_conf.o
                0x08000ce0                HAL_PCD_DisconnectCallback
 .text.USBD_LL_Init
                0x08000cec       0x68 build/usbd_conf.o
                0x08000cec                USBD_LL_Init
 .text.USBD_LL_IsStallEP
                0x08000d54       0x2c build/usbd_conf.o
                0x08000d54                USBD_LL_IsStallEP
 .text.USBD_LL_GetRxDataSize
                0x08000d80        0xc build/usbd_conf.o
                0x08000d80                USBD_LL_GetRxDataSize
 .text.USBD_static_malloc
                0x08000d8c        0x8 build/usbd_conf.o
                0x08000d8c                USBD_static_malloc
 .text.USBD_static_free
                0x08000d94        0x2 build/usbd_conf.o
                0x08000d94                USBD_static_free
 .text.USBD_Get_USB_Status
                0x08000d96       0x14 build/usbd_conf.o
                0x08000d96                USBD_Get_USB_Status
 .text.USBD_LL_Start
                0x08000daa       0x10 build/usbd_conf.o
                0x08000daa                USBD_LL_Start
 .text.USBD_LL_OpenEP
                0x08000dba       0x16 build/usbd_conf.o
                0x08000dba                USBD_LL_OpenEP
 .text.USBD_LL_CloseEP
                0x08000dd0       0x10 build/usbd_conf.o
                0x08000dd0                USBD_LL_CloseEP
 .text.USBD_LL_StallEP
                0x08000de0       0x10 build/usbd_conf.o
                0x08000de0                USBD_LL_StallEP
 .text.USBD_LL_ClearStallEP
                0x08000df0       0x10 build/usbd_conf.o
                0x08000df0                USBD_LL_ClearStallEP
 .text.USBD_LL_SetUSBAddress
                0x08000e00       0x10 build/usbd_conf.o
                0x08000e00                USBD_LL_SetUSBAddress
 .text.USBD_LL_Transmit
                0x08000e10       0x10 build/usbd_conf.o
                0x08000e10                USBD_LL_Transmit
 .text.USBD_LL_PrepareReceive
                0x08000e20       0x10 build/usbd_conf.o
                0x08000e20                USBD_LL_PrepareReceive
 .text.TIM_OC1_SetConfig
                0x08000e30       0x54 build/stm32f4xx_hal_tim.o
 .text.TIM_OC3_SetConfig
                0x08000e84       0x5c build/stm32f4xx_hal_tim.o
 .text.TIM_OC4_SetConfig
                0x08000ee0       0x48 build/stm32f4xx_hal_tim.o
 .text.TIM_TI1_ConfigInputStage
                0x08000f28       0x26 build/stm32f4xx_hal_tim.o
 .text.TIM_TI2_ConfigInputStage
                0x08000f4e       0x28 build/stm32f4xx_hal_tim.o
 .text.TIM_ITRx_SetConfig
                0x08000f76       0x10 build/stm32f4xx_hal_tim.o
 .text.HAL_TIM_PWM_MspInit
                0x08000f86        0x2 build/stm32f4xx_hal_tim.o
                0x08000f86                HAL_TIM_PWM_MspInit
 .text.TIM_Base_SetConfig
                0x08000f88       0xa4 build/stm32f4xx_hal_tim.o
                0x08000f88                TIM_Base_SetConfig
 .text.HAL_TIM_Base_Init
                0x0800102c       0x58 build/stm32f4xx_hal_tim.o
                0x0800102c                HAL_TIM_Base_Init
 .text.HAL_TIM_PWM_Init
                0x08001084       0x58 build/stm32f4xx_hal_tim.o
                0x08001084                HAL_TIM_PWM_Init
 .text.TIM_OC2_SetConfig
                0x080010dc       0x5c build/stm32f4xx_hal_tim.o
                0x080010dc                TIM_OC2_SetConfig
 .text.HAL_TIM_PWM_ConfigChannel
                0x08001138       0xdc build/stm32f4xx_hal_tim.o
                0x08001138                HAL_TIM_PWM_ConfigChannel
 .text.TIM_ETR_SetConfig
                0x08001214       0x1a build/stm32f4xx_hal_tim.o
                0x08001214                TIM_ETR_SetConfig
 .text.HAL_TIM_ConfigClockSource
                0x0800122e       0xfe build/stm32f4xx_hal_tim.o
                0x0800122e                HAL_TIM_ConfigClockSource
 .text.TIM_CCxChannelCmd
                0x0800132c       0x1e build/stm32f4xx_hal_tim.o
                0x0800132c                TIM_CCxChannelCmd
 *fill*         0x0800134a        0x2 
 .text.HAL_TIM_PWM_Start
                0x0800134c       0xe4 build/stm32f4xx_hal_tim.o
                0x0800134c                HAL_TIM_PWM_Start
 .text.HAL_TIMEx_MasterConfigSynchronization
                0x08001430       0x7c build/stm32f4xx_hal_tim_ex.o
                0x08001430                HAL_TIMEx_MasterConfigSynchronization
 .text.PCD_WriteEmptyTxFifo
                0x080014ac       0xd0 build/stm32f4xx_hal_pcd.o
 .text.HAL_PCD_Init
                0x0800157c      0x102 build/stm32f4xx_hal_pcd.o
                0x0800157c                HAL_PCD_Init
 .text.HAL_PCD_Start
                0x0800167e       0x44 build/stm32f4xx_hal_pcd.o
                0x0800167e                HAL_PCD_Start
 *fill*         0x080016c2        0x2 
 .text.PCD_EP_OutXfrComplete_int
                0x080016c4      0x104 build/stm32f4xx_hal_pcd.o
 .text.PCD_EP_OutSetupPacket_int
                0x080017c8       0x50 build/stm32f4xx_hal_pcd.o
 .text.HAL_PCD_SetAddress
                0x08001818       0x26 build/stm32f4xx_hal_pcd.o
                0x08001818                HAL_PCD_SetAddress
 .text.HAL_PCD_EP_Open
                0x0800183e       0x8c build/stm32f4xx_hal_pcd.o
                0x0800183e                HAL_PCD_EP_Open
 .text.HAL_PCD_EP_Close
                0x080018ca       0x70 build/stm32f4xx_hal_pcd.o
                0x080018ca                HAL_PCD_EP_Close
 .text.HAL_PCD_EP_Receive
                0x0800193a       0x4a build/stm32f4xx_hal_pcd.o
                0x0800193a                HAL_PCD_EP_Receive
 .text.HAL_PCD_EP_GetRxCount
                0x08001984       0x12 build/stm32f4xx_hal_pcd.o
                0x08001984                HAL_PCD_EP_GetRxCount
 .text.HAL_PCD_EP_Transmit
                0x08001996       0x4a build/stm32f4xx_hal_pcd.o
                0x08001996                HAL_PCD_EP_Transmit
 .text.HAL_PCD_EP_SetStall
                0x080019e0       0x86 build/stm32f4xx_hal_pcd.o
                0x080019e0                HAL_PCD_EP_SetStall
 .text.HAL_PCD_EP_ClrStall
                0x08001a66       0x74 build/stm32f4xx_hal_pcd.o
                0x08001a66                HAL_PCD_EP_ClrStall
 .text.HAL_PCD_EP_Abort
                0x08001ada       0x34 build/stm32f4xx_hal_pcd.o
                0x08001ada                HAL_PCD_EP_Abort
 .text.HAL_PCD_IRQHandler
                0x08001b0e      0x5be build/stm32f4xx_hal_pcd.o
                0x08001b0e                HAL_PCD_IRQHandler
 .text.HAL_PCDEx_SetTxFiFo
                0x080020cc       0x4c build/stm32f4xx_hal_pcd_ex.o
                0x080020cc                HAL_PCDEx_SetTxFiFo
 .text.HAL_PCDEx_SetRxFiFo
                0x08002118        0x8 build/stm32f4xx_hal_pcd_ex.o
                0x08002118                HAL_PCDEx_SetRxFiFo
 .text.HAL_PCDEx_LPM_Callback
                0x08002120        0x2 build/stm32f4xx_hal_pcd_ex.o
                0x08002120                HAL_PCDEx_LPM_Callback
 .text.USB_CoreReset
                0x08002122       0x58 build/stm32f4xx_ll_usb.o
 .text.USB_CoreInit
                0x0800217a       0x92 build/stm32f4xx_ll_usb.o
                0x0800217a                USB_CoreInit
 .text.USB_SetTurnaroundTime
                0x0800220c       0xe4 build/stm32f4xx_ll_usb.o
                0x0800220c                USB_SetTurnaroundTime
 .text.USB_EnableGlobalInt
                0x080022f0        0xc build/stm32f4xx_ll_usb.o
                0x080022f0                USB_EnableGlobalInt
 .text.USB_DisableGlobalInt
                0x080022fc        0xc build/stm32f4xx_ll_usb.o
                0x080022fc                USB_DisableGlobalInt
 .text.USB_FlushTxFifo
                0x08002308       0x4a build/stm32f4xx_ll_usb.o
                0x08002308                USB_FlushTxFifo
 .text.USB_FlushRxFifo
                0x08002352       0x46 build/stm32f4xx_ll_usb.o
                0x08002352                USB_FlushRxFifo
 .text.USB_SetDevSpeed
                0x08002398        0xe build/stm32f4xx_ll_usb.o
                0x08002398                USB_SetDevSpeed
 *fill*         0x080023a6        0x2 
 .text.USB_DevInit
                0x080023a8      0x198 build/stm32f4xx_ll_usb.o
                0x080023a8                USB_DevInit
 .text.USB_GetDevSpeed
                0x08002540       0x22 build/stm32f4xx_ll_usb.o
                0x08002540                USB_GetDevSpeed
 .text.USB_ActivateEndpoint
                0x08002562       0x9a build/stm32f4xx_ll_usb.o
                0x08002562                USB_ActivateEndpoint
 .text.USB_DeactivateEndpoint
                0x080025fc       0xe0 build/stm32f4xx_ll_usb.o
                0x080025fc                USB_DeactivateEndpoint
 .text.USB_EPStopXfer
                0x080026dc       0xbe build/stm32f4xx_ll_usb.o
                0x080026dc                USB_EPStopXfer
 .text.USB_WritePacket
                0x0800279a       0x2e build/stm32f4xx_ll_usb.o
                0x0800279a                USB_WritePacket
 .text.USB_EPStartXfer
                0x080027c8      0x244 build/stm32f4xx_ll_usb.o
                0x080027c8                USB_EPStartXfer
 .text.USB_ReadPacket
                0x08002a0c       0x46 build/stm32f4xx_ll_usb.o
                0x08002a0c                USB_ReadPacket
 .text.USB_EPSetStall
                0x08002a52       0x5a build/stm32f4xx_ll_usb.o
                0x08002a52                USB_EPSetStall
 .text.USB_EPClearStall
                0x08002aac       0x5c build/stm32f4xx_ll_usb.o
                0x08002aac                USB_EPClearStall
 .text.USB_SetDevAddress
                0x08002b08       0x20 build/stm32f4xx_ll_usb.o
                0x08002b08                USB_SetDevAddress
 .text.USB_DevConnect
                0x08002b28       0x1c build/stm32f4xx_ll_usb.o
                0x08002b28                USB_DevConnect
 .text.USB_DevDisconnect
                0x08002b44       0x1c build/stm32f4xx_ll_usb.o
                0x08002b44                USB_DevDisconnect
 .text.USB_ReadInterrupts
                0x08002b60        0x8 build/stm32f4xx_ll_usb.o
                0x08002b60                USB_ReadInterrupts
 .text.USB_ReadDevAllOutEpInterrupt
                0x08002b68       0x10 build/stm32f4xx_ll_usb.o
                0x08002b68                USB_ReadDevAllOutEpInterrupt
 .text.USB_ReadDevAllInEpInterrupt
                0x08002b78       0x10 build/stm32f4xx_ll_usb.o
                0x08002b78                USB_ReadDevAllInEpInterrupt
 .text.USB_ReadDevOutEPInterrupt
                0x08002b88       0x12 build/stm32f4xx_ll_usb.o
                0x08002b88                USB_ReadDevOutEPInterrupt
 .text.USB_ReadDevInEPInterrupt
                0x08002b9a       0x24 build/stm32f4xx_ll_usb.o
                0x08002b9a                USB_ReadDevInEPInterrupt
 .text.USB_GetMode
                0x08002bbe        0x8 build/stm32f4xx_ll_usb.o
                0x08002bbe                USB_GetMode
 .text.USB_SetCurrentMode
                0x08002bc6       0x62 build/stm32f4xx_ll_usb.o
                0x08002bc6                USB_SetCurrentMode
 .text.USB_ActivateSetup
                0x08002c28       0x1c build/stm32f4xx_ll_usb.o
                0x08002c28                USB_ActivateSetup
 .text.USB_EP0_OutStart
                0x08002c44       0x60 build/stm32f4xx_ll_usb.o
                0x08002c44                USB_EP0_OutStart
 .text.HAL_RCC_OscConfig
                0x08002ca4      0x3f8 build/stm32f4xx_hal_rcc.o
                0x08002ca4                HAL_RCC_OscConfig
 .text.HAL_RCC_GetSysClockFreq
                0x0800309c       0xa8 build/stm32f4xx_hal_rcc.o
                0x0800309c                HAL_RCC_GetSysClockFreq
 .text.HAL_RCC_ClockConfig
                0x08003144      0x160 build/stm32f4xx_hal_rcc.o
                0x08003144                HAL_RCC_ClockConfig
 .text.HAL_RCC_GetHCLKFreq
                0x080032a4        0xc build/stm32f4xx_hal_rcc.o
                0x080032a4                HAL_RCC_GetHCLKFreq
 .text.HAL_GPIO_Init
                0x080032b0      0x1c8 build/stm32f4xx_hal_gpio.o
                0x080032b0                HAL_GPIO_Init
 .text.HAL_GPIO_WritePin
                0x08003478        0xc build/stm32f4xx_hal_gpio.o
                0x08003478                HAL_GPIO_WritePin
 .text.__NVIC_EnableIRQ
                0x08003484       0x1c build/stm32f4xx_hal_cortex.o
 .text.__NVIC_SetPriority
                0x080034a0       0x28 build/stm32f4xx_hal_cortex.o
 .text.NVIC_EncodePriority
                0x080034c8       0x3e build/stm32f4xx_hal_cortex.o
 *fill*         0x08003506        0x2 
 .text.HAL_NVIC_SetPriorityGrouping
                0x08003508       0x24 build/stm32f4xx_hal_cortex.o
                0x08003508                HAL_NVIC_SetPriorityGrouping
 .text.HAL_NVIC_SetPriority
                0x0800352c       0x20 build/stm32f4xx_hal_cortex.o
                0x0800352c                HAL_NVIC_SetPriority
 .text.HAL_NVIC_EnableIRQ
                0x0800354c        0x8 build/stm32f4xx_hal_cortex.o
                0x0800354c                HAL_NVIC_EnableIRQ
 .text.HAL_SYSTICK_Config
                0x08003554       0x28 build/stm32f4xx_hal_cortex.o
                0x08003554                HAL_SYSTICK_Config
 .text.HAL_InitTick
                0x0800357c       0x4c build/stm32f4xx_hal.o
                0x0800357c                HAL_InitTick
 .text.HAL_Init
                0x080035c8       0x34 build/stm32f4xx_hal.o
                0x080035c8                HAL_Init
 .text.HAL_IncTick
                0x080035fc       0x18 build/stm32f4xx_hal.o
                0x080035fc                HAL_IncTick
 .text.HAL_GetTick
                0x08003614        0xc build/stm32f4xx_hal.o
                0x08003614                HAL_GetTick
 .text.HAL_Delay
                0x08003620       0x28 build/stm32f4xx_hal.o
                0x08003620                HAL_Delay
 .text.ADC_Init
                0x08003648      0x134 build/stm32f4xx_hal_adc.o
 .text.HAL_ADC_Init
                0x0800377c       0x56 build/stm32f4xx_hal_adc.o
                0x0800377c                HAL_ADC_Init
 *fill*         0x080037d2        0x2 
 .text.HAL_ADC_Start
                0x080037d4      0x108 build/stm32f4xx_hal_adc.o
                0x080037d4                HAL_ADC_Start
 .text.HAL_ADC_Stop
                0x080038dc       0x40 build/stm32f4xx_hal_adc.o
                0x080038dc                HAL_ADC_Stop
 .text.HAL_ADC_PollForConversion
                0x0800391c       0xb8 build/stm32f4xx_hal_adc.o
                0x0800391c                HAL_ADC_PollForConversion
 .text.HAL_ADC_GetValue
                0x080039d4        0x6 build/stm32f4xx_hal_adc.o
                0x080039d4                HAL_ADC_GetValue
 *fill*         0x080039da        0x2 
 .text.HAL_ADC_ConfigChannel
                0x080039dc      0x1ac build/stm32f4xx_hal_adc.o
                0x080039dc                HAL_ADC_ConfigChannel
 .text.SystemInit
                0x08003b88       0x14 build/system_stm32f4xx.o
                0x08003b88                SystemInit
 .text.USBD_Init
                0x08003b9c       0x2e build/usbd_core.o
                0x08003b9c                USBD_Init
 .text.USBD_RegisterClass
                0x08003bca       0x40 build/usbd_core.o
                0x08003bca                USBD_RegisterClass
 .text.USBD_Start
                0x08003c0a        0x8 build/usbd_core.o
                0x08003c0a                USBD_Start
 .text.USBD_SetClassConfig
                0x08003c12       0x12 build/usbd_core.o
                0x08003c12                USBD_SetClassConfig
 .text.USBD_ClrClassConfig
                0x08003c24       0x12 build/usbd_core.o
                0x08003c24                USBD_ClrClassConfig
 .text.USBD_LL_SetupStage
                0x08003c36       0x58 build/usbd_core.o
                0x08003c36                USBD_LL_SetupStage
 .text.USBD_LL_Reset
                0x08003c8e       0x66 build/usbd_core.o
                0x08003c8e                USBD_LL_Reset
 .text.USBD_LL_SetSpeed
                0x08003cf4        0x6 build/usbd_core.o
                0x08003cf4                USBD_LL_SetSpeed
 .text.USBD_LL_Suspend
                0x08003cfa       0x1c build/usbd_core.o
                0x08003cfa                USBD_LL_Suspend
 .text.USBD_LL_Resume
                0x08003d16       0x18 build/usbd_core.o
                0x08003d16                USBD_LL_Resume
 .text.USBD_LL_SOF
                0x08003d2e       0x20 build/usbd_core.o
                0x08003d2e                USBD_LL_SOF
 .text.USBD_LL_IsoINIncomplete
                0x08003d4e       0x2c build/usbd_core.o
                0x08003d4e                USBD_LL_IsoINIncomplete
 .text.USBD_LL_IsoOUTIncomplete
                0x08003d7a       0x2c build/usbd_core.o
                0x08003d7a                USBD_LL_IsoOUTIncomplete
 .text.USBD_LL_DevConnected
                0x08003da6        0x4 build/usbd_core.o
                0x08003da6                USBD_LL_DevConnected
 .text.USBD_LL_DevDisconnected
                0x08003daa       0x20 build/usbd_core.o
                0x08003daa                USBD_LL_DevDisconnected
 .text.USBD_CoreFindIF
                0x08003dca        0x4 build/usbd_core.o
                0x08003dca                USBD_CoreFindIF
 .text.USBD_CoreFindEP
                0x08003dce        0x4 build/usbd_core.o
                0x08003dce                USBD_CoreFindEP
 .text.USBD_LL_DataOutStage
                0x08003dd2       0xc6 build/usbd_core.o
                0x08003dd2                USBD_LL_DataOutStage
 .text.USBD_LL_DataInStage
                0x08003e98       0xd4 build/usbd_core.o
                0x08003e98                USBD_LL_DataInStage
 .text.USBD_GetNextDesc
                0x08003f6c        0xe build/usbd_core.o
                0x08003f6c                USBD_GetNextDesc
 .text.USBD_GetEpDesc
                0x08003f7a       0x3e build/usbd_core.o
                0x08003f7a                USBD_GetEpDesc
 .text.USBD_GetLen
                0x08003fb8       0x14 build/usbd_ctlreq.o
 .text.USBD_ParseSetupRequest
                0x08003fcc       0x28 build/usbd_ctlreq.o
                0x08003fcc                USBD_ParseSetupRequest
 .text.USBD_CtlError
                0x08003ff4       0x14 build/usbd_ctlreq.o
                0x08003ff4                USBD_CtlError
 .text.USBD_GetDescriptor
                0x08004008      0x18a build/usbd_ctlreq.o
 .text.USBD_SetAddress
                0x08004192       0x4e build/usbd_ctlreq.o
 .text.USBD_SetConfig
                0x080041e0       0xcc build/usbd_ctlreq.o
 .text.USBD_GetConfig
                0x080042ac       0x40 build/usbd_ctlreq.o
 .text.USBD_GetStatus
                0x080042ec       0x38 build/usbd_ctlreq.o
 .text.USBD_SetFeature
                0x08004324       0x2a build/usbd_ctlreq.o
 .text.USBD_ClrFeature
                0x0800434e       0x26 build/usbd_ctlreq.o
 .text.USBD_StdDevReq
                0x08004374       0x76 build/usbd_ctlreq.o
                0x08004374                USBD_StdDevReq
 .text.USBD_StdItfReq
                0x080043ea       0x84 build/usbd_ctlreq.o
                0x080043ea                USBD_StdItfReq
 .text.USBD_StdEPReq
                0x0800446e      0x23a build/usbd_ctlreq.o
                0x0800446e                USBD_StdEPReq
 .text.USBD_GetString
                0x080046a8       0x46 build/usbd_ctlreq.o
                0x080046a8                USBD_GetString
 .text.USBD_CtlSendData
                0x080046ee       0x1c build/usbd_ioreq.o
                0x080046ee                USBD_CtlSendData
 .text.USBD_CtlContinueSendData
                0x0800470a       0x10 build/usbd_ioreq.o
                0x0800470a                USBD_CtlContinueSendData
 .text.USBD_CtlPrepareRx
                0x0800471a       0x22 build/usbd_ioreq.o
                0x0800471a                USBD_CtlPrepareRx
 .text.USBD_CtlContinueRx
                0x0800473c       0x10 build/usbd_ioreq.o
                0x0800473c                USBD_CtlContinueRx
 .text.USBD_CtlSendStatus
                0x0800474c       0x16 build/usbd_ioreq.o
                0x0800474c                USBD_CtlSendStatus
 .text.USBD_CtlReceiveStatus
                0x08004762       0x16 build/usbd_ioreq.o
                0x08004762                USBD_CtlReceiveStatus
 .text.USBD_CDC_EP0_RxReady
                0x08004778       0x40 build/usbd_cdc.o
 .text.USBD_CDC_GetDeviceQualifierDescriptor
                0x080047b8        0xc build/usbd_cdc.o
                0x080047b8                USBD_CDC_GetDeviceQualifierDescriptor
 .text.USBD_CDC_GetOtherSpeedCfgDesc
                0x080047c4       0x48 build/usbd_cdc.o
 .text.USBD_CDC_GetFSCfgDesc
                0x0800480c       0x48 build/usbd_cdc.o
 .text.USBD_CDC_GetHSCfgDesc
                0x08004854       0x48 build/usbd_cdc.o
 .text.USBD_CDC_DataOut
                0x0800489c       0x38 build/usbd_cdc.o
 .text.USBD_CDC_DataIn
                0x080048d4       0x7c build/usbd_cdc.o
 .text.USBD_CDC_Setup
                0x08004950      0x114 build/usbd_cdc.o
 .text.USBD_CDC_DeInit
                0x08004a64       0x64 build/usbd_cdc.o
 .text.USBD_CDC_Init
                0x08004ac8       0xee build/usbd_cdc.o
 .text.USBD_CDC_RegisterInterface
                0x08004bb6       0x16 build/usbd_cdc.o
                0x08004bb6                USBD_CDC_RegisterInterface
 .text.USBD_CDC_SetTxBuffer
                0x08004bcc       0x1c build/usbd_cdc.o
                0x08004bcc                USBD_CDC_SetTxBuffer
 .text.USBD_CDC_SetRxBuffer
                0x08004be8       0x18 build/usbd_cdc.o
                0x08004be8                USBD_CDC_SetRxBuffer
 .text.USBD_CDC_TransmitPacket
                0x08004c00       0x36 build/usbd_cdc.o
                0x08004c00                USBD_CDC_TransmitPacket
 .text.USBD_CDC_ReceivePacket
                0x08004c36       0x38 build/usbd_cdc.o
                0x08004c36                USBD_CDC_ReceivePacket
 *fill*         0x08004c6e        0x2 
 .text.Reset_Handler
                0x08004c70       0x50 build/startup_stm32f411xe.o
                0x08004c70                Reset_Handler
 .text.Default_Handler
                0x08004cc0        0x2 build/startup_stm32f411xe.o
                0x08004cc0                RTC_Alarm_IRQHandler
                0x08004cc0                EXTI2_IRQHandler
                0x08004cc0                SPI4_IRQHandler
                0x08004cc0                TIM1_CC_IRQHandler
                0x08004cc0                DMA2_Stream5_IRQHandler
                0x08004cc0                DMA1_Stream5_IRQHandler
                0x08004cc0                PVD_IRQHandler
                0x08004cc0                SDIO_IRQHandler
                0x08004cc0                TAMP_STAMP_IRQHandler
                0x08004cc0                EXTI3_IRQHandler
                0x08004cc0                TIM1_UP_TIM10_IRQHandler
                0x08004cc0                I2C3_ER_IRQHandler
                0x08004cc0                EXTI0_IRQHandler
                0x08004cc0                I2C2_EV_IRQHandler
                0x08004cc0                DMA1_Stream2_IRQHandler
                0x08004cc0                FPU_IRQHandler
                0x08004cc0                DMA2_Stream2_IRQHandler
                0x08004cc0                SPI1_IRQHandler
                0x08004cc0                TIM1_BRK_TIM9_IRQHandler
                0x08004cc0                DMA2_Stream3_IRQHandler
                0x08004cc0                USART6_IRQHandler
                0x08004cc0                DMA2_Stream0_IRQHandler
                0x08004cc0                TIM4_IRQHandler
                0x08004cc0                I2C1_EV_IRQHandler
                0x08004cc0                DMA1_Stream6_IRQHandler
                0x08004cc0                DMA1_Stream1_IRQHandler
                0x08004cc0                TIM3_IRQHandler
                0x08004cc0                RCC_IRQHandler
                0x08004cc0                Default_Handler
                0x08004cc0                EXTI15_10_IRQHandler
                0x08004cc0                ADC_IRQHandler
                0x08004cc0                DMA1_Stream7_IRQHandler
                0x08004cc0                SPI5_IRQHandler
                0x08004cc0                TIM5_IRQHandler
                0x08004cc0                DMA2_Stream7_IRQHandler
                0x08004cc0                I2C3_EV_IRQHandler
                0x08004cc0                EXTI9_5_IRQHandler
                0x08004cc0                RTC_WKUP_IRQHandler
                0x08004cc0                SPI2_IRQHandler
                0x08004cc0                DMA1_Stream0_IRQHandler
                0x08004cc0                EXTI4_IRQHandler
                0x08004cc0                WWDG_IRQHandler
                0x08004cc0                TIM2_IRQHandler
                0x08004cc0                OTG_FS_WKUP_IRQHandler
                0x08004cc0                TIM1_TRG_COM_TIM11_IRQHandler
                0x08004cc0                EXTI1_IRQHandler
                0x08004cc0                USART2_IRQHandler
                0x08004cc0                I2C2_ER_IRQHandler
                0x08004cc0                DMA2_Stream1_IRQHandler
                0x08004cc0                FLASH_IRQHandler
                0x08004cc0                DMA2_Stream4_IRQHandler
                0x08004cc0                USART1_IRQHandler
                0x08004cc0                SPI3_IRQHandler
                0x08004cc0                DMA1_Stream4_IRQHandler
                0x08004cc0                I2C1_ER_IRQHandler
                0x08004cc0                DMA2_Stream6_IRQHandler
                0x08004cc0                DMA1_Stream3_IRQHandler
 *fill*         0x08004cc2        0x2 
 .text.sprintf  0x08004cc4       0x44 C:/arm-tools/arm-gnu-toolchain-14.2.rel1-mingw-w64-x86_64-arm-none-eabi/bin/../lib/gcc/arm-none-eabi/14.2.1/thumb/v7e-m+fp/hard\libc_nano.a(libc_a-sprintf.o)
                0x08004cc4                siprintf
                0x08004cc4                sprintf
 .text.memset   0x08004d08       0x10 C:/arm-tools/arm-gnu-toolchain-14.2.rel1-mingw-w64-x86_64-arm-none-eabi/bin/../lib/gcc/arm-none-eabi/14.2.1/thumb/v7e-m+fp/hard\libc_nano.a(libc_a-memset.o)
                0x08004d08                memset
 .text.__errno  0x08004d18        0xc C:/arm-tools/arm-gnu-toolchain-14.2.rel1-mingw-w64-x86_64-arm-none-eabi/bin/../lib/gcc/arm-none-eabi/14.2.1/thumb/v7e-m+fp/hard\libc_nano.a(libc_a-errno.o)
                0x08004d18                __errno
 .text.__libc_init_array
                0x08004d24       0x48 C:/arm-tools/arm-gnu-toolchain-14.2.rel1-mingw-w64-x86_64-arm-none-eabi/bin/../lib/gcc/arm-none-eabi/14.2.1/thumb/v7e-m+fp/hard\libc_nano.a(libc_a-init.o)
                0x08004d24                __libc_init_array
 .text.__retarget_lock_acquire_recursive
                0x08004d6c        0x2 C:/arm-tools/arm-gnu-toolchain-14.2.rel1-mingw-w64-x86_64-arm-none-eabi/bin/../lib/gcc/arm-none-eabi/14.2.1/thumb/v7e-m+fp/hard\libc_nano.a(libc_a-lock.o)
                0x08004d6c                __retarget_lock_acquire_recursive
 .text.__retarget_lock_release_recursive
                0x08004d6e        0x2 C:/arm-tools/arm-gnu-toolchain-14.2.rel1-mingw-w64-x86_64-arm-none-eabi/bin/../lib/gcc/arm-none-eabi/14.2.1/thumb/v7e-m+fp/hard\libc_nano.a(libc_a-lock.o)
                0x08004d6e                __retarget_lock_release_recursive
 .text.memcpy   0x08004d70       0x1c C:/arm-tools/arm-gnu-toolchain-14.2.rel1-mingw-w64-x86_64-arm-none-eabi/bin/../lib/gcc/arm-none-eabi/14.2.1/thumb/v7e-m+fp/hard\libc_nano.a(libc_a-memcpy-stub.o)
                0x08004d70                memcpy
 .text._free_r  0x08004d8c       0x94 C:/arm-tools/arm-gnu-toolchain-14.2.rel1-mingw-w64-x86_64-arm-none-eabi/bin/../lib/gcc/arm-none-eabi/14.2.1/thumb/v7e-m+fp/hard\libc_nano.a(libc_a-freer.o)
                0x08004d8c                _free_r
 .text.sbrk_aligned
                0x08004e20       0x44 C:/arm-tools/arm-gnu-toolchain-14.2.rel1-mingw-w64-x86_64-arm-none-eabi/bin/../lib/gcc/arm-none-eabi/14.2.1/thumb/v7e-m+fp/hard\libc_nano.a(libc_a-mallocr.o)
 .text._malloc_r
                0x08004e64      0x100 C:/arm-tools/arm-gnu-toolchain-14.2.rel1-mingw-w64-x86_64-arm-none-eabi/bin/../lib/gcc/arm-none-eabi/14.2.1/thumb/v7e-m+fp/hard\libc_nano.a(libc_a-mallocr.o)
                0x08004e64                _malloc_r
 .text.__malloc_lock
                0x08004f64        0xc C:/arm-tools/arm-gnu-toolchain-14.2.rel1-mingw-w64-x86_64-arm-none-eabi/bin/../lib/gcc/arm-none-eabi/14.2.1/thumb/v7e-m+fp/hard\libc_nano.a(libc_a-mlock.o)
                0x08004f64                __malloc_lock
 .text.__malloc_unlock
                0x08004f70        0xc C:/arm-tools/arm-gnu-toolchain-14.2.rel1-mingw-w64-x86_64-arm-none-eabi/bin/../lib/gcc/arm-none-eabi/14.2.1/thumb/v7e-m+fp/hard\libc_nano.a(libc_a-mlock.o)
                0x08004f70                __malloc_unlock
 .text.__ssputs_r
                0x08004f7c       0xc0 C:/arm-tools/arm-gnu-toolchain-14.2.rel1-mingw-w64-x86_64-arm-none-eabi/bin/../lib/gcc/arm-none-eabi/14.2.1/thumb/v7e-m+fp/hard\libc_nano.a(libc_a-nano-svfprintf.o)
                0x08004f7c                __ssputs_r
 .text._svfprintf_r
                0x0800503c      0x1f8 C:/arm-tools/arm-gnu-toolchain-14.2.rel1-mingw-w64-x86_64-arm-none-eabi/bin/../lib/gcc/arm-none-eabi/14.2.1/thumb/v7e-m+fp/hard\libc_nano.a(libc_a-nano-svfprintf.o)
                0x0800503c                _svfiprintf_r
                0x0800503c                _svfprintf_r
 .text._printf_common
                0x08005234       0xda C:/arm-tools/arm-gnu-toolchain-14.2.rel1-mingw-w64-x86_64-arm-none-eabi/bin/../lib/gcc/arm-none-eabi/14.2.1/thumb/v7e-m+fp/hard\libc_nano.a(libc_a-nano-vfprintf_i.o)
                0x08005234                _printf_common
 *fill*         0x0800530e        0x2 
 .text._printf_i
                0x08005310      0x240 C:/arm-tools/arm-gnu-toolchain-14.2.rel1-mingw-w64-x86_64-arm-none-eabi/bin/../lib/gcc/arm-none-eabi/14.2.1/thumb/v7e-m+fp/hard\libc_nano.a(libc_a-nano-vfprintf_i.o)
                0x08005310                _printf_i
 .text.memmove  0x08005550       0x32 C:/arm-tools/arm-gnu-toolchain-14.2.rel1-mingw-w64-x86_64-arm-none-eabi/bin/../lib/gcc/arm-none-eabi/14.2.1/thumb/v7e-m+fp/hard\libc_nano.a(libc_a-memmove.o)
                0x08005550                memmove
 *fill*         0x08005582        0x2 
 .text._sbrk_r  0x08005584       0x20 C:/arm-tools/arm-gnu-toolchain-14.2.rel1-mingw-w64-x86_64-arm-none-eabi/bin/../lib/gcc/arm-none-eabi/14.2.1/thumb/v7e-m+fp/hard\libc_nano.a(libc_a-sbrkr.o)
                0x08005584                _sbrk_r
 .text._realloc_r
                0x080055a4       0x5c C:/arm-tools/arm-gnu-toolchain-14.2.rel1-mingw-w64-x86_64-arm-none-eabi/bin/../lib/gcc/arm-none-eabi/14.2.1/thumb/v7e-m+fp/hard\libc_nano.a(libc_a-reallocr.o)
                0x080055a4                _realloc_r
 .text._malloc_usable_size_r
                0x08005600       0x10 C:/arm-tools/arm-gnu-toolchain-14.2.rel1-mingw-w64-x86_64-arm-none-eabi/bin/../lib/gcc/arm-none-eabi/14.2.1/thumb/v7e-m+fp/hard\libc_nano.a(libc_a-msizer.o)
                0x08005600                _malloc_usable_size_r
 .text.__udivmoddi4
                0x08005610      0x2f8 C:/arm-tools/arm-gnu-toolchain-14.2.rel1-mingw-w64-x86_64-arm-none-eabi/bin/../lib/gcc/arm-none-eabi/14.2.1/thumb/v7e-m+fp/hard\libgcc.a(_udivmoddi4.o)
                0x08005610                __udivmoddi4
 *(.glue_7)
 .glue_7        0x08005908        0x0 linker stubs
 *(.glue_7t)
 .glue_7t       0x08005908        0x0 linker stubs
 *(.eh_frame)
 .eh_frame      0x08005908        0x0 C:/arm-tools/arm-gnu-toolchain-14.2.rel1-mingw-w64-x86_64-arm-none-eabi/bin/../lib/gcc/arm-none-eabi/14.2.1/thumb/v7e-m+fp/hard/crtbegin.o
 *(.init)
 .init          0x08005908        0x4 C:/arm-tools/arm-gnu-toolchain-14.2.rel1-mingw-w64-x86_64-arm-none-eabi/bin/../lib/gcc/arm-none-eabi/14.2.1/thumb/v7e-m+fp/hard/crti.o
                0x08005908                _init
 .init          0x0800590c        0x8 C:/arm-tools/arm-gnu-toolchain-14.2.rel1-mingw-w64-x86_64-arm-none-eabi/bin/../lib/gcc/arm-none-eabi/14.2.1/thumb/v7e-m+fp/hard/crtn.o
 *(.fini)
 .fini          0x08005914        0x4 C:/arm-tools/arm-gnu-toolchain-14.2.rel1-mingw-w64-x86_64-arm-none-eabi/bin/../lib/gcc/arm-none-eabi/14.2.1/thumb/v7e-m+fp/hard/crti.o
                0x08005914                _fini
 .fini          0x08005918        0x8 C:/arm-tools/arm-gnu-toolchain-14.2.rel1-mingw-w64-x86_64-arm-none-eabi/bin/../lib/gcc/arm-none-eabi/14.2.1/thumb/v7e-m+fp/hard/crtn.o
                0x08005920                        . = ALIGN (0x4)
                0x08005920                        _etext = .

.vfp11_veneer   0x08005920        0x0
 .vfp11_veneer  0x08005920        0x0 linker stubs

.v4_bx          0x08005920        0x0
 .v4_bx         0x08005920        0x0 linker stubs

.iplt           0x08005920        0x0
 .iplt          0x08005920        0x0 C:/arm-tools/arm-gnu-toolchain-14.2.rel1-mingw-w64-x86_64-arm-none-eabi/bin/../lib/gcc/arm-none-eabi/14.2.1/thumb/v7e-m+fp/hard/crtbegin.o

.rodata         0x08005920      0x138
                0x08005920                        . = ALIGN (0x4)
 *(.rodata)
 *(.rodata*)
 .rodata.main.str1.4
                0x08005920       0xf2 build/main.o
                                 0xa6 (size before relaxing)
 .rodata.USBD_FS_ProductStrDescriptor.str1.4
                0x08005a12       0x1a build/usbd_desc.o
 .rodata.USBD_FS_ManufacturerStrDescriptor.str1.4
                0x08005a12       0x13 build/usbd_desc.o
 .rodata.USBD_FS_ConfigStrDescriptor.str1.4
                0x08005a12        0xb build/usbd_desc.o
 .rodata.USBD_FS_InterfaceStrDescriptor.str1.4
                0x08005a12        0xe build/usbd_desc.o
 *fill*         0x08005a12        0x2 
 .rodata.AHBPrescTable
                0x08005a14       0x10 build/system_stm32f4xx.o
                0x08005a14                AHBPrescTable
 .rodata._svfprintf_r.str1.1
                0x08005a24       0x33 C:/arm-tools/arm-gnu-toolchain-14.2.rel1-mingw-w64-x86_64-arm-none-eabi/bin/../lib/gcc/arm-none-eabi/14.2.1/thumb/v7e-m+fp/hard\libc_nano.a(libc_a-nano-svfprintf.o)
                                 0x11 (size before relaxing)
 .rodata._printf_i.str1.1
                0x08005a57       0x22 C:/arm-tools/arm-gnu-toolchain-14.2.rel1-mingw-w64-x86_64-arm-none-eabi/bin/../lib/gcc/arm-none-eabi/14.2.1/thumb/v7e-m+fp/hard\libc_nano.a(libc_a-nano-vfprintf_i.o)
                0x08005a7c                        . = ALIGN (0x4)
 *fill*         0x08005a57        0x1 

.ARM.extab      0x08005a58        0x0
                0x08005a58                        . = ALIGN (0x4)
 *(.ARM.extab* .gnu.linkonce.armextab.*)
                0x08005a58                        . = ALIGN (0x4)

.ARM            0x08005a58        0x8
                0x08005a58                        . = ALIGN (0x4)
                0x08005a58                        __exidx_start = .
 *(.ARM.exidx*)
 .ARM.exidx     0x08005a58        0x8 C:/arm-tools/arm-gnu-toolchain-14.2.rel1-mingw-w64-x86_64-arm-none-eabi/bin/../lib/gcc/arm-none-eabi/14.2.1/thumb/v7e-m+fp/hard\libc_nano.a(libc_a-strlen.o)
 .ARM.exidx     0x08005a60        0x0 C:/arm-tools/arm-gnu-toolchain-14.2.rel1-mingw-w64-x86_64-arm-none-eabi/bin/../lib/gcc/arm-none-eabi/14.2.1/thumb/v7e-m+fp/hard\libc_nano.a(libc_a-memchr.o)
                                  0x8 (size before relaxing)
 .ARM.exidx.text.__udivmoddi4
                0x08005a60        0x0 C:/arm-tools/arm-gnu-toolchain-14.2.rel1-mingw-w64-x86_64-arm-none-eabi/bin/../lib/gcc/arm-none-eabi/14.2.1/thumb/v7e-m+fp/hard\libgcc.a(_udivmoddi4.o)
                                  0x8 (size before relaxing)
                0x08005a60                        __exidx_end = .
                0x08005a60                        . = ALIGN (0x4)

.preinit_array  0x08005a60        0x0
                0x08005a60                        . = ALIGN (0x4)
                0x08005a60                        PROVIDE (__preinit_array_start = .)
 *(.preinit_array*)
                0x08005a60                        PROVIDE (__preinit_array_end = .)
                0x08005a60                        . = ALIGN (0x4)

.init_array     0x08005a60        0x4
                0x08005a60                        . = ALIGN (0x4)
                0x08005a60                        PROVIDE (__init_array_start = .)
 *(SORT_BY_NAME(.init_array.*))
 *(.init_array*)
 .init_array    0x08005a60        0x4 C:/arm-tools/arm-gnu-toolchain-14.2.rel1-mingw-w64-x86_64-arm-none-eabi/bin/../lib/gcc/arm-none-eabi/14.2.1/thumb/v7e-m+fp/hard/crtbegin.o
                0x08005a64                        PROVIDE (__init_array_end = .)
                0x08005a64                        . = ALIGN (0x4)

.fini_array     0x08005a64        0x4
                0x08005a64                        . = ALIGN (0x4)
                [!provide]                        PROVIDE (__fini_array_start = .)
 *(SORT_BY_NAME(.fini_array.*))
 *(.fini_array*)
 .fini_array    0x08005a64        0x4 C:/arm-tools/arm-gnu-toolchain-14.2.rel1-mingw-w64-x86_64-arm-none-eabi/bin/../lib/gcc/arm-none-eabi/14.2.1/thumb/v7e-m+fp/hard/crtbegin.o
                [!provide]                        PROVIDE (__fini_array_end = .)
                0x08005a68                        . = ALIGN (0x4)
                0x08005a68                        _sidata = LOADADDR (.data)

.rel.dyn        0x08005a68        0x0
 .rel.iplt      0x08005a68        0x0 C:/arm-tools/arm-gnu-toolchain-14.2.rel1-mingw-w64-x86_64-arm-none-eabi/bin/../lib/gcc/arm-none-eabi/14.2.1/thumb/v7e-m+fp/hard/crtbegin.o

.data           0x20000000      0x150 load address 0x08005a68
                0x20000000                        . = ALIGN (0x4)
                0x20000000                        _sdata = .
 *(.data)
 *(.data*)
 .data.adc_max  0x20000000        0x4 build/main.o
                0x20000000                adc_max
 .data.adc_min  0x20000004        0x4 build/main.o
                0x20000004                adc_min
 .data.USBD_StringSerial
                0x20000008       0x1a build/usbd_desc.o
                0x20000008                USBD_StringSerial
 *fill*         0x20000022        0x2 
 .data.USBD_LangIDDesc
                0x20000024        0x4 build/usbd_desc.o
                0x20000024                USBD_LangIDDesc
 .data.USBD_FS_DeviceDesc
                0x20000028       0x12 build/usbd_desc.o
                0x20000028                USBD_FS_DeviceDesc
 *fill*         0x2000003a        0x2 
 .data.FS_Desc  0x2000003c       0x1c build/usbd_desc.o
                0x2000003c                FS_Desc
 .data.USBD_Interface_fops_FS
                0x20000058       0x14 build/usbd_cdc_if.o
                0x20000058                USBD_Interface_fops_FS
 .data.uwTickFreq
                0x2000006c        0x1 build/stm32f4xx_hal.o
                0x2000006c                uwTickFreq
 *fill*         0x2000006d        0x3 
 .data.uwTickPrio
                0x20000070        0x4 build/stm32f4xx_hal.o
                0x20000070                uwTickPrio
 .data.SystemCoreClock
                0x20000074        0x4 build/system_stm32f4xx.o
                0x20000074                SystemCoreClock
 .data.USBD_CDC_CfgDesc
                0x20000078       0x43 build/usbd_cdc.o
 *fill*         0x200000bb        0x1 
 .data.USBD_CDC
                0x200000bc       0x38 build/usbd_cdc.o
                0x200000bc                USBD_CDC
 .data.USBD_CDC_DeviceQualifierDesc
                0x200000f4        0xa build/usbd_cdc.o
 *fill*         0x200000fe        0x2 
 .data._impure_ptr
                0x20000100        0x4 C:/arm-tools/arm-gnu-toolchain-14.2.rel1-mingw-w64-x86_64-arm-none-eabi/bin/../lib/gcc/arm-none-eabi/14.2.1/thumb/v7e-m+fp/hard\libc_nano.a(libc_a-impure.o)
                0x20000100                _impure_ptr
 .data._impure_data
                0x20000104       0x4c C:/arm-tools/arm-gnu-toolchain-14.2.rel1-mingw-w64-x86_64-arm-none-eabi/bin/../lib/gcc/arm-none-eabi/14.2.1/thumb/v7e-m+fp/hard\libc_nano.a(libc_a-impure.o)
                0x20000104                _impure_data
 *(.RamFunc)
 *(.RamFunc*)
                0x20000150                        . = ALIGN (0x4)
                0x20000150                        _edata = .

.tm_clone_table
                0x20000150        0x0 load address 0x08005bb8
 .tm_clone_table
                0x20000150        0x0 C:/arm-tools/arm-gnu-toolchain-14.2.rel1-mingw-w64-x86_64-arm-none-eabi/bin/../lib/gcc/arm-none-eabi/14.2.1/thumb/v7e-m+fp/hard/crtbegin.o
 .tm_clone_table
                0x20000150        0x0 C:/arm-tools/arm-gnu-toolchain-14.2.rel1-mingw-w64-x86_64-arm-none-eabi/bin/../lib/gcc/arm-none-eabi/14.2.1/thumb/v7e-m+fp/hard/crtend.o

.igot.plt       0x20000150        0x0 load address 0x08005bb8
 .igot.plt      0x20000150        0x0 C:/arm-tools/arm-gnu-toolchain-14.2.rel1-mingw-w64-x86_64-arm-none-eabi/bin/../lib/gcc/arm-none-eabi/14.2.1/thumb/v7e-m+fp/hard/crtbegin.o
                0x20000150                        . = ALIGN (0x4)

.bss            0x20000150     0x1fe4 load address 0x08005bb8
                0x20000150                        _sbss = .
                0x20000150                        __bss_start__ = _sbss
 *(.bss)
 *(.bss*)
 .bss.completed.1
                0x20000150        0x1 C:/arm-tools/arm-gnu-toolchain-14.2.rel1-mingw-w64-x86_64-arm-none-eabi/bin/../lib/gcc/arm-none-eabi/14.2.1/thumb/v7e-m+fp/hard/crtbegin.o
 *fill*         0x20000151        0x3 
 .bss.object.0  0x20000154       0x18 C:/arm-tools/arm-gnu-toolchain-14.2.rel1-mingw-w64-x86_64-arm-none-eabi/bin/../lib/gcc/arm-none-eabi/14.2.1/thumb/v7e-m+fp/hard/crtbegin.o
 .bss.buffer    0x2000016c       0xff build/main.o
                0x2000016c                buffer
 *fill*         0x2000026b        0x1 
 .bss.gUSBRxBuffer
                0x2000026c       0xff build/main.o
                0x2000026c                gUSBRxBuffer
 .bss.nivelLed  0x2000036b        0x1 build/main.o
                0x2000036b                nivelLed
 .bss.valorADC  0x2000036c        0x4 build/main.o
                0x2000036c                valorADC
 .bss.htim3     0x20000370       0x48 build/main.o
                0x20000370                htim3
 .bss.hadc1     0x200003b8       0x48 build/main.o
                0x200003b8                hadc1
 .bss.__sbrk_heap_end
                0x20000400        0x4 build/sysmem.o
 .bss.hUsbDeviceFS
                0x20000404      0x2dc build/usb_device.o
                0x20000404                hUsbDeviceFS
 .bss.USBD_StrDesc
                0x200006e0      0x200 build/usbd_desc.o
                0x200006e0                USBD_StrDesc
 .bss.UserTxBufferFS
                0x200008e0      0x800 build/usbd_cdc_if.o
                0x200008e0                UserTxBufferFS
 .bss.UserRxBufferFS
                0x200010e0      0x800 build/usbd_cdc_if.o
                0x200010e0                UserRxBufferFS
 .bss.mem.0     0x200018e0      0x220 build/usbd_conf.o
 .bss.hpcd_USB_OTG_FS
                0x20001b00      0x4e4 build/usbd_conf.o
                0x20001b00                hpcd_USB_OTG_FS
 .bss.uwTick    0x20001fe4        0x4 build/stm32f4xx_hal.o
                0x20001fe4                uwTick
 .bss.cfgidx.0  0x20001fe8        0x1 build/usbd_ctlreq.o
 *fill*         0x20001fe9        0x3 
 .bss.__sf      0x20001fec      0x138 C:/arm-tools/arm-gnu-toolchain-14.2.rel1-mingw-w64-x86_64-arm-none-eabi/bin/../lib/gcc/arm-none-eabi/14.2.1/thumb/v7e-m+fp/hard\libc_nano.a(libc_a-findfp.o)
                0x20001fec                __sf
 .bss.errno     0x20002124        0x4 C:/arm-tools/arm-gnu-toolchain-14.2.rel1-mingw-w64-x86_64-arm-none-eabi/bin/../lib/gcc/arm-none-eabi/14.2.1/thumb/v7e-m+fp/hard\libc_nano.a(libc_a-reent.o)
                0x20002124                errno
 .bss.__lock___malloc_recursive_mutex
                0x20002128        0x1 C:/arm-tools/arm-gnu-toolchain-14.2.rel1-mingw-w64-x86_64-arm-none-eabi/bin/../lib/gcc/arm-none-eabi/14.2.1/thumb/v7e-m+fp/hard\libc_nano.a(libc_a-lock.o)
                0x20002128                __lock___malloc_recursive_mutex
 *fill*         0x20002129        0x3 
 .bss.__malloc_sbrk_start
                0x2000212c        0x4 C:/arm-tools/arm-gnu-toolchain-14.2.rel1-mingw-w64-x86_64-arm-none-eabi/bin/../lib/gcc/arm-none-eabi/14.2.1/thumb/v7e-m+fp/hard\libc_nano.a(libc_a-mallocr.o)
                0x2000212c                __malloc_sbrk_start
 .bss.__malloc_free_list
                0x20002130        0x4 C:/arm-tools/arm-gnu-toolchain-14.2.rel1-mingw-w64-x86_64-arm-none-eabi/bin/../lib/gcc/arm-none-eabi/14.2.1/thumb/v7e-m+fp/hard\libc_nano.a(libc_a-mallocr.o)
                0x20002130                __malloc_free_list
 *(COMMON)
                0x20002134                        . = ALIGN (0x4)
                0x20002134                        _ebss = .
                0x20002134                        __bss_end__ = _ebss

._user_heap_stack
                0x20002134      0x604 load address 0x08005bb8
                0x20002138                        . = ALIGN (0x8)
 *fill*         0x20002134        0x4 
                [!provide]                        PROVIDE (end = .)
                0x20002138                        PROVIDE (_end = .)
                0x20002338                        . = (. + _Min_Heap_Size)
 *fill*         0x20002138      0x200 
                0x20002738                        . = (. + _Min_Stack_Size)
 *fill*         0x20002338      0x400 
                0x20002738                        . = ALIGN (0x8)

/DISCARD/
 libc.a(*)
 libm.a(*)
 libgcc.a(*)
OUTPUT(build/ADC_LDR.elf elf32-littlearm)
LOAD linker stubs
LOAD C:/arm-tools/arm-gnu-toolchain-14.2.rel1-mingw-w64-x86_64-arm-none-eabi/bin/../lib/gcc/arm-none-eabi/14.2.1/thumb/v7e-m+fp/hard\libc.a
LOAD C:/arm-tools/arm-gnu-toolchain-14.2.rel1-mingw-w64-x86_64-arm-none-eabi/bin/../lib/gcc/arm-none-eabi/14.2.1/thumb/v7e-m+fp/hard\libm.a
LOAD C:/arm-tools/arm-gnu-toolchain-14.2.rel1-mingw-w64-x86_64-arm-none-eabi/bin/../lib/gcc/arm-none-eabi/14.2.1/thumb/v7e-m+fp/hard\libgcc.a

.ARM.attributes
                0x00000000       0x30
 .ARM.attributes
                0x00000000       0x22 C:/arm-tools/arm-gnu-toolchain-14.2.rel1-mingw-w64-x86_64-arm-none-eabi/bin/../lib/gcc/arm-none-eabi/14.2.1/thumb/v7e-m+fp/hard/crti.o
 .ARM.attributes
                0x00000022       0x34 C:/arm-tools/arm-gnu-toolchain-14.2.rel1-mingw-w64-x86_64-arm-none-eabi/bin/../lib/gcc/arm-none-eabi/14.2.1/thumb/v7e-m+fp/hard/crtbegin.o
 .ARM.attributes
                0x00000056       0x34 build/main.o
 .ARM.attributes
                0x0000008a       0x34 build/stm32f4xx_it.o
 .ARM.attributes
                0x000000be       0x34 build/stm32f4xx_hal_msp.o
 .ARM.attributes
                0x000000f2       0x34 build/sysmem.o
 .ARM.attributes
                0x00000126       0x34 build/usb_device.o
 .ARM.attributes
                0x0000015a       0x34 build/usbd_desc.o
 .ARM.attributes
                0x0000018e       0x34 build/usbd_cdc_if.o
 .ARM.attributes
                0x000001c2       0x34 build/usbd_conf.o
 .ARM.attributes
                0x000001f6       0x34 build/stm32f4xx_hal_tim.o
 .ARM.attributes
                0x0000022a       0x34 build/stm32f4xx_hal_tim_ex.o
 .ARM.attributes
                0x0000025e       0x34 build/stm32f4xx_hal_pcd.o
 .ARM.attributes
                0x00000292       0x34 build/stm32f4xx_hal_pcd_ex.o
 .ARM.attributes
                0x000002c6       0x34 build/stm32f4xx_ll_usb.o
 .ARM.attributes
                0x000002fa       0x34 build/stm32f4xx_hal_rcc.o
 .ARM.attributes
                0x0000032e       0x34 build/stm32f4xx_hal_gpio.o
 .ARM.attributes
                0x00000362       0x34 build/stm32f4xx_hal_cortex.o
 .ARM.attributes
                0x00000396       0x34 build/stm32f4xx_hal.o
 .ARM.attributes
                0x000003ca       0x34 build/stm32f4xx_hal_adc.o
 .ARM.attributes
                0x000003fe       0x34 build/system_stm32f4xx.o
 .ARM.attributes
                0x00000432       0x34 build/usbd_core.o
 .ARM.attributes
                0x00000466       0x34 build/usbd_ctlreq.o
 .ARM.attributes
                0x0000049a       0x34 build/usbd_ioreq.o
 .ARM.attributes
                0x000004ce       0x34 build/usbd_cdc.o
 .ARM.attributes
                0x00000502       0x21 build/startup_stm32f411xe.o
 .ARM.attributes
                0x00000523       0x34 C:/arm-tools/arm-gnu-toolchain-14.2.rel1-mingw-w64-x86_64-arm-none-eabi/bin/../lib/gcc/arm-none-eabi/14.2.1/thumb/v7e-m+fp/hard\libc_nano.a(libc_a-findfp.o)
 .ARM.attributes
                0x00000557       0x34 C:/arm-tools/arm-gnu-toolchain-14.2.rel1-mingw-w64-x86_64-arm-none-eabi/bin/../lib/gcc/arm-none-eabi/14.2.1/thumb/v7e-m+fp/hard\libc_nano.a(libc_a-sprintf.o)
 .ARM.attributes
                0x0000058b       0x34 C:/arm-tools/arm-gnu-toolchain-14.2.rel1-mingw-w64-x86_64-arm-none-eabi/bin/../lib/gcc/arm-none-eabi/14.2.1/thumb/v7e-m+fp/hard\libc_nano.a(libc_a-memset.o)
 .ARM.attributes
                0x000005bf       0x34 C:/arm-tools/arm-gnu-toolchain-14.2.rel1-mingw-w64-x86_64-arm-none-eabi/bin/../lib/gcc/arm-none-eabi/14.2.1/thumb/v7e-m+fp/hard\libc_nano.a(libc_a-reent.o)
 .ARM.attributes
                0x000005f3       0x34 C:/arm-tools/arm-gnu-toolchain-14.2.rel1-mingw-w64-x86_64-arm-none-eabi/bin/../lib/gcc/arm-none-eabi/14.2.1/thumb/v7e-m+fp/hard\libc_nano.a(libc_a-impure.o)
 .ARM.attributes
                0x00000627       0x34 C:/arm-tools/arm-gnu-toolchain-14.2.rel1-mingw-w64-x86_64-arm-none-eabi/bin/../lib/gcc/arm-none-eabi/14.2.1/thumb/v7e-m+fp/hard\libc_nano.a(libc_a-errno.o)
 .ARM.attributes
                0x0000065b       0x34 C:/arm-tools/arm-gnu-toolchain-14.2.rel1-mingw-w64-x86_64-arm-none-eabi/bin/../lib/gcc/arm-none-eabi/14.2.1/thumb/v7e-m+fp/hard\libc_nano.a(libc_a-init.o)
 .ARM.attributes
                0x0000068f       0x34 C:/arm-tools/arm-gnu-toolchain-14.2.rel1-mingw-w64-x86_64-arm-none-eabi/bin/../lib/gcc/arm-none-eabi/14.2.1/thumb/v7e-m+fp/hard\libc_nano.a(libc_a-lock.o)
 .ARM.attributes
                0x000006c3       0x34 C:/arm-tools/arm-gnu-toolchain-14.2.rel1-mingw-w64-x86_64-arm-none-eabi/bin/../lib/gcc/arm-none-eabi/14.2.1/thumb/v7e-m+fp/hard\libc_nano.a(libc_a-memcpy-stub.o)
 .ARM.attributes
                0x000006f7       0x17 C:/arm-tools/arm-gnu-toolchain-14.2.rel1-mingw-w64-x86_64-arm-none-eabi/bin/../lib/gcc/arm-none-eabi/14.2.1/thumb/v7e-m+fp/hard\libc_nano.a(libc_a-strlen.o)
 .ARM.attributes
                0x0000070e       0x34 C:/arm-tools/arm-gnu-toolchain-14.2.rel1-mingw-w64-x86_64-arm-none-eabi/bin/../lib/gcc/arm-none-eabi/14.2.1/thumb/v7e-m+fp/hard\libc_nano.a(libc_a-freer.o)
 .ARM.attributes
                0x00000742       0x34 C:/arm-tools/arm-gnu-toolchain-14.2.rel1-mingw-w64-x86_64-arm-none-eabi/bin/../lib/gcc/arm-none-eabi/14.2.1/thumb/v7e-m+fp/hard\libc_nano.a(libc_a-mallocr.o)
 .ARM.attributes
                0x00000776       0x34 C:/arm-tools/arm-gnu-toolchain-14.2.rel1-mingw-w64-x86_64-arm-none-eabi/bin/../lib/gcc/arm-none-eabi/14.2.1/thumb/v7e-m+fp/hard\libc_nano.a(libc_a-mlock.o)
 .ARM.attributes
                0x000007aa       0x34 C:/arm-tools/arm-gnu-toolchain-14.2.rel1-mingw-w64-x86_64-arm-none-eabi/bin/../lib/gcc/arm-none-eabi/14.2.1/thumb/v7e-m+fp/hard\libc_nano.a(libc_a-nano-svfprintf.o)
 .ARM.attributes
                0x000007de       0x34 C:/arm-tools/arm-gnu-toolchain-14.2.rel1-mingw-w64-x86_64-arm-none-eabi/bin/../lib/gcc/arm-none-eabi/14.2.1/thumb/v7e-m+fp/hard\libc_nano.a(libc_a-nano-vfprintf_i.o)
 .ARM.attributes
                0x00000812       0x34 C:/arm-tools/arm-gnu-toolchain-14.2.rel1-mingw-w64-x86_64-arm-none-eabi/bin/../lib/gcc/arm-none-eabi/14.2.1/thumb/v7e-m+fp/hard\libc_nano.a(libc_a-memmove.o)
 .ARM.attributes
                0x00000846       0x34 C:/arm-tools/arm-gnu-toolchain-14.2.rel1-mingw-w64-x86_64-arm-none-eabi/bin/../lib/gcc/arm-none-eabi/14.2.1/thumb/v7e-m+fp/hard\libc_nano.a(libc_a-sbrkr.o)
 .ARM.attributes
                0x0000087a       0x1c C:/arm-tools/arm-gnu-toolchain-14.2.rel1-mingw-w64-x86_64-arm-none-eabi/bin/../lib/gcc/arm-none-eabi/14.2.1/thumb/v7e-m+fp/hard\libc_nano.a(libc_a-memchr.o)
 .ARM.attributes
                0x00000896       0x34 C:/arm-tools/arm-gnu-toolchain-14.2.rel1-mingw-w64-x86_64-arm-none-eabi/bin/../lib/gcc/arm-none-eabi/14.2.1/thumb/v7e-m+fp/hard\libc_nano.a(libc_a-reallocr.o)
 .ARM.attributes
                0x000008ca       0x34 C:/arm-tools/arm-gnu-toolchain-14.2.rel1-mingw-w64-x86_64-arm-none-eabi/bin/../lib/gcc/arm-none-eabi/14.2.1/thumb/v7e-m+fp/hard\libc_nano.a(libc_a-msizer.o)
 .ARM.attributes
                0x000008fe       0x22 C:/arm-tools/arm-gnu-toolchain-14.2.rel1-mingw-w64-x86_64-arm-none-eabi/bin/../lib/gcc/arm-none-eabi/14.2.1/thumb/v7e-m+fp/hard\libgcc.a(_aeabi_uldivmod.o)
 .ARM.attributes
                0x00000920       0x34 C:/arm-tools/arm-gnu-toolchain-14.2.rel1-mingw-w64-x86_64-arm-none-eabi/bin/../lib/gcc/arm-none-eabi/14.2.1/thumb/v7e-m+fp/hard\libgcc.a(_udivmoddi4.o)
 .ARM.attributes
                0x00000954       0x22 C:/arm-tools/arm-gnu-toolchain-14.2.rel1-mingw-w64-x86_64-arm-none-eabi/bin/../lib/gcc/arm-none-eabi/14.2.1/thumb/v7e-m+fp/hard\libgcc.a(_dvmd_tls.o)
 .ARM.attributes
                0x00000976       0x34 C:/arm-tools/arm-gnu-toolchain-14.2.rel1-mingw-w64-x86_64-arm-none-eabi/bin/../lib/gcc/arm-none-eabi/14.2.1/thumb/v7e-m+fp/hard/crtend.o
 .ARM.attributes
                0x000009aa       0x22 C:/arm-tools/arm-gnu-toolchain-14.2.rel1-mingw-w64-x86_64-arm-none-eabi/bin/../lib/gcc/arm-none-eabi/14.2.1/thumb/v7e-m+fp/hard/crtn.o

.comment        0x00000000       0x45
 .comment       0x00000000       0x45 build/main.o
                                 0x46 (size before relaxing)
 .comment       0x00000045       0x46 build/stm32f4xx_it.o
 .comment       0x00000045       0x46 build/stm32f4xx_hal_msp.o
 .comment       0x00000045       0x46 build/sysmem.o
 .comment       0x00000045       0x46 build/usb_device.o
 .comment       0x00000045       0x46 build/usbd_desc.o
 .comment       0x00000045       0x46 build/usbd_cdc_if.o
 .comment       0x00000045       0x46 build/usbd_conf.o
 .comment       0x00000045       0x46 build/stm32f4xx_hal_tim.o
 .comment       0x00000045       0x46 build/stm32f4xx_hal_tim_ex.o
 .comment       0x00000045       0x46 build/stm32f4xx_hal_pcd.o
 .comment       0x00000045       0x46 build/stm32f4xx_hal_pcd_ex.o
 .comment       0x00000045       0x46 build/stm32f4xx_ll_usb.o
 .comment       0x00000045       0x46 build/stm32f4xx_hal_rcc.o
 .comment       0x00000045       0x46 build/stm32f4xx_hal_gpio.o
 .comment       0x00000045       0x46 build/stm32f4xx_hal_cortex.o
 .comment       0x00000045       0x46 build/stm32f4xx_hal.o
 .comment       0x00000045       0x46 build/stm32f4xx_hal_adc.o
 .comment       0x00000045       0x46 build/system_stm32f4xx.o
 .comment       0x00000045       0x46 build/usbd_core.o
 .comment       0x00000045       0x46 build/usbd_ctlreq.o
 .comment       0x00000045       0x46 build/usbd_ioreq.o
 .comment       0x00000045       0x46 build/usbd_cdc.o

.debug_info     0x00000000    0x1ae48
 .debug_info    0x00000000     0x19ca build/main.o
 .debug_info    0x000019ca      0x72e build/stm32f4xx_it.o
 .debug_info    0x000020f8      0xf6a build/stm32f4xx_hal_msp.o
 .debug_info    0x00003062      0x18c build/sysmem.o
 .debug_info    0x000031ee      0x8a4 build/usb_device.o
 .debug_info    0x00003a92      0x668 build/usbd_desc.o
 .debug_info    0x000040fa      0xbbd build/usbd_cdc_if.o
 .debug_info    0x00004cb7     0x246a build/usbd_conf.o
 .debug_info    0x00007121     0x4198 build/stm32f4xx_hal_tim.o
 .debug_info    0x0000b2b9     0x1d8f build/stm32f4xx_hal_tim_ex.o
 .debug_info    0x0000d048     0x1f2f build/stm32f4xx_hal_pcd.o
 .debug_info    0x0000ef77      0x7cb build/stm32f4xx_hal_pcd_ex.o
 .debug_info    0x0000f742     0x21f9 build/stm32f4xx_ll_usb.o
 .debug_info    0x0001193b      0xc4d build/stm32f4xx_hal_rcc.o
 .debug_info    0x00012588      0x872 build/stm32f4xx_hal_gpio.o
 .debug_info    0x00012dfa     0x1150 build/stm32f4xx_hal_cortex.o
 .debug_info    0x00013f4a      0xa91 build/stm32f4xx_hal.o
 .debug_info    0x000149db     0x1052 build/stm32f4xx_hal_adc.o
 .debug_info    0x00015a2d      0x5e5 build/system_stm32f4xx.o
 .debug_info    0x00016012     0x1464 build/usbd_core.o
 .debug_info    0x00017476     0x15f4 build/usbd_ctlreq.o
 .debug_info    0x00018a6a      0xa29 build/usbd_ioreq.o
 .debug_info    0x00019493     0x1985 build/usbd_cdc.o
 .debug_info    0x0001ae18       0x30 build/startup_stm32f411xe.o

.debug_abbrev   0x00000000     0x3871
 .debug_abbrev  0x00000000      0x2b4 build/main.o
 .debug_abbrev  0x000002b4      0x183 build/stm32f4xx_it.o
 .debug_abbrev  0x00000437      0x1ed build/stm32f4xx_hal_msp.o
 .debug_abbrev  0x00000624       0xeb build/sysmem.o
 .debug_abbrev  0x0000070f      0x19c build/usb_device.o
 .debug_abbrev  0x000008ab      0x208 build/usbd_desc.o
 .debug_abbrev  0x00000ab3      0x2d5 build/usbd_cdc_if.o
 .debug_abbrev  0x00000d88      0x348 build/usbd_conf.o
 .debug_abbrev  0x000010d0      0x2ce build/stm32f4xx_hal_tim.o
 .debug_abbrev  0x0000139e      0x2c8 build/stm32f4xx_hal_tim_ex.o
 .debug_abbrev  0x00001666      0x2e7 build/stm32f4xx_hal_pcd.o
 .debug_abbrev  0x0000194d      0x1c5 build/stm32f4xx_hal_pcd_ex.o
 .debug_abbrev  0x00001b12      0x344 build/stm32f4xx_ll_usb.o
 .debug_abbrev  0x00001e56      0x2de build/stm32f4xx_hal_rcc.o
 .debug_abbrev  0x00002134      0x22b build/stm32f4xx_hal_gpio.o
 .debug_abbrev  0x0000235f      0x3ca build/stm32f4xx_hal_cortex.o
 .debug_abbrev  0x00002729      0x275 build/stm32f4xx_hal.o
 .debug_abbrev  0x0000299e      0x287 build/stm32f4xx_hal_adc.o
 .debug_abbrev  0x00002c25      0x11b build/system_stm32f4xx.o
 .debug_abbrev  0x00002d40      0x2f7 build/usbd_core.o
 .debug_abbrev  0x00003037      0x359 build/usbd_ctlreq.o
 .debug_abbrev  0x00003390      0x195 build/usbd_ioreq.o
 .debug_abbrev  0x00003525      0x32f build/usbd_cdc.o
 .debug_abbrev  0x00003854       0x1d build/startup_stm32f411xe.o

.debug_loc      0x00000000    0x1484e
 .debug_loc     0x00000000      0x134 build/main.o
 .debug_loc     0x00000134       0x40 build/stm32f4xx_it.o
 .debug_loc     0x00000174      0x1ea build/stm32f4xx_hal_msp.o
 .debug_loc     0x0000035e       0x90 build/sysmem.o
 .debug_loc     0x000003ee       0x20 build/usb_device.o
 .debug_loc     0x0000040e      0x4e7 build/usbd_desc.o
 .debug_loc     0x000008f5      0x200 build/usbd_cdc_if.o
 .debug_loc     0x00000af5     0x10c2 build/usbd_conf.o
 .debug_loc     0x00001bb7     0x6178 build/stm32f4xx_hal_tim.o
 .debug_loc     0x00007d2f     0x2309 build/stm32f4xx_hal_tim_ex.o
 .debug_loc     0x0000a038     0x1832 build/stm32f4xx_hal_pcd.o
 .debug_loc     0x0000b86a      0x13d build/stm32f4xx_hal_pcd_ex.o
 .debug_loc     0x0000b9a7     0x29c3 build/stm32f4xx_ll_usb.o
 .debug_loc     0x0000e36a      0x712 build/stm32f4xx_hal_rcc.o
 .debug_loc     0x0000ea7c      0x60b build/stm32f4xx_hal_gpio.o
 .debug_loc     0x0000f087      0x8ff build/stm32f4xx_hal_cortex.o
 .debug_loc     0x0000f986      0x1f9 build/stm32f4xx_hal.o
 .debug_loc     0x0000fb7f      0xf42 build/stm32f4xx_hal_adc.o
 .debug_loc     0x00010ac1       0xb0 build/system_stm32f4xx.o
 .debug_loc     0x00010b71     0x115e build/usbd_core.o
 .debug_loc     0x00011ccf     0x1afd build/usbd_ctlreq.o
 .debug_loc     0x000137cc      0x3f8 build/usbd_ioreq.o
 .debug_loc     0x00013bc4      0xc8a build/usbd_cdc.o

.debug_aranges  0x00000000     0x1188
 .debug_aranges
                0x00000000       0x48 build/main.o
 .debug_aranges
                0x00000048       0x68 build/stm32f4xx_it.o
 .debug_aranges
                0x000000b0       0x48 build/stm32f4xx_hal_msp.o
 .debug_aranges
                0x000000f8       0x20 build/sysmem.o
 .debug_aranges
                0x00000118       0x20 build/usb_device.o
 .debug_aranges
                0x00000138       0x60 build/usbd_desc.o
 .debug_aranges
                0x00000198       0x48 build/usbd_cdc_if.o
 .debug_aranges
                0x000001e0      0x110 build/usbd_conf.o
 .debug_aranges
                0x000002f0      0x3d0 build/stm32f4xx_hal_tim.o
 .debug_aranges
                0x000006c0      0x168 build/stm32f4xx_hal_tim_ex.o
 .debug_aranges
                0x00000828      0x148 build/stm32f4xx_hal_pcd.o
 .debug_aranges
                0x00000970       0x38 build/stm32f4xx_hal_pcd_ex.o
 .debug_aranges
                0x000009a8      0x1a0 build/stm32f4xx_ll_usb.o
 .debug_aranges
                0x00000b48       0x88 build/stm32f4xx_hal_rcc.o
 .debug_aranges
                0x00000bd0       0x58 build/stm32f4xx_hal_gpio.o
 .debug_aranges
                0x00000c28       0xf8 build/stm32f4xx_hal_cortex.o
 .debug_aranges
                0x00000d20       0xf0 build/stm32f4xx_hal.o
 .debug_aranges
                0x00000e10       0xe8 build/stm32f4xx_hal_adc.o
 .debug_aranges
                0x00000ef8       0x28 build/system_stm32f4xx.o
 .debug_aranges
                0x00000f20       0xd8 build/usbd_core.o
 .debug_aranges
                0x00000ff8       0x88 build/usbd_ctlreq.o
 .debug_aranges
                0x00001080       0x50 build/usbd_ioreq.o
 .debug_aranges
                0x000010d0       0x90 build/usbd_cdc.o
 .debug_aranges
                0x00001160       0x28 build/startup_stm32f411xe.o

.debug_ranges   0x00000000     0x1028
 .debug_ranges  0x00000000       0x38 build/main.o
 .debug_ranges  0x00000038       0x58 build/stm32f4xx_it.o
 .debug_ranges  0x00000090       0x38 build/stm32f4xx_hal_msp.o
 .debug_ranges  0x000000c8       0x10 build/sysmem.o
 .debug_ranges  0x000000d8       0x10 build/usb_device.o
 .debug_ranges  0x000000e8       0x50 build/usbd_desc.o
 .debug_ranges  0x00000138       0x38 build/usbd_cdc_if.o
 .debug_ranges  0x00000170      0x100 build/usbd_conf.o
 .debug_ranges  0x00000270      0x3c0 build/stm32f4xx_hal_tim.o
 .debug_ranges  0x00000630      0x158 build/stm32f4xx_hal_tim_ex.o
 .debug_ranges  0x00000788      0x138 build/stm32f4xx_hal_pcd.o
 .debug_ranges  0x000008c0       0x28 build/stm32f4xx_hal_pcd_ex.o
 .debug_ranges  0x000008e8      0x190 build/stm32f4xx_ll_usb.o
 .debug_ranges  0x00000a78       0x90 build/stm32f4xx_hal_rcc.o
 .debug_ranges  0x00000b08       0x48 build/stm32f4xx_hal_gpio.o
 .debug_ranges  0x00000b50       0xe8 build/stm32f4xx_hal_cortex.o
 .debug_ranges  0x00000c38       0xe0 build/stm32f4xx_hal.o
 .debug_ranges  0x00000d18       0xd8 build/stm32f4xx_hal_adc.o
 .debug_ranges  0x00000df0       0x18 build/system_stm32f4xx.o
 .debug_ranges  0x00000e08       0xc8 build/usbd_core.o
 .debug_ranges  0x00000ed0       0x78 build/usbd_ctlreq.o
 .debug_ranges  0x00000f48       0x40 build/usbd_ioreq.o
 .debug_ranges  0x00000f88       0x80 build/usbd_cdc.o
 .debug_ranges  0x00001008       0x20 build/startup_stm32f411xe.o

.debug_line     0x00000000    0x1109c
 .debug_line    0x00000000      0x888 build/main.o
 .debug_line    0x00000888      0x2be build/stm32f4xx_it.o
 .debug_line    0x00000b46      0x35f build/stm32f4xx_hal_msp.o
 .debug_line    0x00000ea5      0x205 build/sysmem.o
 .debug_line    0x000010aa      0x247 build/usb_device.o
 .debug_line    0x000012f1      0x362 build/usbd_desc.o
 .debug_line    0x00001653      0x30f build/usbd_cdc_if.o
 .debug_line    0x00001962      0x83e build/usbd_conf.o
 .debug_line    0x000021a0     0x4646 build/stm32f4xx_hal_tim.o
 .debug_line    0x000067e6     0x1a11 build/stm32f4xx_hal_tim_ex.o
 .debug_line    0x000081f7     0x1465 build/stm32f4xx_hal_pcd.o
 .debug_line    0x0000965c      0x2ce build/stm32f4xx_hal_pcd_ex.o
 .debug_line    0x0000992a     0x1f07 build/stm32f4xx_ll_usb.o
 .debug_line    0x0000b831      0xbf7 build/stm32f4xx_hal_rcc.o
 .debug_line    0x0000c428      0x6e7 build/stm32f4xx_hal_gpio.o
 .debug_line    0x0000cb0f      0x858 build/stm32f4xx_hal_cortex.o
 .debug_line    0x0000d367      0x595 build/stm32f4xx_hal.o
 .debug_line    0x0000d8fc      0xff6 build/stm32f4xx_hal_adc.o
 .debug_line    0x0000e8f2      0x27b build/system_stm32f4xx.o
 .debug_line    0x0000eb6d      0xa21 build/usbd_core.o
 .debug_line    0x0000f58e      0xd3f build/usbd_ctlreq.o
 .debug_line    0x000102cd      0x2e4 build/usbd_ioreq.o
 .debug_line    0x000105b1      0xa78 build/usbd_cdc.o
 .debug_line    0x00011029       0x73 build/startup_stm32f411xe.o

.debug_str      0x00000000     0x54af
 .debug_str     0x00000000     0x54af build/main.o
                                0xec1 (size before relaxing)
 .debug_str     0x000054af      0x62f build/stm32f4xx_it.o
 .debug_str     0x000054af      0xa63 build/stm32f4xx_hal_msp.o
 .debug_str     0x000054af      0x1f2 build/sysmem.o
 .debug_str     0x000054af      0x69a build/usb_device.o
 .debug_str     0x000054af      0x42b build/usbd_desc.o
 .debug_str     0x000054af      0x7a5 build/usbd_cdc_if.o
 .debug_str     0x000054af     0x1463 build/usbd_conf.o
 .debug_str     0x000054af     0x16cc build/stm32f4xx_hal_tim.o
 .debug_str     0x000054af      0xed8 build/stm32f4xx_hal_tim_ex.o
 .debug_str     0x000054af      0xdd2 build/stm32f4xx_hal_pcd.o
 .debug_str     0x000054af      0x710 build/stm32f4xx_hal_pcd_ex.o
 .debug_str     0x000054af      0xcfb build/stm32f4xx_ll_usb.o
 .debug_str     0x000054af      0x6e5 build/stm32f4xx_hal_rcc.o
 .debug_str     0x000054af      0x4bf build/stm32f4xx_hal_gpio.o
 .debug_str     0x000054af      0xaea build/stm32f4xx_hal_cortex.o
 .debug_str     0x000054af      0x9eb build/stm32f4xx_hal.o
 .debug_str     0x000054af      0x92f build/stm32f4xx_hal_adc.o
 .debug_str     0x000054af      0x354 build/system_stm32f4xx.o
 .debug_str     0x000054af      0x9ac build/usbd_core.o
 .debug_str     0x000054af      0x7d7 build/usbd_ctlreq.o
 .debug_str     0x000054af      0x6ac build/usbd_ioreq.o
 .debug_str     0x000054af      0xd65 build/usbd_cdc.o
 .debug_str     0x000054af       0x4f build/startup_stm32f411xe.o

.debug_frame    0x00000000     0x33b4
 .debug_frame   0x00000000       0xc0 build/main.o
 .debug_frame   0x000000c0       0xc0 build/stm32f4xx_it.o
 .debug_frame   0x00000180       0xa8 build/stm32f4xx_hal_msp.o
 .debug_frame   0x00000228       0x28 build/sysmem.o
 .debug_frame   0x00000250       0x28 build/usb_device.o
 .debug_frame   0x00000278       0xe0 build/usbd_desc.o
 .debug_frame   0x00000358       0x8c build/usbd_cdc_if.o
 .debug_frame   0x000003e4      0x2e4 build/usbd_conf.o
 .debug_frame   0x000006c8      0xb20 build/stm32f4xx_hal_tim.o
 .debug_frame   0x000011e8      0x418 build/stm32f4xx_hal_tim_ex.o
 .debug_frame   0x00001600      0x388 build/stm32f4xx_hal_pcd.o
 .debug_frame   0x00001988       0x5c build/stm32f4xx_hal_pcd_ex.o
 .debug_frame   0x000019e4      0x494 build/stm32f4xx_ll_usb.o
 .debug_frame   0x00001e78      0x16c build/stm32f4xx_hal_rcc.o
 .debug_frame   0x00001fe4       0xd8 build/stm32f4xx_hal_gpio.o
 .debug_frame   0x000020bc      0x214 build/stm32f4xx_hal_cortex.o
 .debug_frame   0x000022d0      0x1ec build/stm32f4xx_hal.o
 .debug_frame   0x000024bc      0x268 build/stm32f4xx_hal_adc.o
 .debug_frame   0x00002724       0x30 build/system_stm32f4xx.o
 .debug_frame   0x00002754      0x240 build/usbd_core.o
 .debug_frame   0x00002994      0x180 build/usbd_ctlreq.o
 .debug_frame   0x00002b14       0xb8 build/usbd_ioreq.o
 .debug_frame   0x00002bcc      0x190 build/usbd_cdc.o
 .debug_frame   0x00002d5c      0x144 C:/arm-tools/arm-gnu-toolchain-14.2.rel1-mingw-w64-x86_64-arm-none-eabi/bin/../lib/gcc/arm-none-eabi/14.2.1/thumb/v7e-m+fp/hard\libc_nano.a(libc_a-findfp.o)
 .debug_frame   0x00002ea0       0x74 C:/arm-tools/arm-gnu-toolchain-14.2.rel1-mingw-w64-x86_64-arm-none-eabi/bin/../lib/gcc/arm-none-eabi/14.2.1/thumb/v7e-m+fp/hard\libc_nano.a(libc_a-sprintf.o)
 .debug_frame   0x00002f14       0x20 C:/arm-tools/arm-gnu-toolchain-14.2.rel1-mingw-w64-x86_64-arm-none-eabi/bin/../lib/gcc/arm-none-eabi/14.2.1/thumb/v7e-m+fp/hard\libc_nano.a(libc_a-memset.o)
 .debug_frame   0x00002f34       0x38 C:/arm-tools/arm-gnu-toolchain-14.2.rel1-mingw-w64-x86_64-arm-none-eabi/bin/../lib/gcc/arm-none-eabi/14.2.1/thumb/v7e-m+fp/hard\libc_nano.a(libc_a-reent.o)
 .debug_frame   0x00002f6c       0x20 C:/arm-tools/arm-gnu-toolchain-14.2.rel1-mingw-w64-x86_64-arm-none-eabi/bin/../lib/gcc/arm-none-eabi/14.2.1/thumb/v7e-m+fp/hard\libc_nano.a(libc_a-errno.o)
 .debug_frame   0x00002f8c       0x2c C:/arm-tools/arm-gnu-toolchain-14.2.rel1-mingw-w64-x86_64-arm-none-eabi/bin/../lib/gcc/arm-none-eabi/14.2.1/thumb/v7e-m+fp/hard\libc_nano.a(libc_a-init.o)
 .debug_frame   0x00002fb8       0xb0 C:/arm-tools/arm-gnu-toolchain-14.2.rel1-mingw-w64-x86_64-arm-none-eabi/bin/../lib/gcc/arm-none-eabi/14.2.1/thumb/v7e-m+fp/hard\libc_nano.a(libc_a-lock.o)
 .debug_frame   0x00003068       0x28 C:/arm-tools/arm-gnu-toolchain-14.2.rel1-mingw-w64-x86_64-arm-none-eabi/bin/../lib/gcc/arm-none-eabi/14.2.1/thumb/v7e-m+fp/hard\libc_nano.a(libc_a-memcpy-stub.o)
 .debug_frame   0x00003090       0x20 C:/arm-tools/arm-gnu-toolchain-14.2.rel1-mingw-w64-x86_64-arm-none-eabi/bin/../lib/gcc/arm-none-eabi/14.2.1/thumb/v7e-m+fp/hard\libc_nano.a(libc_a-strlen.o)
 .debug_frame   0x000030b0       0x38 C:/arm-tools/arm-gnu-toolchain-14.2.rel1-mingw-w64-x86_64-arm-none-eabi/bin/../lib/gcc/arm-none-eabi/14.2.1/thumb/v7e-m+fp/hard\libc_nano.a(libc_a-freer.o)
 .debug_frame   0x000030e8       0x50 C:/arm-tools/arm-gnu-toolchain-14.2.rel1-mingw-w64-x86_64-arm-none-eabi/bin/../lib/gcc/arm-none-eabi/14.2.1/thumb/v7e-m+fp/hard\libc_nano.a(libc_a-mallocr.o)
 .debug_frame   0x00003138       0x30 C:/arm-tools/arm-gnu-toolchain-14.2.rel1-mingw-w64-x86_64-arm-none-eabi/bin/../lib/gcc/arm-none-eabi/14.2.1/thumb/v7e-m+fp/hard\libc_nano.a(libc_a-mlock.o)
 .debug_frame   0x00003168       0x90 C:/arm-tools/arm-gnu-toolchain-14.2.rel1-mingw-w64-x86_64-arm-none-eabi/bin/../lib/gcc/arm-none-eabi/14.2.1/thumb/v7e-m+fp/hard\libc_nano.a(libc_a-nano-svfprintf.o)
 .debug_frame   0x000031f8       0x60 C:/arm-tools/arm-gnu-toolchain-14.2.rel1-mingw-w64-x86_64-arm-none-eabi/bin/../lib/gcc/arm-none-eabi/14.2.1/thumb/v7e-m+fp/hard\libc_nano.a(libc_a-nano-vfprintf_i.o)
 .debug_frame   0x00003258       0x28 C:/arm-tools/arm-gnu-toolchain-14.2.rel1-mingw-w64-x86_64-arm-none-eabi/bin/../lib/gcc/arm-none-eabi/14.2.1/thumb/v7e-m+fp/hard\libc_nano.a(libc_a-memmove.o)
 .debug_frame   0x00003280       0x2c C:/arm-tools/arm-gnu-toolchain-14.2.rel1-mingw-w64-x86_64-arm-none-eabi/bin/../lib/gcc/arm-none-eabi/14.2.1/thumb/v7e-m+fp/hard\libc_nano.a(libc_a-sbrkr.o)
 .debug_frame   0x000032ac       0x4c C:/arm-tools/arm-gnu-toolchain-14.2.rel1-mingw-w64-x86_64-arm-none-eabi/bin/../lib/gcc/arm-none-eabi/14.2.1/thumb/v7e-m+fp/hard\libc_nano.a(libc_a-memchr.o)
 .debug_frame   0x000032f8       0x3c C:/arm-tools/arm-gnu-toolchain-14.2.rel1-mingw-w64-x86_64-arm-none-eabi/bin/../lib/gcc/arm-none-eabi/14.2.1/thumb/v7e-m+fp/hard\libc_nano.a(libc_a-reallocr.o)
 .debug_frame   0x00003334       0x20 C:/arm-tools/arm-gnu-toolchain-14.2.rel1-mingw-w64-x86_64-arm-none-eabi/bin/../lib/gcc/arm-none-eabi/14.2.1/thumb/v7e-m+fp/hard\libc_nano.a(libc_a-msizer.o)
 .debug_frame   0x00003354       0x2c C:/arm-tools/arm-gnu-toolchain-14.2.rel1-mingw-w64-x86_64-arm-none-eabi/bin/../lib/gcc/arm-none-eabi/14.2.1/thumb/v7e-m+fp/hard\libgcc.a(_aeabi_uldivmod.o)
 .debug_frame   0x00003380       0x34 C:/arm-tools/arm-gnu-toolchain-14.2.rel1-mingw-w64-x86_64-arm-none-eabi/bin/../lib/gcc/arm-none-eabi/14.2.1/thumb/v7e-m+fp/hard\libgcc.a(_udivmoddi4.o)

.debug_line_str
                0x00000000      0x1d1
 .debug_line_str
                0x00000000      0x1d1 C:/arm-tools/arm-gnu-toolchain-14.2.rel1-mingw-w64-x86_64-arm-none-eabi/bin/../lib/gcc/arm-none-eabi/14.2.1/thumb/v7e-m+fp/hard\libc_nano.a(libc_a-strlen.o)
                                 0xef (size before relaxing)
 .debug_line_str
                0x000001d1       0xe5 C:/arm-tools/arm-gnu-toolchain-14.2.rel1-mingw-w64-x86_64-arm-none-eabi/bin/../lib/gcc/arm-none-eabi/14.2.1/thumb/v7e-m+fp/hard\libc_nano.a(libc_a-memchr.o)
 .debug_line_str
                0x000001d1       0xcd C:/arm-tools/arm-gnu-toolchain-14.2.rel1-mingw-w64-x86_64-arm-none-eabi/bin/../lib/gcc/arm-none-eabi/14.2.1/thumb/v7e-m+fp/hard\libgcc.a(_aeabi_uldivmod.o)
 .debug_line_str
                0x000001d1       0xd1 C:/arm-tools/arm-gnu-toolchain-14.2.rel1-mingw-w64-x86_64-arm-none-eabi/bin/../lib/gcc/arm-none-eabi/14.2.1/thumb/v7e-m+fp/hard\libgcc.a(_dvmd_tls.o)

Cross Reference Table

Symbol                                            File
ADC_IRQHandler                                    build/startup_stm32f411xe.o
AHBPrescTable                                     build/system_stm32f4xx.o
                                                  build/stm32f4xx_hal_rcc.o
APBPrescTable                                     build/system_stm32f4xx.o
                                                  build/stm32f4xx_hal_rcc.o
BusFault_Handler                                  build/stm32f4xx_it.o
CDC_Transmit_FS                                   build/usbd_cdc_if.o
                                                  build/main.o
DMA1_Stream0_IRQHandler                           build/startup_stm32f411xe.o
DMA1_Stream1_IRQHandler                           build/startup_stm32f411xe.o
DMA1_Stream2_IRQHandler                           build/startup_stm32f411xe.o
DMA1_Stream3_IRQHandler                           build/startup_stm32f411xe.o
DMA1_Stream4_IRQHandler                           build/startup_stm32f411xe.o
DMA1_Stream5_IRQHandler                           build/startup_stm32f411xe.o
DMA1_Stream6_IRQHandler                           build/startup_stm32f411xe.o
DMA1_Stream7_IRQHandler                           build/startup_stm32f411xe.o
DMA2_Stream0_IRQHandler                           build/startup_stm32f411xe.o
DMA2_Stream1_IRQHandler                           build/startup_stm32f411xe.o
DMA2_Stream2_IRQHandler                           build/startup_stm32f411xe.o
DMA2_Stream3_IRQHandler                           build/startup_stm32f411xe.o
DMA2_Stream4_IRQHandler                           build/startup_stm32f411xe.o
DMA2_Stream5_IRQHandler                           build/startup_stm32f411xe.o
DMA2_Stream6_IRQHandler                           build/startup_stm32f411xe.o
DMA2_Stream7_IRQHandler                           build/startup_stm32f411xe.o
DebugMon_Handler                                  build/stm32f4xx_it.o
Default_Handler                                   build/startup_stm32f411xe.o
EXTI0_IRQHandler                                  build/startup_stm32f411xe.o
EXTI15_10_IRQHandler                              build/startup_stm32f411xe.o
EXTI1_IRQHandler                                  build/startup_stm32f411xe.o
EXTI2_IRQHandler                                  build/startup_stm32f411xe.o
EXTI3_IRQHandler                                  build/startup_stm32f411xe.o
EXTI4_IRQHandler                                  build/startup_stm32f411xe.o
EXTI9_5_IRQHandler                                build/startup_stm32f411xe.o
Error_Handler                                     build/main.o
                                                  build/usbd_conf.o
                                                  build/usb_device.o
FLASH_Erase_Sector                                build/stm32f4xx_hal_flash_ex.o
                                                  build/stm32f4xx_hal_flash.o
FLASH_FlushCaches                                 build/stm32f4xx_hal_flash_ex.o
                                                  build/stm32f4xx_hal_flash.o
FLASH_IRQHandler                                  build/startup_stm32f411xe.o
FLASH_WaitForLastOperation                        build/stm32f4xx_hal_flash.o
                                                  build/stm32f4xx_hal_flash_ex.o
FPU_IRQHandler                                    build/startup_stm32f411xe.o
FS_Desc                                           build/usbd_desc.o
                                                  build/usb_device.o
HAL_ADCEx_InjectedConfigChannel                   build/stm32f4xx_hal_adc_ex.o
HAL_ADCEx_InjectedConvCpltCallback                build/stm32f4xx_hal_adc_ex.o
                                                  build/stm32f4xx_hal_adc.o
HAL_ADCEx_InjectedGetValue                        build/stm32f4xx_hal_adc_ex.o
HAL_ADCEx_InjectedPollForConversion               build/stm32f4xx_hal_adc_ex.o
HAL_ADCEx_InjectedStart                           build/stm32f4xx_hal_adc_ex.o
HAL_ADCEx_InjectedStart_IT                        build/stm32f4xx_hal_adc_ex.o
HAL_ADCEx_InjectedStop                            build/stm32f4xx_hal_adc_ex.o
HAL_ADCEx_InjectedStop_IT                         build/stm32f4xx_hal_adc_ex.o
HAL_ADCEx_MultiModeConfigChannel                  build/stm32f4xx_hal_adc_ex.o
HAL_ADCEx_MultiModeGetValue                       build/stm32f4xx_hal_adc_ex.o
HAL_ADCEx_MultiModeStart_DMA                      build/stm32f4xx_hal_adc_ex.o
HAL_ADCEx_MultiModeStop_DMA                       build/stm32f4xx_hal_adc_ex.o
HAL_ADC_AnalogWDGConfig                           build/stm32f4xx_hal_adc.o
HAL_ADC_ConfigChannel                             build/stm32f4xx_hal_adc.o
                                                  build/main.o
HAL_ADC_ConvCpltCallback                          build/stm32f4xx_hal_adc.o
                                                  build/stm32f4xx_hal_adc_ex.o
HAL_ADC_ConvHalfCpltCallback                      build/stm32f4xx_hal_adc.o
                                                  build/stm32f4xx_hal_adc_ex.o
HAL_ADC_DeInit                                    build/stm32f4xx_hal_adc.o
HAL_ADC_ErrorCallback                             build/stm32f4xx_hal_adc.o
                                                  build/stm32f4xx_hal_adc_ex.o
HAL_ADC_GetError                                  build/stm32f4xx_hal_adc.o
HAL_ADC_GetState                                  build/stm32f4xx_hal_adc.o
HAL_ADC_GetValue                                  build/stm32f4xx_hal_adc.o
                                                  build/main.o
HAL_ADC_IRQHandler                                build/stm32f4xx_hal_adc.o
HAL_ADC_Init                                      build/stm32f4xx_hal_adc.o
                                                  build/main.o
HAL_ADC_LevelOutOfWindowCallback                  build/stm32f4xx_hal_adc.o
HAL_ADC_MspDeInit                                 build/stm32f4xx_hal_msp.o
HAL_ADC_MspInit                                   build/stm32f4xx_hal_msp.o
HAL_ADC_PollForConversion                         build/stm32f4xx_hal_adc.o
                                                  build/main.o
HAL_ADC_PollForEvent                              build/stm32f4xx_hal_adc.o
HAL_ADC_Start                                     build/stm32f4xx_hal_adc.o
                                                  build/main.o
HAL_ADC_Start_DMA                                 build/stm32f4xx_hal_adc.o
HAL_ADC_Start_IT                                  build/stm32f4xx_hal_adc.o
HAL_ADC_Stop                                      build/stm32f4xx_hal_adc.o
                                                  build/main.o
HAL_ADC_Stop_DMA                                  build/stm32f4xx_hal_adc.o
HAL_ADC_Stop_IT                                   build/stm32f4xx_hal_adc.o
HAL_CORTEX_ClearEvent                             build/stm32f4xx_hal_cortex.o
HAL_DBGMCU_DisableDBGSleepMode                    build/stm32f4xx_hal.o
HAL_DBGMCU_DisableDBGStandbyMode                  build/stm32f4xx_hal.o
HAL_DBGMCU_DisableDBGStopMode                     build/stm32f4xx_hal.o
HAL_DBGMCU_EnableDBGSleepMode                     build/stm32f4xx_hal.o
HAL_DBGMCU_EnableDBGStandbyMode                   build/stm32f4xx_hal.o
HAL_DBGMCU_EnableDBGStopMode                      build/stm32f4xx_hal.o
HAL_DMAEx_ChangeMemory                            build/stm32f4xx_hal_dma_ex.o
HAL_DMAEx_MultiBufferStart                        build/stm32f4xx_hal_dma_ex.o
HAL_DMAEx_MultiBufferStart_IT                     build/stm32f4xx_hal_dma_ex.o
HAL_DMA_Abort                                     build/stm32f4xx_hal_dma.o
                                                  build/stm32f4xx_hal_adc_ex.o
                                                  build/stm32f4xx_hal_adc.o
HAL_DMA_Abort_IT                                  build/stm32f4xx_hal_dma.o
                                                  build/stm32f4xx_hal_tim_ex.o
                                                  build/stm32f4xx_hal_tim.o
HAL_DMA_DeInit                                    build/stm32f4xx_hal_dma.o
HAL_DMA_GetError                                  build/stm32f4xx_hal_dma.o
HAL_DMA_GetState                                  build/stm32f4xx_hal_dma.o
HAL_DMA_IRQHandler                                build/stm32f4xx_hal_dma.o
HAL_DMA_Init                                      build/stm32f4xx_hal_dma.o
HAL_DMA_PollForTransfer                           build/stm32f4xx_hal_dma.o
HAL_DMA_RegisterCallback                          build/stm32f4xx_hal_dma.o
HAL_DMA_Start                                     build/stm32f4xx_hal_dma.o
HAL_DMA_Start_IT                                  build/stm32f4xx_hal_dma.o
                                                  build/stm32f4xx_hal_adc_ex.o
                                                  build/stm32f4xx_hal_adc.o
                                                  build/stm32f4xx_hal_tim_ex.o
                                                  build/stm32f4xx_hal_tim.o
HAL_DMA_UnRegisterCallback                        build/stm32f4xx_hal_dma.o
HAL_DeInit                                        build/stm32f4xx_hal.o
HAL_Delay                                         build/stm32f4xx_hal.o
                                                  build/stm32f4xx_ll_usb.o
                                                  build/usbd_conf.o
                                                  build/main.o
HAL_DisableCompensationCell                       build/stm32f4xx_hal.o
HAL_EXTI_ClearConfigLine                          build/stm32f4xx_hal_exti.o
HAL_EXTI_ClearPending                             build/stm32f4xx_hal_exti.o
HAL_EXTI_GenerateSWI                              build/stm32f4xx_hal_exti.o
HAL_EXTI_GetConfigLine                            build/stm32f4xx_hal_exti.o
HAL_EXTI_GetHandle                                build/stm32f4xx_hal_exti.o
HAL_EXTI_GetPending                               build/stm32f4xx_hal_exti.o
HAL_EXTI_IRQHandler                               build/stm32f4xx_hal_exti.o