ARM GAS  C:\Users\HOTEL-~1\AppData\Local\Temp\ccH7tJnp.s 			page 1


   1              		.cpu cortex-m4
   2              		.arch armv7e-m
   3              		.fpu fpv4-sp-d16
   4              		.eabi_attribute 27, 1
   5              		.eabi_attribute 28, 1
   6              		.eabi_attribute 20, 1
   7              		.eabi_attribute 21, 1
   8              		.eabi_attribute 23, 3
   9              		.eabi_attribute 24, 1
  10              		.eabi_attribute 25, 1
  11              		.eabi_attribute 26, 1
  12              		.eabi_attribute 30, 1
  13              		.eabi_attribute 34, 1
  14              		.eabi_attribute 18, 4
  15              		.file	"usbd_cdc_if.c"
  16              		.text
  17              	.Ltext0:
  18              		.cfi_sections	.debug_frame
  19              		.file 1 "USB_DEVICE/App/usbd_cdc_if.c"
  20              		.section	.text.CDC_DeInit_FS,"ax",%progbits
  21              		.align	1
  22              		.syntax unified
  23              		.thumb
  24              		.thumb_func
  26              	CDC_DeInit_FS:
  27              	.LFB225:
   1:USB_DEVICE/App/usbd_cdc_if.c **** /* USER CODE BEGIN Header */
   2:USB_DEVICE/App/usbd_cdc_if.c **** /**
   3:USB_DEVICE/App/usbd_cdc_if.c ****   ******************************************************************************
   4:USB_DEVICE/App/usbd_cdc_if.c ****   * @file           : usbd_cdc_if.c
   5:USB_DEVICE/App/usbd_cdc_if.c ****   * @version        : v1.0_Cube
   6:USB_DEVICE/App/usbd_cdc_if.c ****   * @brief          : Usb device for Virtual Com Port.
   7:USB_DEVICE/App/usbd_cdc_if.c ****   ******************************************************************************
   8:USB_DEVICE/App/usbd_cdc_if.c ****   * @attention
   9:USB_DEVICE/App/usbd_cdc_if.c ****   *
  10:USB_DEVICE/App/usbd_cdc_if.c ****   * Copyright (c) 2025 STMicroelectronics.
  11:USB_DEVICE/App/usbd_cdc_if.c ****   * All rights reserved.
  12:USB_DEVICE/App/usbd_cdc_if.c ****   *
  13:USB_DEVICE/App/usbd_cdc_if.c ****   * This software is licensed under terms that can be found in the LICENSE file
  14:USB_DEVICE/App/usbd_cdc_if.c ****   * in the root directory of this software component.
  15:USB_DEVICE/App/usbd_cdc_if.c ****   * If no LICENSE file comes with this software, it is provided AS-IS.
  16:USB_DEVICE/App/usbd_cdc_if.c ****   *
  17:USB_DEVICE/App/usbd_cdc_if.c ****   ******************************************************************************
  18:USB_DEVICE/App/usbd_cdc_if.c ****   */
  19:USB_DEVICE/App/usbd_cdc_if.c **** /* USER CODE END Header */
  20:USB_DEVICE/App/usbd_cdc_if.c **** 
  21:USB_DEVICE/App/usbd_cdc_if.c **** /* Includes ------------------------------------------------------------------*/
  22:USB_DEVICE/App/usbd_cdc_if.c **** #include "usbd_cdc_if.h"
  23:USB_DEVICE/App/usbd_cdc_if.c **** 
  24:USB_DEVICE/App/usbd_cdc_if.c **** /* USER CODE BEGIN INCLUDE */
  25:USB_DEVICE/App/usbd_cdc_if.c **** 
  26:USB_DEVICE/App/usbd_cdc_if.c **** /* USER CODE END INCLUDE */
  27:USB_DEVICE/App/usbd_cdc_if.c **** 
  28:USB_DEVICE/App/usbd_cdc_if.c **** /* Private typedef -----------------------------------------------------------*/
  29:USB_DEVICE/App/usbd_cdc_if.c **** /* Private define ------------------------------------------------------------*/
  30:USB_DEVICE/App/usbd_cdc_if.c **** /* Private macro -------------------------------------------------------------*/
  31:USB_DEVICE/App/usbd_cdc_if.c **** 
ARM GAS  C:\Users\HOTEL-~1\AppData\Local\Temp\ccH7tJnp.s 			page 2


  32:USB_DEVICE/App/usbd_cdc_if.c **** /* USER CODE BEGIN PV */
  33:USB_DEVICE/App/usbd_cdc_if.c **** /* Private variables ---------------------------------------------------------*/
  34:USB_DEVICE/App/usbd_cdc_if.c **** extern uint8_t gUSBRxBuffer[255];
  35:USB_DEVICE/App/usbd_cdc_if.c **** /* USER CODE END PV */
  36:USB_DEVICE/App/usbd_cdc_if.c **** 
  37:USB_DEVICE/App/usbd_cdc_if.c **** /** @addtogroup STM32_USB_OTG_DEVICE_LIBRARY
  38:USB_DEVICE/App/usbd_cdc_if.c ****   * @brief Usb device library.
  39:USB_DEVICE/App/usbd_cdc_if.c ****   * @{
  40:USB_DEVICE/App/usbd_cdc_if.c ****   */
  41:USB_DEVICE/App/usbd_cdc_if.c **** 
  42:USB_DEVICE/App/usbd_cdc_if.c **** /** @addtogroup USBD_CDC_IF
  43:USB_DEVICE/App/usbd_cdc_if.c ****   * @{
  44:USB_DEVICE/App/usbd_cdc_if.c ****   */
  45:USB_DEVICE/App/usbd_cdc_if.c **** 
  46:USB_DEVICE/App/usbd_cdc_if.c **** /** @defgroup USBD_CDC_IF_Private_TypesDefinitions USBD_CDC_IF_Private_TypesDefinitions
  47:USB_DEVICE/App/usbd_cdc_if.c ****   * @brief Private types.
  48:USB_DEVICE/App/usbd_cdc_if.c ****   * @{
  49:USB_DEVICE/App/usbd_cdc_if.c ****   */
  50:USB_DEVICE/App/usbd_cdc_if.c **** 
  51:USB_DEVICE/App/usbd_cdc_if.c **** /* USER CODE BEGIN PRIVATE_TYPES */
  52:USB_DEVICE/App/usbd_cdc_if.c **** 
  53:USB_DEVICE/App/usbd_cdc_if.c **** /* USER CODE END PRIVATE_TYPES */
  54:USB_DEVICE/App/usbd_cdc_if.c **** 
  55:USB_DEVICE/App/usbd_cdc_if.c **** /**
  56:USB_DEVICE/App/usbd_cdc_if.c ****   * @}
  57:USB_DEVICE/App/usbd_cdc_if.c ****   */
  58:USB_DEVICE/App/usbd_cdc_if.c **** 
  59:USB_DEVICE/App/usbd_cdc_if.c **** /** @defgroup USBD_CDC_IF_Private_Defines USBD_CDC_IF_Private_Defines
  60:USB_DEVICE/App/usbd_cdc_if.c ****   * @brief Private defines.
  61:USB_DEVICE/App/usbd_cdc_if.c ****   * @{
  62:USB_DEVICE/App/usbd_cdc_if.c ****   */
  63:USB_DEVICE/App/usbd_cdc_if.c **** 
  64:USB_DEVICE/App/usbd_cdc_if.c **** /* USER CODE BEGIN PRIVATE_DEFINES */
  65:USB_DEVICE/App/usbd_cdc_if.c **** /* USER CODE END PRIVATE_DEFINES */
  66:USB_DEVICE/App/usbd_cdc_if.c **** 
  67:USB_DEVICE/App/usbd_cdc_if.c **** /**
  68:USB_DEVICE/App/usbd_cdc_if.c ****   * @}
  69:USB_DEVICE/App/usbd_cdc_if.c ****   */
  70:USB_DEVICE/App/usbd_cdc_if.c **** 
  71:USB_DEVICE/App/usbd_cdc_if.c **** /** @defgroup USBD_CDC_IF_Private_Macros USBD_CDC_IF_Private_Macros
  72:USB_DEVICE/App/usbd_cdc_if.c ****   * @brief Private macros.
  73:USB_DEVICE/App/usbd_cdc_if.c ****   * @{
  74:USB_DEVICE/App/usbd_cdc_if.c ****   */
  75:USB_DEVICE/App/usbd_cdc_if.c **** 
  76:USB_DEVICE/App/usbd_cdc_if.c **** /* USER CODE BEGIN PRIVATE_MACRO */
  77:USB_DEVICE/App/usbd_cdc_if.c **** 
  78:USB_DEVICE/App/usbd_cdc_if.c **** /* USER CODE END PRIVATE_MACRO */
  79:USB_DEVICE/App/usbd_cdc_if.c **** 
  80:USB_DEVICE/App/usbd_cdc_if.c **** /**
  81:USB_DEVICE/App/usbd_cdc_if.c ****   * @}
  82:USB_DEVICE/App/usbd_cdc_if.c ****   */
  83:USB_DEVICE/App/usbd_cdc_if.c **** 
  84:USB_DEVICE/App/usbd_cdc_if.c **** /** @defgroup USBD_CDC_IF_Private_Variables USBD_CDC_IF_Private_Variables
  85:USB_DEVICE/App/usbd_cdc_if.c ****   * @brief Private variables.
  86:USB_DEVICE/App/usbd_cdc_if.c ****   * @{
  87:USB_DEVICE/App/usbd_cdc_if.c ****   */
  88:USB_DEVICE/App/usbd_cdc_if.c **** /* Create buffer for reception and transmission           */
ARM GAS  C:\Users\HOTEL-~1\AppData\Local\Temp\ccH7tJnp.s 			page 3


  89:USB_DEVICE/App/usbd_cdc_if.c **** /* It's up to user to redefine and/or remove those define */
  90:USB_DEVICE/App/usbd_cdc_if.c **** /** Received data over USB are stored in this buffer      */
  91:USB_DEVICE/App/usbd_cdc_if.c **** uint8_t UserRxBufferFS[APP_RX_DATA_SIZE];
  92:USB_DEVICE/App/usbd_cdc_if.c **** 
  93:USB_DEVICE/App/usbd_cdc_if.c **** /** Data to send over USB CDC are stored in this buffer   */
  94:USB_DEVICE/App/usbd_cdc_if.c **** uint8_t UserTxBufferFS[APP_TX_DATA_SIZE];
  95:USB_DEVICE/App/usbd_cdc_if.c **** 
  96:USB_DEVICE/App/usbd_cdc_if.c **** /* USER CODE BEGIN PRIVATE_VARIABLES */
  97:USB_DEVICE/App/usbd_cdc_if.c **** 
  98:USB_DEVICE/App/usbd_cdc_if.c **** /* USER CODE END PRIVATE_VARIABLES */
  99:USB_DEVICE/App/usbd_cdc_if.c **** 
 100:USB_DEVICE/App/usbd_cdc_if.c **** /**
 101:USB_DEVICE/App/usbd_cdc_if.c ****   * @}
 102:USB_DEVICE/App/usbd_cdc_if.c ****   */
 103:USB_DEVICE/App/usbd_cdc_if.c **** 
 104:USB_DEVICE/App/usbd_cdc_if.c **** /** @defgroup USBD_CDC_IF_Exported_Variables USBD_CDC_IF_Exported_Variables
 105:USB_DEVICE/App/usbd_cdc_if.c ****   * @brief Public variables.
 106:USB_DEVICE/App/usbd_cdc_if.c ****   * @{
 107:USB_DEVICE/App/usbd_cdc_if.c ****   */
 108:USB_DEVICE/App/usbd_cdc_if.c **** 
 109:USB_DEVICE/App/usbd_cdc_if.c **** extern USBD_HandleTypeDef hUsbDeviceFS;
 110:USB_DEVICE/App/usbd_cdc_if.c **** 
 111:USB_DEVICE/App/usbd_cdc_if.c **** /* USER CODE BEGIN EXPORTED_VARIABLES */
 112:USB_DEVICE/App/usbd_cdc_if.c **** 
 113:USB_DEVICE/App/usbd_cdc_if.c **** /* USER CODE END EXPORTED_VARIABLES */
 114:USB_DEVICE/App/usbd_cdc_if.c **** 
 115:USB_DEVICE/App/usbd_cdc_if.c **** /**
 116:USB_DEVICE/App/usbd_cdc_if.c ****   * @}
 117:USB_DEVICE/App/usbd_cdc_if.c ****   */
 118:USB_DEVICE/App/usbd_cdc_if.c **** 
 119:USB_DEVICE/App/usbd_cdc_if.c **** /** @defgroup USBD_CDC_IF_Private_FunctionPrototypes USBD_CDC_IF_Private_FunctionPrototypes
 120:USB_DEVICE/App/usbd_cdc_if.c ****   * @brief Private functions declaration.
 121:USB_DEVICE/App/usbd_cdc_if.c ****   * @{
 122:USB_DEVICE/App/usbd_cdc_if.c ****   */
 123:USB_DEVICE/App/usbd_cdc_if.c **** 
 124:USB_DEVICE/App/usbd_cdc_if.c **** static int8_t CDC_Init_FS(void);
 125:USB_DEVICE/App/usbd_cdc_if.c **** static int8_t CDC_DeInit_FS(void);
 126:USB_DEVICE/App/usbd_cdc_if.c **** static int8_t CDC_Control_FS(uint8_t cmd, uint8_t* pbuf, uint16_t length);
 127:USB_DEVICE/App/usbd_cdc_if.c **** static int8_t CDC_Receive_FS(uint8_t* pbuf, uint32_t *Len);
 128:USB_DEVICE/App/usbd_cdc_if.c **** static int8_t CDC_TransmitCplt_FS(uint8_t *pbuf, uint32_t *Len, uint8_t epnum);
 129:USB_DEVICE/App/usbd_cdc_if.c **** 
 130:USB_DEVICE/App/usbd_cdc_if.c **** /* USER CODE BEGIN PRIVATE_FUNCTIONS_DECLARATION */
 131:USB_DEVICE/App/usbd_cdc_if.c **** 
 132:USB_DEVICE/App/usbd_cdc_if.c **** /* USER CODE END PRIVATE_FUNCTIONS_DECLARATION */
 133:USB_DEVICE/App/usbd_cdc_if.c **** 
 134:USB_DEVICE/App/usbd_cdc_if.c **** /**
 135:USB_DEVICE/App/usbd_cdc_if.c ****   * @}
 136:USB_DEVICE/App/usbd_cdc_if.c ****   */
 137:USB_DEVICE/App/usbd_cdc_if.c **** 
 138:USB_DEVICE/App/usbd_cdc_if.c **** USBD_CDC_ItfTypeDef USBD_Interface_fops_FS =
 139:USB_DEVICE/App/usbd_cdc_if.c **** {
 140:USB_DEVICE/App/usbd_cdc_if.c ****   CDC_Init_FS,
 141:USB_DEVICE/App/usbd_cdc_if.c ****   CDC_DeInit_FS,
 142:USB_DEVICE/App/usbd_cdc_if.c ****   CDC_Control_FS,
 143:USB_DEVICE/App/usbd_cdc_if.c ****   CDC_Receive_FS,
 144:USB_DEVICE/App/usbd_cdc_if.c ****   CDC_TransmitCplt_FS
 145:USB_DEVICE/App/usbd_cdc_if.c **** };
ARM GAS  C:\Users\HOTEL-~1\AppData\Local\Temp\ccH7tJnp.s 			page 4


 146:USB_DEVICE/App/usbd_cdc_if.c **** 
 147:USB_DEVICE/App/usbd_cdc_if.c **** /* Private functions ---------------------------------------------------------*/
 148:USB_DEVICE/App/usbd_cdc_if.c **** /**
 149:USB_DEVICE/App/usbd_cdc_if.c ****   * @brief  Initializes the CDC media low layer over the FS USB IP
 150:USB_DEVICE/App/usbd_cdc_if.c ****   * @retval USBD_OK if all operations are OK else USBD_FAIL
 151:USB_DEVICE/App/usbd_cdc_if.c ****   */
 152:USB_DEVICE/App/usbd_cdc_if.c **** static int8_t CDC_Init_FS(void)
 153:USB_DEVICE/App/usbd_cdc_if.c **** {
 154:USB_DEVICE/App/usbd_cdc_if.c ****   /* USER CODE BEGIN 3 */
 155:USB_DEVICE/App/usbd_cdc_if.c ****   /* Set Application Buffers */
 156:USB_DEVICE/App/usbd_cdc_if.c ****   USBD_CDC_SetTxBuffer(&hUsbDeviceFS, UserTxBufferFS, 0);
 157:USB_DEVICE/App/usbd_cdc_if.c ****   USBD_CDC_SetRxBuffer(&hUsbDeviceFS, UserRxBufferFS);
 158:USB_DEVICE/App/usbd_cdc_if.c ****   return (USBD_OK);
 159:USB_DEVICE/App/usbd_cdc_if.c ****   /* USER CODE END 3 */
 160:USB_DEVICE/App/usbd_cdc_if.c **** }
 161:USB_DEVICE/App/usbd_cdc_if.c **** 
 162:USB_DEVICE/App/usbd_cdc_if.c **** /**
 163:USB_DEVICE/App/usbd_cdc_if.c ****   * @brief  DeInitializes the CDC media low layer
 164:USB_DEVICE/App/usbd_cdc_if.c ****   * @retval USBD_OK if all operations are OK else USBD_FAIL
 165:USB_DEVICE/App/usbd_cdc_if.c ****   */
 166:USB_DEVICE/App/usbd_cdc_if.c **** static int8_t CDC_DeInit_FS(void)
 167:USB_DEVICE/App/usbd_cdc_if.c **** {
  28              		.loc 1 167 1 view -0
  29              		.cfi_startproc
  30              		@ args = 0, pretend = 0, frame = 0
  31              		@ frame_needed = 0, uses_anonymous_args = 0
  32              		@ link register save eliminated.
 168:USB_DEVICE/App/usbd_cdc_if.c ****   /* USER CODE BEGIN 4 */
 169:USB_DEVICE/App/usbd_cdc_if.c ****   return (USBD_OK);
  33              		.loc 1 169 3 view .LVU1
 170:USB_DEVICE/App/usbd_cdc_if.c ****   /* USER CODE END 4 */
 171:USB_DEVICE/App/usbd_cdc_if.c **** }
  34              		.loc 1 171 1 is_stmt 0 view .LVU2
  35 0000 0020     		movs	r0, #0
  36 0002 7047     		bx	lr
  37              		.cfi_endproc
  38              	.LFE225:
  40              		.section	.text.CDC_Control_FS,"ax",%progbits
  41              		.align	1
  42              		.syntax unified
  43              		.thumb
  44              		.thumb_func
  46              	CDC_Control_FS:
  47              	.LVL0:
  48              	.LFB226:
 172:USB_DEVICE/App/usbd_cdc_if.c **** 
 173:USB_DEVICE/App/usbd_cdc_if.c **** /**
 174:USB_DEVICE/App/usbd_cdc_if.c ****   * @brief  Manage the CDC class requests
 175:USB_DEVICE/App/usbd_cdc_if.c ****   * @param  cmd: Command code
 176:USB_DEVICE/App/usbd_cdc_if.c ****   * @param  pbuf: Buffer containing command data (request parameters)
 177:USB_DEVICE/App/usbd_cdc_if.c ****   * @param  length: Number of data to be sent (in bytes)
 178:USB_DEVICE/App/usbd_cdc_if.c ****   * @retval Result of the operation: USBD_OK if all operations are OK else USBD_FAIL
 179:USB_DEVICE/App/usbd_cdc_if.c ****   */
 180:USB_DEVICE/App/usbd_cdc_if.c **** static int8_t CDC_Control_FS(uint8_t cmd, uint8_t* pbuf, uint16_t length)
 181:USB_DEVICE/App/usbd_cdc_if.c **** {
  49              		.loc 1 181 1 is_stmt 1 view -0
  50              		.cfi_startproc
ARM GAS  C:\Users\HOTEL-~1\AppData\Local\Temp\ccH7tJnp.s 			page 5


  51              		@ args = 0, pretend = 0, frame = 0
  52              		@ frame_needed = 0, uses_anonymous_args = 0
  53              		@ link register save eliminated.
 182:USB_DEVICE/App/usbd_cdc_if.c ****   /* USER CODE BEGIN 5 */
 183:USB_DEVICE/App/usbd_cdc_if.c ****   switch(cmd)
  54              		.loc 1 183 3 view .LVU4
 184:USB_DEVICE/App/usbd_cdc_if.c ****   {
 185:USB_DEVICE/App/usbd_cdc_if.c ****     case CDC_SEND_ENCAPSULATED_COMMAND:
 186:USB_DEVICE/App/usbd_cdc_if.c **** 
 187:USB_DEVICE/App/usbd_cdc_if.c ****     break;
 188:USB_DEVICE/App/usbd_cdc_if.c **** 
 189:USB_DEVICE/App/usbd_cdc_if.c ****     case CDC_GET_ENCAPSULATED_RESPONSE:
 190:USB_DEVICE/App/usbd_cdc_if.c **** 
 191:USB_DEVICE/App/usbd_cdc_if.c ****     break;
 192:USB_DEVICE/App/usbd_cdc_if.c **** 
 193:USB_DEVICE/App/usbd_cdc_if.c ****     case CDC_SET_COMM_FEATURE:
 194:USB_DEVICE/App/usbd_cdc_if.c **** 
 195:USB_DEVICE/App/usbd_cdc_if.c ****     break;
 196:USB_DEVICE/App/usbd_cdc_if.c **** 
 197:USB_DEVICE/App/usbd_cdc_if.c ****     case CDC_GET_COMM_FEATURE:
 198:USB_DEVICE/App/usbd_cdc_if.c **** 
 199:USB_DEVICE/App/usbd_cdc_if.c ****     break;
 200:USB_DEVICE/App/usbd_cdc_if.c **** 
 201:USB_DEVICE/App/usbd_cdc_if.c ****     case CDC_CLEAR_COMM_FEATURE:
 202:USB_DEVICE/App/usbd_cdc_if.c **** 
 203:USB_DEVICE/App/usbd_cdc_if.c ****     break;
 204:USB_DEVICE/App/usbd_cdc_if.c **** 
 205:USB_DEVICE/App/usbd_cdc_if.c ****   /*******************************************************************************/
 206:USB_DEVICE/App/usbd_cdc_if.c ****   /* Line Coding Structure                                                       */
 207:USB_DEVICE/App/usbd_cdc_if.c ****   /*-----------------------------------------------------------------------------*/
 208:USB_DEVICE/App/usbd_cdc_if.c ****   /* Offset | Field       | Size | Value  | Description                          */
 209:USB_DEVICE/App/usbd_cdc_if.c ****   /* 0      | dwDTERate   |   4  | Number |Data terminal rate, in bits per second*/
 210:USB_DEVICE/App/usbd_cdc_if.c ****   /* 4      | bCharFormat |   1  | Number | Stop bits                            */
 211:USB_DEVICE/App/usbd_cdc_if.c ****   /*                                        0 - 1 Stop bit                       */
 212:USB_DEVICE/App/usbd_cdc_if.c ****   /*                                        1 - 1.5 Stop bits                    */
 213:USB_DEVICE/App/usbd_cdc_if.c ****   /*                                        2 - 2 Stop bits                      */
 214:USB_DEVICE/App/usbd_cdc_if.c ****   /* 5      | bParityType |  1   | Number | Parity                               */
 215:USB_DEVICE/App/usbd_cdc_if.c ****   /*                                        0 - None                             */
 216:USB_DEVICE/App/usbd_cdc_if.c ****   /*                                        1 - Odd                              */
 217:USB_DEVICE/App/usbd_cdc_if.c ****   /*                                        2 - Even                             */
 218:USB_DEVICE/App/usbd_cdc_if.c ****   /*                                        3 - Mark                             */
 219:USB_DEVICE/App/usbd_cdc_if.c ****   /*                                        4 - Space                            */
 220:USB_DEVICE/App/usbd_cdc_if.c ****   /* 6      | bDataBits  |   1   | Number Data bits (5, 6, 7, 8 or 16).          */
 221:USB_DEVICE/App/usbd_cdc_if.c ****   /*******************************************************************************/
 222:USB_DEVICE/App/usbd_cdc_if.c ****     case CDC_SET_LINE_CODING:
 223:USB_DEVICE/App/usbd_cdc_if.c **** 
 224:USB_DEVICE/App/usbd_cdc_if.c ****     break;
 225:USB_DEVICE/App/usbd_cdc_if.c **** 
 226:USB_DEVICE/App/usbd_cdc_if.c ****     case CDC_GET_LINE_CODING:
 227:USB_DEVICE/App/usbd_cdc_if.c **** 
 228:USB_DEVICE/App/usbd_cdc_if.c ****     break;
 229:USB_DEVICE/App/usbd_cdc_if.c **** 
 230:USB_DEVICE/App/usbd_cdc_if.c ****     case CDC_SET_CONTROL_LINE_STATE:
 231:USB_DEVICE/App/usbd_cdc_if.c **** 
 232:USB_DEVICE/App/usbd_cdc_if.c ****     break;
 233:USB_DEVICE/App/usbd_cdc_if.c **** 
 234:USB_DEVICE/App/usbd_cdc_if.c ****     case CDC_SEND_BREAK:
ARM GAS  C:\Users\HOTEL-~1\AppData\Local\Temp\ccH7tJnp.s 			page 6


 235:USB_DEVICE/App/usbd_cdc_if.c **** 
 236:USB_DEVICE/App/usbd_cdc_if.c ****     break;
 237:USB_DEVICE/App/usbd_cdc_if.c **** 
 238:USB_DEVICE/App/usbd_cdc_if.c ****   default:
 239:USB_DEVICE/App/usbd_cdc_if.c ****     break;
  55              		.loc 1 239 5 view .LVU5
 240:USB_DEVICE/App/usbd_cdc_if.c ****   }
 241:USB_DEVICE/App/usbd_cdc_if.c **** 
 242:USB_DEVICE/App/usbd_cdc_if.c ****   return (USBD_OK);
  56              		.loc 1 242 3 view .LVU6
 243:USB_DEVICE/App/usbd_cdc_if.c ****   /* USER CODE END 5 */
 244:USB_DEVICE/App/usbd_cdc_if.c **** }
  57              		.loc 1 244 1 is_stmt 0 view .LVU7
  58 0000 0020     		movs	r0, #0
  59              	.LVL1:
  60              		.loc 1 244 1 view .LVU8
  61 0002 7047     		bx	lr
  62              		.cfi_endproc
  63              	.LFE226:
  65              		.section	.text.CDC_TransmitCplt_FS,"ax",%progbits
  66              		.align	1
  67              		.syntax unified
  68              		.thumb
  69              		.thumb_func
  71              	CDC_TransmitCplt_FS:
  72              	.LVL2:
  73              	.LFB229:
 245:USB_DEVICE/App/usbd_cdc_if.c **** 
 246:USB_DEVICE/App/usbd_cdc_if.c **** /**
 247:USB_DEVICE/App/usbd_cdc_if.c ****   * @brief  Data received over USB OUT endpoint are sent over CDC interface
 248:USB_DEVICE/App/usbd_cdc_if.c ****   *         through this function.
 249:USB_DEVICE/App/usbd_cdc_if.c ****   *
 250:USB_DEVICE/App/usbd_cdc_if.c ****   *         @note
 251:USB_DEVICE/App/usbd_cdc_if.c ****   *         This function will issue a NAK packet on any OUT packet received on
 252:USB_DEVICE/App/usbd_cdc_if.c ****   *         USB endpoint until exiting this function. If you exit this function
 253:USB_DEVICE/App/usbd_cdc_if.c ****   *         before transfer is complete on CDC interface (ie. using DMA controller)
 254:USB_DEVICE/App/usbd_cdc_if.c ****   *         it will result in receiving more data while previous ones are still
 255:USB_DEVICE/App/usbd_cdc_if.c ****   *         not sent.
 256:USB_DEVICE/App/usbd_cdc_if.c ****   *
 257:USB_DEVICE/App/usbd_cdc_if.c ****   * @param  Buf: Buffer of data to be received
 258:USB_DEVICE/App/usbd_cdc_if.c ****   * @param  Len: Number of data received (in bytes)
 259:USB_DEVICE/App/usbd_cdc_if.c ****   * @retval Result of the operation: USBD_OK if all operations are OK else USBD_FAIL
 260:USB_DEVICE/App/usbd_cdc_if.c ****   */
 261:USB_DEVICE/App/usbd_cdc_if.c **** static int8_t CDC_Receive_FS(uint8_t* Buf, uint32_t *Len)
 262:USB_DEVICE/App/usbd_cdc_if.c **** {
 263:USB_DEVICE/App/usbd_cdc_if.c ****   /* USER CODE BEGIN 6 */
 264:USB_DEVICE/App/usbd_cdc_if.c ****   USBD_CDC_SetRxBuffer(&hUsbDeviceFS, &Buf[0]);
 265:USB_DEVICE/App/usbd_cdc_if.c ****   USBD_CDC_ReceivePacket(&hUsbDeviceFS);
 266:USB_DEVICE/App/usbd_cdc_if.c ****   memset(gUSBRxBuffer,0,255);
 267:USB_DEVICE/App/usbd_cdc_if.c ****   memcpy(gUSBRxBuffer,Buf,*Len);
 268:USB_DEVICE/App/usbd_cdc_if.c ****   return (USBD_OK);
 269:USB_DEVICE/App/usbd_cdc_if.c ****   /* USER CODE END 6 */
 270:USB_DEVICE/App/usbd_cdc_if.c **** }
 271:USB_DEVICE/App/usbd_cdc_if.c **** 
 272:USB_DEVICE/App/usbd_cdc_if.c **** /**
 273:USB_DEVICE/App/usbd_cdc_if.c ****   * @brief  CDC_Transmit_FS
 274:USB_DEVICE/App/usbd_cdc_if.c ****   *         Data to send over USB IN endpoint are sent over CDC interface
ARM GAS  C:\Users\HOTEL-~1\AppData\Local\Temp\ccH7tJnp.s 			page 7


 275:USB_DEVICE/App/usbd_cdc_if.c ****   *         through this function.
 276:USB_DEVICE/App/usbd_cdc_if.c ****   *         @note
 277:USB_DEVICE/App/usbd_cdc_if.c ****   *
 278:USB_DEVICE/App/usbd_cdc_if.c ****   *
 279:USB_DEVICE/App/usbd_cdc_if.c ****   * @param  Buf: Buffer of data to be sent
 280:USB_DEVICE/App/usbd_cdc_if.c ****   * @param  Len: Number of data to be sent (in bytes)
 281:USB_DEVICE/App/usbd_cdc_if.c ****   * @retval USBD_OK if all operations are OK else USBD_FAIL or USBD_BUSY
 282:USB_DEVICE/App/usbd_cdc_if.c ****   */
 283:USB_DEVICE/App/usbd_cdc_if.c **** uint8_t CDC_Transmit_FS(uint8_t* Buf, uint16_t Len)
 284:USB_DEVICE/App/usbd_cdc_if.c **** {
 285:USB_DEVICE/App/usbd_cdc_if.c ****   uint8_t result = USBD_OK;
 286:USB_DEVICE/App/usbd_cdc_if.c ****   /* USER CODE BEGIN 7 */
 287:USB_DEVICE/App/usbd_cdc_if.c ****   USBD_CDC_HandleTypeDef *hcdc = (USBD_CDC_HandleTypeDef*)hUsbDeviceFS.pClassData;
 288:USB_DEVICE/App/usbd_cdc_if.c ****   if (hcdc->TxState != 0){
 289:USB_DEVICE/App/usbd_cdc_if.c ****     return USBD_BUSY;
 290:USB_DEVICE/App/usbd_cdc_if.c ****   }
 291:USB_DEVICE/App/usbd_cdc_if.c ****   USBD_CDC_SetTxBuffer(&hUsbDeviceFS, Buf, Len);
 292:USB_DEVICE/App/usbd_cdc_if.c ****   result = USBD_CDC_TransmitPacket(&hUsbDeviceFS);
 293:USB_DEVICE/App/usbd_cdc_if.c ****   /* USER CODE END 7 */
 294:USB_DEVICE/App/usbd_cdc_if.c ****   return result;
 295:USB_DEVICE/App/usbd_cdc_if.c **** }
 296:USB_DEVICE/App/usbd_cdc_if.c **** 
 297:USB_DEVICE/App/usbd_cdc_if.c **** /**
 298:USB_DEVICE/App/usbd_cdc_if.c ****   * @brief  CDC_TransmitCplt_FS
 299:USB_DEVICE/App/usbd_cdc_if.c ****   *         Data transmitted callback
 300:USB_DEVICE/App/usbd_cdc_if.c ****   *
 301:USB_DEVICE/App/usbd_cdc_if.c ****   *         @note
 302:USB_DEVICE/App/usbd_cdc_if.c ****   *         This function is IN transfer complete callback used to inform user that
 303:USB_DEVICE/App/usbd_cdc_if.c ****   *         the submitted Data is successfully sent over USB.
 304:USB_DEVICE/App/usbd_cdc_if.c ****   *
 305:USB_DEVICE/App/usbd_cdc_if.c ****   * @param  Buf: Buffer of data to be received
 306:USB_DEVICE/App/usbd_cdc_if.c ****   * @param  Len: Number of data received (in bytes)
 307:USB_DEVICE/App/usbd_cdc_if.c ****   * @retval Result of the operation: USBD_OK if all operations are OK else USBD_FAIL
 308:USB_DEVICE/App/usbd_cdc_if.c ****   */
 309:USB_DEVICE/App/usbd_cdc_if.c **** static int8_t CDC_TransmitCplt_FS(uint8_t *Buf, uint32_t *Len, uint8_t epnum)
 310:USB_DEVICE/App/usbd_cdc_if.c **** {
  74              		.loc 1 310 1 is_stmt 1 view -0
  75              		.cfi_startproc
  76              		@ args = 0, pretend = 0, frame = 0
  77              		@ frame_needed = 0, uses_anonymous_args = 0
  78              		@ link register save eliminated.
 311:USB_DEVICE/App/usbd_cdc_if.c ****   uint8_t result = USBD_OK;
  79              		.loc 1 311 3 view .LVU10
 312:USB_DEVICE/App/usbd_cdc_if.c ****   /* USER CODE BEGIN 13 */
 313:USB_DEVICE/App/usbd_cdc_if.c ****   UNUSED(Buf);
  80              		.loc 1 313 3 view .LVU11
 314:USB_DEVICE/App/usbd_cdc_if.c ****   UNUSED(Len);
  81              		.loc 1 314 3 view .LVU12
 315:USB_DEVICE/App/usbd_cdc_if.c ****   UNUSED(epnum);
  82              		.loc 1 315 3 view .LVU13
 316:USB_DEVICE/App/usbd_cdc_if.c ****   /* USER CODE END 13 */
 317:USB_DEVICE/App/usbd_cdc_if.c ****   return result;
  83              		.loc 1 317 3 view .LVU14
 318:USB_DEVICE/App/usbd_cdc_if.c **** }
  84              		.loc 1 318 1 is_stmt 0 view .LVU15
  85 0000 0020     		movs	r0, #0
  86              	.LVL3:
ARM GAS  C:\Users\HOTEL-~1\AppData\Local\Temp\ccH7tJnp.s 			page 8


  87              		.loc 1 318 1 view .LVU16
  88 0002 7047     		bx	lr
  89              		.cfi_endproc
  90              	.LFE229:
  92              		.section	.text.CDC_Receive_FS,"ax",%progbits
  93              		.align	1
  94              		.syntax unified
  95              		.thumb
  96              		.thumb_func
  98              	CDC_Receive_FS:
  99              	.LVL4:
 100              	.LFB227:
 262:USB_DEVICE/App/usbd_cdc_if.c ****   /* USER CODE BEGIN 6 */
 101              		.loc 1 262 1 is_stmt 1 view -0
 102              		.cfi_startproc
 103              		@ args = 0, pretend = 0, frame = 0
 104              		@ frame_needed = 0, uses_anonymous_args = 0
 262:USB_DEVICE/App/usbd_cdc_if.c ****   /* USER CODE BEGIN 6 */
 105              		.loc 1 262 1 is_stmt 0 view .LVU18
 106 0000 70B5     		push	{r4, r5, r6, lr}
 107              	.LCFI0:
 108              		.cfi_def_cfa_offset 16
 109              		.cfi_offset 4, -16
 110              		.cfi_offset 5, -12
 111              		.cfi_offset 6, -8
 112              		.cfi_offset 14, -4
 113 0002 0446     		mov	r4, r0
 114 0004 0D46     		mov	r5, r1
 264:USB_DEVICE/App/usbd_cdc_if.c ****   USBD_CDC_ReceivePacket(&hUsbDeviceFS);
 115              		.loc 1 264 3 is_stmt 1 view .LVU19
 116 0006 0A4E     		ldr	r6, .L6
 117 0008 0146     		mov	r1, r0
 118              	.LVL5:
 264:USB_DEVICE/App/usbd_cdc_if.c ****   USBD_CDC_ReceivePacket(&hUsbDeviceFS);
 119              		.loc 1 264 3 is_stmt 0 view .LVU20
 120 000a 3046     		mov	r0, r6
 121              	.LVL6:
 264:USB_DEVICE/App/usbd_cdc_if.c ****   USBD_CDC_ReceivePacket(&hUsbDeviceFS);
 122              		.loc 1 264 3 view .LVU21
 123 000c FFF7FEFF 		bl	USBD_CDC_SetRxBuffer
 124              	.LVL7:
 265:USB_DEVICE/App/usbd_cdc_if.c ****   memset(gUSBRxBuffer,0,255);
 125              		.loc 1 265 3 is_stmt 1 view .LVU22
 126 0010 3046     		mov	r0, r6
 127 0012 FFF7FEFF 		bl	USBD_CDC_ReceivePacket
 128              	.LVL8:
 266:USB_DEVICE/App/usbd_cdc_if.c ****   memcpy(gUSBRxBuffer,Buf,*Len);
 129              		.loc 1 266 3 view .LVU23
 130 0016 074E     		ldr	r6, .L6+4
 131 0018 FF22     		movs	r2, #255
 132 001a 0021     		movs	r1, #0
 133 001c 3046     		mov	r0, r6
 134 001e FFF7FEFF 		bl	memset
 135              	.LVL9:
 267:USB_DEVICE/App/usbd_cdc_if.c ****   return (USBD_OK);
 136              		.loc 1 267 3 view .LVU24
 137 0022 2A68     		ldr	r2, [r5]
ARM GAS  C:\Users\HOTEL-~1\AppData\Local\Temp\ccH7tJnp.s 			page 9


 138 0024 2146     		mov	r1, r4
 139 0026 3046     		mov	r0, r6
 140 0028 FFF7FEFF 		bl	memcpy
 141              	.LVL10:
 268:USB_DEVICE/App/usbd_cdc_if.c ****   /* USER CODE END 6 */
 142              		.loc 1 268 3 view .LVU25
 270:USB_DEVICE/App/usbd_cdc_if.c **** 
 143              		.loc 1 270 1 is_stmt 0 view .LVU26
 144 002c 0020     		movs	r0, #0
 145 002e 70BD     		pop	{r4, r5, r6, pc}
 146              	.LVL11:
 147              	.L7:
 270:USB_DEVICE/App/usbd_cdc_if.c **** 
 148              		.loc 1 270 1 view .LVU27
 149              		.align	2
 150              	.L6:
 151 0030 00000000 		.word	hUsbDeviceFS
 152 0034 00000000 		.word	gUSBRxBuffer
 153              		.cfi_endproc
 154              	.LFE227:
 156              		.section	.text.CDC_Init_FS,"ax",%progbits
 157              		.align	1
 158              		.syntax unified
 159              		.thumb
 160              		.thumb_func
 162              	CDC_Init_FS:
 163              	.LFB224:
 153:USB_DEVICE/App/usbd_cdc_if.c ****   /* USER CODE BEGIN 3 */
 164              		.loc 1 153 1 is_stmt 1 view -0
 165              		.cfi_startproc
 166              		@ args = 0, pretend = 0, frame = 0
 167              		@ frame_needed = 0, uses_anonymous_args = 0
 168 0000 10B5     		push	{r4, lr}
 169              	.LCFI1:
 170              		.cfi_def_cfa_offset 8
 171              		.cfi_offset 4, -8
 172              		.cfi_offset 14, -4
 156:USB_DEVICE/App/usbd_cdc_if.c ****   USBD_CDC_SetRxBuffer(&hUsbDeviceFS, UserRxBufferFS);
 173              		.loc 1 156 3 view .LVU29
 174 0002 064C     		ldr	r4, .L10
 175 0004 0022     		movs	r2, #0
 176 0006 0649     		ldr	r1, .L10+4
 177 0008 2046     		mov	r0, r4
 178 000a FFF7FEFF 		bl	USBD_CDC_SetTxBuffer
 179              	.LVL12:
 157:USB_DEVICE/App/usbd_cdc_if.c ****   return (USBD_OK);
 180              		.loc 1 157 3 view .LVU30
 181 000e 0549     		ldr	r1, .L10+8
 182 0010 2046     		mov	r0, r4
 183 0012 FFF7FEFF 		bl	USBD_CDC_SetRxBuffer
 184              	.LVL13:
 158:USB_DEVICE/App/usbd_cdc_if.c ****   /* USER CODE END 3 */
 185              		.loc 1 158 3 view .LVU31
 160:USB_DEVICE/App/usbd_cdc_if.c **** 
 186              		.loc 1 160 1 is_stmt 0 view .LVU32
 187 0016 0020     		movs	r0, #0
 188 0018 10BD     		pop	{r4, pc}
ARM GAS  C:\Users\HOTEL-~1\AppData\Local\Temp\ccH7tJnp.s 			page 10


 189              	.L11:
 190 001a 00BF     		.align	2
 191              	.L10:
 192 001c 00000000 		.word	hUsbDeviceFS
 193 0020 00000000 		.word	UserTxBufferFS
 194 0024 00000000 		.word	UserRxBufferFS
 195              		.cfi_endproc
 196              	.LFE224:
 198              		.section	.text.CDC_Transmit_FS,"ax",%progbits
 199              		.align	1
 200              		.global	CDC_Transmit_FS
 201              		.syntax unified
 202              		.thumb
 203              		.thumb_func
 205              	CDC_Transmit_FS:
 206              	.LVL14:
 207              	.LFB228:
 284:USB_DEVICE/App/usbd_cdc_if.c ****   uint8_t result = USBD_OK;
 208              		.loc 1 284 1 is_stmt 1 view -0
 209              		.cfi_startproc
 210              		@ args = 0, pretend = 0, frame = 0
 211              		@ frame_needed = 0, uses_anonymous_args = 0
 285:USB_DEVICE/App/usbd_cdc_if.c ****   /* USER CODE BEGIN 7 */
 212              		.loc 1 285 3 view .LVU34
 287:USB_DEVICE/App/usbd_cdc_if.c ****   if (hcdc->TxState != 0){
 213              		.loc 1 287 3 view .LVU35
 287:USB_DEVICE/App/usbd_cdc_if.c ****   if (hcdc->TxState != 0){
 214              		.loc 1 287 27 is_stmt 0 view .LVU36
 215 0000 094B     		ldr	r3, .L20
 216 0002 D3F8BC32 		ldr	r3, [r3, #700]
 217              	.LVL15:
 288:USB_DEVICE/App/usbd_cdc_if.c ****     return USBD_BUSY;
 218              		.loc 1 288 3 is_stmt 1 view .LVU37
 288:USB_DEVICE/App/usbd_cdc_if.c ****     return USBD_BUSY;
 219              		.loc 1 288 11 is_stmt 0 view .LVU38
 220 0006 D3F81432 		ldr	r3, [r3, #532]
 221              	.LVL16:
 288:USB_DEVICE/App/usbd_cdc_if.c ****     return USBD_BUSY;
 222              		.loc 1 288 6 view .LVU39
 223 000a 0BB1     		cbz	r3, .L19
 289:USB_DEVICE/App/usbd_cdc_if.c ****   }
 224              		.loc 1 289 12 view .LVU40
 225 000c 0120     		movs	r0, #1
 226              	.LVL17:
 295:USB_DEVICE/App/usbd_cdc_if.c **** 
 227              		.loc 1 295 1 view .LVU41
 228 000e 7047     		bx	lr
 229              	.LVL18:
 230              	.L19:
 284:USB_DEVICE/App/usbd_cdc_if.c ****   uint8_t result = USBD_OK;
 231              		.loc 1 284 1 view .LVU42
 232 0010 10B5     		push	{r4, lr}
 233              	.LCFI2:
 234              		.cfi_def_cfa_offset 8
 235              		.cfi_offset 4, -8
 236              		.cfi_offset 14, -4
 291:USB_DEVICE/App/usbd_cdc_if.c ****   result = USBD_CDC_TransmitPacket(&hUsbDeviceFS);
ARM GAS  C:\Users\HOTEL-~1\AppData\Local\Temp\ccH7tJnp.s 			page 11


 237              		.loc 1 291 3 is_stmt 1 view .LVU43
 238 0012 054C     		ldr	r4, .L20
 239              	.LVL19:
 291:USB_DEVICE/App/usbd_cdc_if.c ****   result = USBD_CDC_TransmitPacket(&hUsbDeviceFS);
 240              		.loc 1 291 3 is_stmt 0 view .LVU44
 241 0014 0A46     		mov	r2, r1
 242 0016 0146     		mov	r1, r0
 243              	.LVL20:
 291:USB_DEVICE/App/usbd_cdc_if.c ****   result = USBD_CDC_TransmitPacket(&hUsbDeviceFS);
 244              		.loc 1 291 3 view .LVU45
 245 0018 2046     		mov	r0, r4
 246              	.LVL21:
 291:USB_DEVICE/App/usbd_cdc_if.c ****   result = USBD_CDC_TransmitPacket(&hUsbDeviceFS);
 247              		.loc 1 291 3 view .LVU46
 248 001a FFF7FEFF 		bl	USBD_CDC_SetTxBuffer
 249              	.LVL22:
 292:USB_DEVICE/App/usbd_cdc_if.c ****   /* USER CODE END 7 */
 250              		.loc 1 292 3 is_stmt 1 view .LVU47
 292:USB_DEVICE/App/usbd_cdc_if.c ****   /* USER CODE END 7 */
 251              		.loc 1 292 12 is_stmt 0 view .LVU48
 252 001e 2046     		mov	r0, r4
 253 0020 FFF7FEFF 		bl	USBD_CDC_TransmitPacket
 254              	.LVL23:
 294:USB_DEVICE/App/usbd_cdc_if.c **** }
 255              		.loc 1 294 3 is_stmt 1 view .LVU49
 295:USB_DEVICE/App/usbd_cdc_if.c **** 
 256              		.loc 1 295 1 is_stmt 0 view .LVU50
 257 0024 10BD     		pop	{r4, pc}
 258              	.L21:
 259 0026 00BF     		.align	2
 260              	.L20:
 261 0028 00000000 		.word	hUsbDeviceFS
 262              		.cfi_endproc
 263              	.LFE228:
 265              		.global	USBD_Interface_fops_FS
 266              		.section	.data.USBD_Interface_fops_FS,"aw"
 267              		.align	2
 270              	USBD_Interface_fops_FS:
 271 0000 00000000 		.word	CDC_Init_FS
 272 0004 00000000 		.word	CDC_DeInit_FS
 273 0008 00000000 		.word	CDC_Control_FS
 274 000c 00000000 		.word	CDC_Receive_FS
 275 0010 00000000 		.word	CDC_TransmitCplt_FS
 276              		.global	UserTxBufferFS
 277              		.section	.bss.UserTxBufferFS,"aw",%nobits
 278              		.align	2
 281              	UserTxBufferFS:
 282 0000 00000000 		.space	2048
 282      00000000 
 282      00000000 
 282      00000000 
 282      00000000 
 283              		.global	UserRxBufferFS
 284              		.section	.bss.UserRxBufferFS,"aw",%nobits
 285              		.align	2
 288              	UserRxBufferFS:
 289 0000 00000000 		.space	2048
ARM GAS  C:\Users\HOTEL-~1\AppData\Local\Temp\ccH7tJnp.s 			page 12


 289      00000000 
 289      00000000 
 289      00000000 
 289      00000000 
 290              		.text
 291              	.Letext0:
 292              		.file 2 "C:/arm-tools/arm-gnu-toolchain-14.2.rel1-mingw-w64-x86_64-arm-none-eabi/arm-none-eabi/inc
 293              		.file 3 "C:/arm-tools/arm-gnu-toolchain-14.2.rel1-mingw-w64-x86_64-arm-none-eabi/arm-none-eabi/inc
 294              		.file 4 "Middlewares/ST/STM32_USB_Device_Library/Core/Inc/usbd_def.h"
 295              		.file 5 "Middlewares/ST/STM32_USB_Device_Library/Class/CDC/Inc/usbd_cdc.h"
 296              		.file 6 "USB_DEVICE/App/usbd_cdc_if.h"
 297              		.file 7 "C:/arm-tools/arm-gnu-toolchain-14.2.rel1-mingw-w64-x86_64-arm-none-eabi/arm-none-eabi/inc
 298              		.file 8 "<built-in>"
ARM GAS  C:\Users\HOTEL-~1\AppData\Local\Temp\ccH7tJnp.s 			page 13


DEFINED SYMBOLS
                            *ABS*:00000000 usbd_cdc_if.c
C:\Users\HOTEL-~1\AppData\Local\Temp\ccH7tJnp.s:21     .text.CDC_DeInit_FS:00000000 $t
C:\Users\HOTEL-~1\AppData\Local\Temp\ccH7tJnp.s:26     .text.CDC_DeInit_FS:00000000 CDC_DeInit_FS
C:\Users\HOTEL-~1\AppData\Local\Temp\ccH7tJnp.s:41     .text.CDC_Control_FS:00000000 $t
C:\Users\HOTEL-~1\AppData\Local\Temp\ccH7tJnp.s:46     .text.CDC_Control_FS:00000000 CDC_Control_FS
C:\Users\HOTEL-~1\AppData\Local\Temp\ccH7tJnp.s:66     .text.CDC_TransmitCplt_FS:00000000 $t
C:\Users\HOTEL-~1\AppData\Local\Temp\ccH7tJnp.s:71     .text.CDC_TransmitCplt_FS:00000000 CDC_TransmitCplt_FS
C:\Users\HOTEL-~1\AppData\Local\Temp\ccH7tJnp.s:93     .text.CDC_Receive_FS:00000000 $t
C:\Users\HOTEL-~1\AppData\Local\Temp\ccH7tJnp.s:98     .text.CDC_Receive_FS:00000000 CDC_Receive_FS
C:\Users\HOTEL-~1\AppData\Local\Temp\ccH7tJnp.s:151    .text.CDC_Receive_FS:00000030 $d
C:\Users\HOTEL-~1\AppData\Local\Temp\ccH7tJnp.s:157    .text.CDC_Init_FS:00000000 $t
C:\Users\HOTEL-~1\AppData\Local\Temp\ccH7tJnp.s:162    .text.CDC_Init_FS:00000000 CDC_Init_FS
C:\Users\HOTEL-~1\AppData\Local\Temp\ccH7tJnp.s:192    .text.CDC_Init_FS:0000001c $d
C:\Users\HOTEL-~1\AppData\Local\Temp\ccH7tJnp.s:281    .bss.UserTxBufferFS:00000000 UserTxBufferFS
C:\Users\HOTEL-~1\AppData\Local\Temp\ccH7tJnp.s:288    .bss.UserRxBufferFS:00000000 UserRxBufferFS
C:\Users\HOTEL-~1\AppData\Local\Temp\ccH7tJnp.s:199    .text.CDC_Transmit_FS:00000000 $t
C:\Users\HOTEL-~1\AppData\Local\Temp\ccH7tJnp.s:205    .text.CDC_Transmit_FS:00000000 CDC_Transmit_FS
C:\Users\HOTEL-~1\AppData\Local\Temp\ccH7tJnp.s:261    .text.CDC_Transmit_FS:00000028 $d
C:\Users\HOTEL-~1\AppData\Local\Temp\ccH7tJnp.s:270    .data.USBD_Interface_fops_FS:00000000 USBD_Interface_fops_FS
C:\Users\HOTEL-~1\AppData\Local\Temp\ccH7tJnp.s:267    .data.USBD_Interface_fops_FS:00000000 $d
C:\Users\HOTEL-~1\AppData\Local\Temp\ccH7tJnp.s:278    .bss.UserTxBufferFS:00000000 $d
C:\Users\HOTEL-~1\AppData\Local\Temp\ccH7tJnp.s:285    .bss.UserRxBufferFS:00000000 $d

UNDEFINED SYMBOLS
USBD_CDC_SetRxBuffer
USBD_CDC_ReceivePacket
memset
memcpy
hUsbDeviceFS
gUSBRxBuffer
USBD_CDC_SetTxBuffer
USBD_CDC_TransmitPacket
